Java HotSpot(TM) 64-Bit Server VM (25.161-b12) for windows-amd64 JRE (1.8.0_161-b12), built on Dec 19 2017 17:52:25 by "java_re" with MS VC++ 10.0 (VS2010)
Memory: 4k page, physical 33469572k(22403292k free), swap 33469572k(20601608k free)
CommandLine flags: -XX:InitialHeapSize=536870912 -XX:MaxHeapSize=536870912 -XX:MaxNewSize=178958336 -XX:MaxTenuringThreshold=6 -XX:NewSize=178958336 -XX:OldPLABSize=16 -XX:OldSize=357912576 -XX:+PrintGC -XX:+PrintGCDateStamps -XX:+PrintGCDetails -XX:+PrintGCTimeStamps -XX:+UseCompressedClassPointers -XX:+UseCompressedOops -XX:+UseConcMarkSweepGC -XX:-UseLargePagesIndividualAllocation -XX:+UseParNewGC 
2018-03-04T00:00:47.022+0300: 5.189: [GC (Allocation Failure) 2018-03-04T00:00:47.022+0300: 5.189: [ParNew: 139776K->2247K(157248K), 0.0022842 secs] 139776K->2247K(506816K), 0.0024723 secs] [Times: user=0.00 sys=0.00, real=0.00 secs] 
2018-03-04T00:00:47.075+0300: 5.243: [GC (Allocation Failure) 2018-03-04T00:00:47.075+0300: 5.243: [ParNew: 142023K->5108K(157248K), 0.0042174 secs] 142023K->5108K(506816K), 0.0043616 secs] [Times: user=0.08 sys=0.00, real=0.00 secs] 
2018-03-04T00:00:47.127+0300: 5.294: [GC (Allocation Failure) 2018-03-04T00:00:47.127+0300: 5.294: [ParNew: 144884K->7294K(157248K), 0.0058312 secs] 144884K->7294K(506816K), 0.0059670 secs] [Times: user=0.00 sys=0.00, real=0.01 secs] 
2018-03-04T00:00:47.182+0300: 5.350: [GC (Allocation Failure) 2018-03-04T00:00:47.182+0300: 5.350: [ParNew: 147070K->9997K(157248K), 0.0061341 secs] 147070K->9997K(506816K), 0.0062741 secs] [Times: user=0.11 sys=0.00, real=0.01 secs] 
2018-03-04T00:00:47.232+0300: 5.399: [GC (Allocation Failure) 2018-03-04T00:00:47.232+0300: 5.399: [ParNew: 149773K->13455K(157248K), 0.0080132 secs] 149773K->13455K(506816K), 0.0081238 secs] [Times: user=0.11 sys=0.02, real=0.01 secs] 
2018-03-04T00:00:47.281+0300: 5.449: [GC (Allocation Failure) 2018-03-04T00:00:47.282+0300: 5.449: [ParNew: 153231K->11801K(157248K), 0.0175738 secs] 153231K->14992K(506816K), 0.0176898 secs] [Times: user=0.13 sys=0.00, real=0.02 secs] 
2018-03-04T00:00:47.348+0300: 5.516: [GC (Allocation Failure) 2018-03-04T00:00:47.348+0300: 5.516: [ParNew: 151577K->12033K(157248K), 0.0113259 secs] 154768K->17463K(506816K), 0.0114536 secs] [Times: user=0.11 sys=0.00, real=0.01 secs] 
2018-03-04T00:00:47.405+0300: 5.572: [GC (Allocation Failure) 2018-03-04T00:00:47.405+0300: 5.572: [ParNew: 151809K->15326K(157248K), 0.0111961 secs] 157239K->22889K(506816K), 0.0113394 secs] [Times: user=0.00 sys=0.00, real=0.01 secs] 
2018-03-04T00:00:47.460+0300: 5.628: [GC (Allocation Failure) 2018-03-04T00:00:47.460+0300: 5.628: [ParNew: 155102K->11277K(157248K), 0.0113034 secs] 162665K->20950K(506816K), 0.0114226 secs] [Times: user=0.11 sys=0.00, real=0.01 secs] 
2018-03-04T00:00:47.514+0300: 5.682: [GC (Allocation Failure) 2018-03-04T00:00:47.514+0300: 5.682: [ParNew: 151053K->16488K(157248K), 0.0131296 secs] 160726K->28217K(506816K), 0.0132396 secs] [Times: user=0.00 sys=0.00, real=0.01 secs] 
2018-03-04T00:00:47.574+0300: 5.741: [GC (Allocation Failure) 2018-03-04T00:00:47.574+0300: 5.741: [ParNew: 156264K->10971K(157248K), 0.0152146 secs] 167993K->30229K(506816K), 0.0153176 secs] [Times: user=0.11 sys=0.00, real=0.02 secs] 
2018-03-04T00:00:52.636+0300: 10.803: [GC (Allocation Failure) 2018-03-04T00:00:52.636+0300: 10.803: [ParNew: 150747K->10961K(157248K), 0.0113511 secs] 170005K->32305K(506816K), 0.0114560 secs] [Times: user=0.09 sys=0.00, real=0.01 secs] 
2018-03-04T00:00:52.705+0300: 10.873: [GC (Allocation Failure) 2018-03-04T00:00:52.705+0300: 10.873: [ParNew: 150737K->7248K(157248K), 0.0133913 secs] 172081K->35364K(506816K), 0.0134953 secs] [Times: user=0.11 sys=0.00, real=0.01 secs] 
2018-03-04T00:00:52.777+0300: 10.944: [GC (Allocation Failure) 2018-03-04T00:00:52.777+0300: 10.944: [ParNew: 147024K->13965K(157248K), 0.0112060 secs] 175140K->42082K(506816K), 0.0113250 secs] [Times: user=0.13 sys=0.00, real=0.01 secs] 
2018-03-04T00:00:52.849+0300: 11.016: [GC (Allocation Failure) 2018-03-04T00:00:52.849+0300: 11.016: [ParNew: 153741K->13126K(157248K), 0.0148348 secs] 181858K->47695K(506816K), 0.0150102 secs] [Times: user=0.11 sys=0.00, real=0.02 secs] 
2018-03-04T00:00:52.922+0300: 11.089: [GC (Allocation Failure) 2018-03-04T00:00:52.922+0300: 11.089: [ParNew: 152902K->4181K(157248K), 0.0146683 secs] 187471K->47885K(506816K), 0.0147768 secs] [Times: user=0.11 sys=0.00, real=0.02 secs] 
2018-03-04T00:00:53.004+0300: 11.171: [GC (Allocation Failure) 2018-03-04T00:00:53.004+0300: 11.171: [ParNew: 143957K->5648K(157248K), 0.0055016 secs] 187661K->49352K(506816K), 0.0056125 secs] [Times: user=0.00 sys=0.00, real=0.01 secs] 
2018-03-04T00:00:53.074+0300: 11.242: [GC (Allocation Failure) 2018-03-04T00:00:53.075+0300: 11.242: [ParNew: 145424K->9059K(157248K), 0.0117862 secs] 189128K->52763K(506816K), 0.0118953 secs] [Times: user=0.11 sys=0.00, real=0.01 secs] 
2018-03-04T00:00:53.161+0300: 11.328: [GC (Allocation Failure) 2018-03-04T00:00:53.161+0300: 11.329: [ParNew: 148835K->9664K(157248K), 0.0072966 secs] 192539K->53368K(506816K), 0.0074078 secs] [Times: user=0.00 sys=0.00, real=0.01 secs] 
2018-03-04T00:00:53.230+0300: 11.398: [GC (Allocation Failure) 2018-03-04T00:00:53.230+0300: 11.398: [ParNew: 149440K->11443K(157248K), 0.0104080 secs] 193144K->55147K(506816K), 0.0105113 secs] [Times: user=0.08 sys=0.00, real=0.01 secs] 
2018-03-04T00:00:53.303+0300: 11.471: [GC (Allocation Failure) 2018-03-04T00:00:53.303+0300: 11.471: [ParNew: 151219K->17472K(157248K), 0.0193649 secs] 194923K->65667K(506816K), 0.0194950 secs] [Times: user=0.13 sys=0.00, real=0.02 secs] 
2018-03-04T00:00:53.382+0300: 11.550: [GC (Allocation Failure) 2018-03-04T00:00:53.382+0300: 11.550: [ParNew: 157248K->7072K(157248K), 0.0242662 secs] 205443K->77235K(506816K), 0.0243653 secs] [Times: user=0.11 sys=0.02, real=0.03 secs] 
2018-03-04T00:00:58.471+0300: 16.638: [GC (Allocation Failure) 2018-03-04T00:00:58.471+0300: 16.638: [ParNew: 146848K->4572K(157248K), 0.0043442 secs] 217011K->74735K(506816K), 0.0044539 secs] [Times: user=0.00 sys=0.00, real=0.00 secs] 
2018-03-04T00:00:58.535+0300: 16.702: [GC (Allocation Failure) 2018-03-04T00:00:58.535+0300: 16.702: [ParNew: 144348K->5542K(157248K), 0.0052393 secs] 214511K->75706K(506816K), 0.0053526 secs] [Times: user=0.00 sys=0.00, real=0.00 secs] 
2018-03-04T00:00:58.604+0300: 16.771: [GC (Allocation Failure) 2018-03-04T00:00:58.604+0300: 16.771: [ParNew: 145318K->8554K(157248K), 0.0070896 secs] 215482K->78718K(506816K), 0.0072022 secs] [Times: user=0.09 sys=0.00, real=0.01 secs] 
2018-03-04T00:00:58.679+0300: 16.846: [GC (Allocation Failure) 2018-03-04T00:00:58.679+0300: 16.846: [ParNew: 148330K->9013K(157248K), 0.0070286 secs] 218494K->79176K(506816K), 0.0071665 secs] [Times: user=0.13 sys=0.00, real=0.01 secs] 
2018-03-04T00:00:58.753+0300: 16.921: [GC (Allocation Failure) 2018-03-04T00:00:58.753+0300: 16.921: [ParNew: 148789K->12257K(157248K), 0.0133892 secs] 218952K->82421K(506816K), 0.0135307 secs] [Times: user=0.13 sys=0.00, real=0.01 secs] 
2018-03-04T00:00:58.826+0300: 16.993: [GC (Allocation Failure) 2018-03-04T00:00:58.826+0300: 16.993: [ParNew: 152033K->15868K(157248K), 0.0238314 secs] 222197K->88127K(506816K), 0.0239426 secs] [Times: user=0.22 sys=0.00, real=0.02 secs] 
2018-03-04T00:00:58.910+0300: 17.077: [GC (Allocation Failure) 2018-03-04T00:00:58.910+0300: 17.077: [ParNew: 155644K->10257K(157248K), 0.0185786 secs] 227903K->84611K(506816K), 0.0186961 secs] [Times: user=0.13 sys=0.00, real=0.02 secs] 
2018-03-04T00:00:59.001+0300: 17.169: [GC (Allocation Failure) 2018-03-04T00:00:59.001+0300: 17.169: [ParNew: 150033K->13255K(157248K), 0.0160793 secs] 224387K->89705K(506816K), 0.0161854 secs] [Times: user=0.13 sys=0.00, real=0.02 secs] 
2018-03-04T00:00:59.077+0300: 17.244: [GC (Allocation Failure) 2018-03-04T00:00:59.077+0300: 17.244: [ParNew: 141847K->13304K(157248K), 0.0109175 secs] 218298K->91851K(506816K), 0.0110230 secs] [Times: user=0.00 sys=0.00, real=0.01 secs] 
2018-03-04T00:00:59.150+0300: 17.317: [GC (Allocation Failure) 2018-03-04T00:00:59.150+0300: 17.317: [ParNew: 153080K->17472K(157248K), 0.0286633 secs] 231627K->108928K(506816K), 0.0287588 secs] [Times: user=0.22 sys=0.02, real=0.03 secs] 
2018-03-04T00:00:59.250+0300: 17.418: [GC (Allocation Failure) 2018-03-04T00:00:59.250+0300: 17.418: [ParNew: 157248K->3149K(157248K), 0.0276227 secs] 248704K->112802K(506816K), 0.0277354 secs] [Times: user=0.13 sys=0.00, real=0.03 secs] 
2018-03-04T00:00:59.345+0300: 17.513: [GC (Allocation Failure) 2018-03-04T00:00:59.345+0300: 17.513: [ParNew: 142925K->3786K(157248K), 0.0051254 secs] 252578K->113438K(506816K), 0.0052252 secs] [Times: user=0.00 sys=0.00, real=0.01 secs] 
2018-03-04T00:01:04.417+0300: 22.585: [GC (Allocation Failure) 2018-03-04T00:01:04.417+0300: 22.585: [ParNew: 143562K->5156K(157248K), 0.0058769 secs] 253214K->114809K(506816K), 0.0059875 secs] [Times: user=0.13 sys=0.00, real=0.01 secs] 
2018-03-04T00:01:04.491+0300: 22.659: [GC (Allocation Failure) 2018-03-04T00:01:04.491+0300: 22.659: [ParNew: 144932K->8447K(157248K), 0.0073967 secs] 254585K->118099K(506816K), 0.0075021 secs] [Times: user=0.13 sys=0.00, real=0.01 secs] 
2018-03-04T00:01:04.565+0300: 22.732: [GC (Allocation Failure) 2018-03-04T00:01:04.565+0300: 22.732: [ParNew: 148223K->8988K(157248K), 0.0080454 secs] 257875K->118640K(506816K), 0.0081394 secs] [Times: user=0.00 sys=0.00, real=0.01 secs] 
2018-03-04T00:01:04.641+0300: 22.808: [GC (Allocation Failure) 2018-03-04T00:01:04.641+0300: 22.808: [ParNew: 148764K->13063K(157248K), 0.0099275 secs] 258416K->122715K(506816K), 0.0100267 secs] [Times: user=0.00 sys=0.00, real=0.01 secs] 
2018-03-04T00:01:04.716+0300: 22.884: [GC (Allocation Failure) 2018-03-04T00:01:04.716+0300: 22.884: [ParNew: 152839K->14869K(157248K), 0.0229063 secs] 262491K->126616K(506816K), 0.0229943 secs] [Times: user=0.20 sys=0.00, real=0.02 secs] 
2018-03-04T00:01:04.801+0300: 22.968: [GC (Allocation Failure) 2018-03-04T00:01:04.801+0300: 22.968: [ParNew: 154645K->10265K(157248K), 0.0178340 secs] 266392K->124109K(506816K), 0.0179377 secs] [Times: user=0.11 sys=0.00, real=0.02 secs] 
2018-03-04T00:01:04.877+0300: 23.045: [GC (Allocation Failure) 2018-03-04T00:01:04.877+0300: 23.045: [ParNew: 150041K->13253K(157248K), 0.0171364 secs] 263885K->129193K(506816K), 0.0172508 secs] [Times: user=0.13 sys=0.00, real=0.02 secs] 
2018-03-04T00:01:04.964+0300: 23.131: [GC (Allocation Failure) 2018-03-04T00:01:04.964+0300: 23.131: [ParNew: 153029K->14324K(157248K), 0.0114413 secs] 268969K->132360K(506816K), 0.0115663 secs] [Times: user=0.11 sys=0.00, real=0.01 secs] 
2018-03-04T00:01:05.040+0300: 23.207: [GC (Allocation Failure) 2018-03-04T00:01:05.040+0300: 23.207: [ParNew: 154100K->10386K(157248K), 0.0214664 secs] 272136K->130519K(506816K), 0.0215641 secs] [Times: user=0.14 sys=0.00, real=0.02 secs] 
2018-03-04T00:01:05.125+0300: 23.292: [GC (Allocation Failure) 2018-03-04T00:01:05.125+0300: 23.292: [ParNew: 150162K->14237K(157248K), 0.0122643 secs] 270295K->136466K(506816K), 0.0123917 secs] [Times: user=0.00 sys=0.00, real=0.01 secs] 
2018-03-04T00:01:05.199+0300: 23.366: [GC (Allocation Failure) 2018-03-04T00:01:05.199+0300: 23.366: [ParNew: 154013K->10089K(157248K), 0.0129064 secs] 276242K->134414K(506816K), 0.0130094 secs] [Times: user=0.13 sys=0.00, real=0.01 secs] 
2018-03-04T00:01:10.275+0300: 28.442: [GC (Allocation Failure) 2018-03-04T00:01:10.275+0300: 28.442: [ParNew: 149865K->14166K(157248K), 0.0178151 secs] 274190K->140588K(506816K), 0.0179224 secs] [Times: user=0.11 sys=0.00, real=0.02 secs] 
2018-03-04T00:01:10.350+0300: 28.518: [GC (Allocation Failure) 2018-03-04T00:01:10.350+0300: 28.518: [ParNew: 153942K->10075K(157248K), 0.0420158 secs] 280364K->162629K(506816K), 0.0421333 secs] [Times: user=0.30 sys=0.02, real=0.04 secs] 
2018-03-04T00:01:10.460+0300: 28.627: [GC (Allocation Failure) 2018-03-04T00:01:10.460+0300: 28.627: [ParNew: 149851K->12002K(157248K), 0.0195032 secs] 302405K->166653K(506816K), 0.0196224 secs] [Times: user=0.11 sys=0.00, real=0.02 secs] 
2018-03-04T00:01:10.540+0300: 28.707: [GC (Allocation Failure) 2018-03-04T00:01:10.540+0300: 28.707: [ParNew: 151778K->12960K(157248K), 0.0114701 secs] 306429K->169708K(506816K), 0.0115906 secs] [Times: user=0.11 sys=0.00, real=0.01 secs] 
2018-03-04T00:01:10.617+0300: 28.785: [GC (Allocation Failure) 2018-03-04T00:01:10.617+0300: 28.785: [ParNew: 152736K->14217K(157248K), 0.0130431 secs] 309484K->173061K(506816K), 0.0131578 secs] [Times: user=0.13 sys=0.00, real=0.01 secs] 
2018-03-04T00:01:10.696+0300: 28.864: [GC (Allocation Failure) 2018-03-04T00:01:10.696+0300: 28.864: [ParNew: 153993K->10182K(157248K), 0.0130037 secs] 312837K->171122K(506816K), 0.0130996 secs] [Times: user=0.13 sys=0.00, real=0.01 secs] 
2018-03-04T00:01:10.773+0300: 28.941: [GC (Allocation Failure) 2018-03-04T00:01:10.773+0300: 28.941: [ParNew: 149958K->14790K(157248K), 0.0184951 secs] 310898K->177826K(506816K), 0.0185969 secs] [Times: user=0.11 sys=0.00, real=0.02 secs] 
2018-03-04T00:01:10.853+0300: 29.020: [GC (Allocation Failure) 2018-03-04T00:01:10.853+0300: 29.020: [ParNew: 154566K->9822K(157248K), 0.0110684 secs] 317602K->174616K(506816K), 0.0112030 secs] [Times: user=0.13 sys=0.00, real=0.01 secs] 
2018-03-04T00:01:10.924+0300: 29.092: [GC (Allocation Failure) 2018-03-04T00:01:10.924+0300: 29.092: [ParNew: 149598K->12224K(157248K), 0.0191378 secs] 314392K->179115K(506816K), 0.0192538 secs] [Times: user=0.11 sys=0.00, real=0.02 secs] 
2018-03-04T00:01:11.008+0300: 29.175: [GC (Allocation Failure) 2018-03-04T00:01:11.008+0300: 29.175: [ParNew: 152000K->13288K(157248K), 0.0135674 secs] 318891K->182275K(506816K), 0.0136843 secs] [Times: user=0.13 sys=0.00, real=0.01 secs] 
2018-03-04T00:01:11.084+0300: 29.252: [GC (Allocation Failure) 2018-03-04T00:01:11.084+0300: 29.252: [ParNew: 153064K->10417K(157248K), 0.0129244 secs] 322051K->181500K(506816K), 0.0130467 secs] [Times: user=0.13 sys=0.00, real=0.01 secs] 
2018-03-04T00:01:16.160+0300: 34.327: [GC (Allocation Failure) 2018-03-04T00:01:16.160+0300: 34.327: [ParNew: 150193K->9421K(157248K), 0.0128291 secs] 321276K->182600K(506816K), 0.0129698 secs] [Times: user=0.13 sys=0.00, real=0.01 secs] 
2018-03-04T00:01:16.235+0300: 34.403: [GC (Allocation Failure) 2018-03-04T00:01:16.235+0300: 34.403: [ParNew: 149197K->9434K(157248K), 0.0138111 secs] 322376K->184710K(506816K), 0.0139385 secs] [Times: user=0.13 sys=0.00, real=0.02 secs] 
2018-03-04T00:01:16.250+0300: 34.417: [GC (CMS Initial Mark) [1 CMS-initial-mark: 175276K(349568K)] 187507K(506816K), 0.0019834 secs] [Times: user=0.00 sys=0.00, real=0.00 secs] 
2018-03-04T00:01:16.252+0300: 34.419: [CMS-concurrent-mark-start]
2018-03-04T00:01:16.318+0300: 34.486: [GC (Allocation Failure) 2018-03-04T00:01:16.318+0300: 34.486: [ParNew: 149210K->12587K(157248K), 0.0219700 secs] 324486K->189959K(506816K), 0.0220641 secs] [Times: user=0.11 sys=0.00, real=0.02 secs] 
2018-03-04T00:01:16.409+0300: 34.577: [GC (Allocation Failure) 2018-03-04T00:01:16.409+0300: 34.577: [ParNew: 152363K->11542K(157248K), 0.0122144 secs] 329735K->191011K(506816K), 0.0123448 secs] [Times: user=0.13 sys=0.00, real=0.01 secs] 
2018-03-04T00:01:16.486+0300: 34.653: [GC (Allocation Failure) 2018-03-04T00:01:16.486+0300: 34.654: [ParNew: 151318K->12596K(157248K), 0.0158876 secs] 330787K->194160K(506816K), 0.0159817 secs] [Times: user=0.11 sys=0.00, real=0.02 secs] 
2018-03-04T00:01:16.567+0300: 34.735: [GC (Allocation Failure) 2018-03-04T00:01:16.567+0300: 34.735: [ParNew: 152372K->10485K(157248K), 0.0130052 secs] 333936K->194146K(506816K), 0.0131047 secs] [Times: user=0.13 sys=0.00, real=0.01 secs] 
2018-03-04T00:01:16.643+0300: 34.811: [GC (Allocation Failure) 2018-03-04T00:01:16.643+0300: 34.811: [ParNew: 150261K->10485K(157248K), 0.0217242 secs] 333922K->196243K(506816K), 0.0218267 secs] [Times: user=0.09 sys=0.00, real=0.02 secs] 
2018-03-04T00:01:16.705+0300: 34.872: [CMS-concurrent-mark: 0.367/0.453 secs] [Times: user=1.69 sys=0.00, real=0.45 secs] 
2018-03-04T00:01:16.705+0300: 34.872: [CMS-concurrent-preclean-start]
2018-03-04T00:01:16.714+0300: 34.882: [CMS-concurrent-preclean: 0.009/0.009 secs] [Times: user=0.00 sys=0.00, real=0.01 secs] 
2018-03-04T00:01:16.714+0300: 34.882: [CMS-concurrent-abortable-preclean-start]
2018-03-04T00:01:16.730+0300: 34.897: [GC (Allocation Failure) 2018-03-04T00:01:16.730+0300: 34.897: [ParNew: 150261K->9436K(157248K), 0.0177619 secs] 336019K->197290K(506816K), 0.0179092 secs] [Times: user=0.13 sys=0.00, real=0.02 secs] 
2018-03-04T00:01:16.817+0300: 34.985: [GC (Allocation Failure) 2018-03-04T00:01:16.817+0300: 34.985: [ParNew: 149212K->12585K(157248K), 0.0211359 secs] 337066K->202534K(506816K), 0.0212450 secs] [Times: user=0.11 sys=0.00, real=0.02 secs] 
2018-03-04T00:01:16.844+0300: 35.011: [CMS-concurrent-abortable-preclean: 0.090/0.129 secs] [Times: user=0.50 sys=0.00, real=0.13 secs] 
2018-03-04T00:01:16.844+0300: 35.011: [GC (CMS Final Remark) [YG occupancy: 23787 K (157248 K)]2018-03-04T00:01:16.844+0300: 35.011: [Rescan (parallel) , 0.0044277 secs]2018-03-04T00:01:16.848+0300: 35.016: [weak refs processing, 0.0000186 secs]2018-03-04T00:01:16.848+0300: 35.016: [class unloading, 0.0007346 secs]2018-03-04T00:01:16.849+0300: 35.016: [scrub symbol table, 0.0004949 secs]2018-03-04T00:01:16.849+0300: 35.017: [scrub string table, 0.0001043 secs][1 CMS-remark: 189949K(349568K)] 213737K(506816K), 0.0059484 secs] [Times: user=0.00 sys=0.00, real=0.01 secs] 
2018-03-04T00:01:16.850+0300: 35.017: [CMS-concurrent-sweep-start]
2018-03-04T00:01:16.905+0300: 35.073: [CMS-concurrent-sweep: 0.056/0.056 secs] [Times: user=0.13 sys=0.00, real=0.06 secs] 
2018-03-04T00:01:16.905+0300: 35.073: [CMS-concurrent-reset-start]
2018-03-04T00:01:16.906+0300: 35.074: [CMS-concurrent-reset: 0.001/0.001 secs] [Times: user=0.00 sys=0.00, real=0.00 secs] 
2018-03-04T00:01:16.908+0300: 35.075: [GC (Allocation Failure) 2018-03-04T00:01:16.908+0300: 35.076: [ParNew: 152361K->12588K(157248K), 0.0113181 secs] 303613K->165937K(506816K), 0.0114509 secs] [Times: user=0.00 sys=0.00, real=0.01 secs] 
2018-03-04T00:01:16.985+0300: 35.153: [GC (Allocation Failure) 2018-03-04T00:01:16.985+0300: 35.153: [ParNew: 152364K->11535K(157248K), 0.0115621 secs] 305713K->166981K(506816K), 0.0116810 secs] [Times: user=0.00 sys=0.00, real=0.01 secs] 
2018-03-04T00:01:22.062+0300: 40.229: [GC (Allocation Failure) 2018-03-04T00:01:22.062+0300: 40.229: [ParNew: 151311K->9438K(157248K), 0.0129268 secs] 306757K->166980K(506816K), 0.0130767 secs] [Times: user=0.00 sys=0.00, real=0.01 secs] 
2018-03-04T00:01:22.143+0300: 40.310: [GC (Allocation Failure) 2018-03-04T00:01:22.143+0300: 40.310: [ParNew: 149214K->10490K(157248K), 0.0122814 secs] 306756K->170128K(506816K), 0.0123730 secs] [Times: user=0.02 sys=0.00, real=0.01 secs] 
2018-03-04T00:01:22.205+0300: 40.372: [GC (Allocation Failure) 2018-03-04T00:01:22.205+0300: 40.372: [ParNew: 150266K->14690K(157248K), 0.0620024 secs] 309904K->212479K(506816K), 0.0620983 secs] [Times: user=0.48 sys=0.00, real=0.06 secs] 
2018-03-04T00:01:22.326+0300: 40.494: [GC (Allocation Failure) 2018-03-04T00:01:22.326+0300: 40.494: [ParNew: 154466K->10230K(157248K), 0.0124421 secs] 352255K->210116K(506816K), 0.0125500 secs] [Times: user=0.11 sys=0.00, real=0.01 secs] 
2018-03-04T00:01:22.398+0300: 40.566: [GC (Allocation Failure) 2018-03-04T00:01:22.398+0300: 40.566: [ParNew: 150006K->11885K(157248K), 0.0159159 secs] 349892K->213869K(506816K), 0.0160141 secs] [Times: user=0.11 sys=0.00, real=0.02 secs] 
2018-03-04T00:01:22.475+0300: 40.642: [GC (Allocation Failure) 2018-03-04T00:01:22.475+0300: 40.642: [ParNew: 151661K->13762K(157248K), 0.0129289 secs] 353645K->217842K(506816K), 0.0130518 secs] [Times: user=0.13 sys=0.00, real=0.01 secs] 
2018-03-04T00:01:22.547+0300: 40.715: [GC (Allocation Failure) 2018-03-04T00:01:22.547+0300: 40.715: [ParNew: 153538K->9969K(157248K), 0.0127246 secs] 357618K->216146K(506816K), 0.0128418 secs] [Times: user=0.00 sys=0.00, real=0.01 secs] 
2018-03-04T00:01:22.619+0300: 40.786: [GC (Allocation Failure) 2018-03-04T00:01:22.619+0300: 40.786: [ParNew: 149745K->13660K(157248K), 0.0131113 secs] 355922K->221933K(506816K), 0.0132158 secs] [Times: user=0.13 sys=0.00, real=0.01 secs] 
2018-03-04T00:01:22.693+0300: 40.861: [GC (Allocation Failure) 2018-03-04T00:01:22.693+0300: 40.861: [ParNew: 153436K->9684K(157248K), 0.0191976 secs] 361709K->219535K(506816K), 0.0193145 secs] [Times: user=0.11 sys=0.00, real=0.02 secs] 
2018-03-04T00:01:22.772+0300: 40.939: [GC (Allocation Failure) 2018-03-04T00:01:22.772+0300: 40.940: [ParNew: 149460K->12188K(157248K), 0.0147326 secs] 359311K->224136K(506816K), 0.0148693 secs] [Times: user=0.13 sys=0.00, real=0.01 secs] 
2018-03-04T00:01:22.856+0300: 41.024: [GC (Allocation Failure) 2018-03-04T00:01:22.856+0300: 41.024: [ParNew: 151964K->14292K(157248K), 0.0113076 secs] 363912K->228336K(506816K), 0.0114151 secs] [Times: user=0.11 sys=0.00, real=0.01 secs] 
2018-03-04T00:01:22.931+0300: 41.099: [GC (Allocation Failure) 2018-03-04T00:01:22.931+0300: 41.099: [ParNew: 154068K->10377K(157248K), 0.0170991 secs] 368112K->226517K(506816K), 0.0172034 secs] [Times: user=0.09 sys=0.00, real=0.02 secs] 
2018-03-04T00:01:28.016+0300: 46.184: [GC (Allocation Failure) 2018-03-04T00:01:28.016+0300: 46.184: [ParNew: 150153K->15186K(157248K), 0.0126452 secs] 366293K->233422K(506816K), 0.0127537 secs] [Times: user=0.00 sys=0.00, real=0.01 secs] 
2018-03-04T00:01:28.093+0300: 46.261: [GC (Allocation Failure) 2018-03-04T00:01:28.093+0300: 46.261: [ParNew: 154962K->10094K(157248K), 0.0165513 secs] 373198K->230426K(506816K), 0.0166616 secs] [Times: user=0.11 sys=0.00, real=0.02 secs] 
2018-03-04T00:01:28.171+0300: 46.339: [GC (Allocation Failure) 2018-03-04T00:01:28.171+0300: 46.339: [ParNew: 149870K->13233K(157248K), 0.0169227 secs] 370202K->235662K(506816K), 0.0170306 secs] [Times: user=0.11 sys=0.00, real=0.02 secs] 
2018-03-04T00:01:28.254+0300: 46.422: [GC (Allocation Failure) 2018-03-04T00:01:28.254+0300: 46.422: [ParNew: 153009K->13297K(157248K), 0.0111748 secs] 375438K->237823K(506816K), 0.0112757 secs] [Times: user=0.13 sys=0.00, real=0.01 secs] 
2018-03-04T00:01:28.328+0300: 46.496: [GC (Allocation Failure) 2018-03-04T00:01:28.328+0300: 46.496: [ParNew: 153073K->12510K(157248K), 0.0115290 secs] 377599K->239132K(506816K), 0.0116209 secs] [Times: user=0.00 sys=0.00, real=0.01 secs] 
2018-03-04T00:01:28.411+0300: 46.579: [GC (Allocation Failure) 2018-03-04T00:01:28.411+0300: 46.579: [ParNew: 152286K->10469K(157248K), 0.0125398 secs] 378908K->239187K(506816K), 0.0126738 secs] [Times: user=0.13 sys=0.00, real=0.01 secs] 
2018-03-04T00:01:28.489+0300: 46.657: [GC (Allocation Failure) 2018-03-04T00:01:28.489+0300: 46.657: [ParNew: 150245K->9434K(157248K), 0.0128339 secs] 378963K->240248K(506816K), 0.0129514 secs] [Times: user=0.11 sys=0.00, real=0.01 secs] 
2018-03-04T00:01:28.564+0300: 46.731: [GC (Allocation Failure) 2018-03-04T00:01:28.564+0300: 46.731: [ParNew: 149210K->10488K(157248K), 0.0217897 secs] 380024K->243399K(506816K), 0.0218928 secs] [Times: user=0.13 sys=0.00, real=0.02 secs] 
2018-03-04T00:01:28.653+0300: 46.821: [GC (Allocation Failure) 2018-03-04T00:01:28.653+0300: 46.821: [ParNew: 150264K->10492K(157248K), 0.0167142 secs] 383175K->245499K(506816K), 0.0168725 secs] [Times: user=0.13 sys=0.02, real=0.02 secs] 
2018-03-04T00:01:28.742+0300: 46.910: [GC (Allocation Failure) 2018-03-04T00:01:28.742+0300: 46.910: [ParNew: 150268K->11545K(157248K), 0.0111778 secs] 385275K->248647K(506816K), 0.0112886 secs] [Times: user=0.13 sys=0.00, real=0.01 secs] 
2018-03-04T00:01:28.814+0300: 46.982: [GC (Allocation Failure) 2018-03-04T00:01:28.814+0300: 46.982: [ParNew: 151321K->12598K(157248K), 0.0110918 secs] 388423K->251797K(506816K), 0.0111970 secs] [Times: user=0.00 sys=0.00, real=0.01 secs] 
2018-03-04T00:01:33.894+0300: 52.061: [GC (Allocation Failure) 2018-03-04T00:01:33.894+0300: 52.061: [ParNew: 152374K->11535K(157248K), 0.0125037 secs] 391573K->252831K(506816K), 0.0126287 secs] [Times: user=0.13 sys=0.00, real=0.01 secs] 
2018-03-04T00:01:33.971+0300: 52.139: [GC (Allocation Failure) 2018-03-04T00:01:33.971+0300: 52.139: [ParNew: 151311K->9446K(157248K), 0.0129481 secs] 392607K->252838K(506816K), 0.0130578 secs] [Times: user=0.13 sys=0.00, real=0.01 secs] 
2018-03-04T00:01:34.050+0300: 52.218: [GC (Allocation Failure) 2018-03-04T00:01:34.050+0300: 52.218: [ParNew: 149222K->9437K(157248K), 0.0130157 secs] 392614K->254925K(506816K), 0.0131329 secs] [Times: user=0.13 sys=0.00, real=0.01 secs] 
2018-03-04T00:01:34.125+0300: 52.293: [GC (Allocation Failure) 2018-03-04T00:01:34.125+0300: 52.293: [ParNew: 149213K->11534K(157248K), 0.0203105 secs] 394701K->259119K(506816K), 0.0204034 secs] [Times: user=0.11 sys=0.00, real=0.02 secs] 
2018-03-04T00:01:34.213+0300: 52.381: [GC (Allocation Failure) 2018-03-04T00:01:34.213+0300: 52.381: [ParNew: 151310K->12586K(157248K), 0.0122117 secs] 398895K->262267K(506816K), 0.0123316 secs] [Times: user=0.08 sys=0.01, real=0.01 secs] 
2018-03-04T00:01:34.288+0300: 52.456: [GC (Allocation Failure) 2018-03-04T00:01:34.288+0300: 52.456: [ParNew: 152362K->11540K(157248K), 0.0108590 secs] 402043K->263318K(506816K), 0.0109650 secs] [Times: user=0.13 sys=0.00, real=0.01 secs] 
2018-03-04T00:01:34.364+0300: 52.532: [GC (Allocation Failure) 2018-03-04T00:01:34.365+0300: 52.532: [ParNew: 151316K->9445K(157248K), 0.0136644 secs] 403094K->263318K(506816K), 0.0137792 secs] [Times: user=0.13 sys=0.00, real=0.01 secs] 
2018-03-04T00:01:34.439+0300: 52.606: [GC (Allocation Failure) 2018-03-04T00:01:34.439+0300: 52.606: [ParNew: 149221K->10497K(157248K), 0.0127687 secs] 403094K->266467K(506816K), 0.0128670 secs] [Times: user=0.02 sys=0.00, real=0.01 secs] 
2018-03-04T00:01:34.515+0300: 52.683: [GC (Allocation Failure) 2018-03-04T00:01:34.515+0300: 52.683: [ParNew: 150273K->9437K(157248K), 0.0153492 secs] 406243K->267503K(506816K), 0.0154546 secs] [Times: user=0.11 sys=0.00, real=0.02 secs] 
2018-03-04T00:01:34.590+0300: 52.758: [GC (Allocation Failure) 2018-03-04T00:01:34.590+0300: 52.758: [ParNew: 149213K->12582K(157248K), 0.0136001 secs] 407279K->272744K(506816K), 0.0137203 secs] [Times: user=0.11 sys=0.00, real=0.01 secs] 
2018-03-04T00:01:34.668+0300: 52.835: [GC (Allocation Failure) 2018-03-04T00:01:34.668+0300: 52.835: [ParNew: 152358K->11534K(157248K), 0.0111059 secs] 412520K->273793K(506816K), 0.0112129 secs] [Times: user=0.13 sys=0.00, real=0.01 secs] 
2018-03-04T00:01:39.741+0300: 57.908: [GC (Allocation Failure) 2018-03-04T00:01:39.741+0300: 57.908: [ParNew: 151310K->12586K(157248K), 0.0110549 secs] 413569K->276940K(506816K), 0.0111868 secs] [Times: user=0.13 sys=0.00, real=0.01 secs] 
2018-03-04T00:01:39.818+0300: 57.986: [GC (Allocation Failure) 2018-03-04T00:01:39.819+0300: 57.986: [ParNew: 152362K->10491K(157248K), 0.0128246 secs] 416716K->276942K(506816K), 0.0129355 secs] [Times: user=0.13 sys=0.00, real=0.01 secs] 
2018-03-04T00:01:39.895+0300: 58.063: [GC (Allocation Failure) 2018-03-04T00:01:39.895+0300: 58.063: [ParNew: 150267K->9445K(157248K), 0.0127952 secs] 416718K->277992K(506816K), 0.0129067 secs] [Times: user=0.13 sys=0.00, real=0.01 secs] 
2018-03-04T00:01:39.956+0300: 58.123: [GC (Allocation Failure) 2018-03-04T00:01:39.956+0300: 58.123: [ParNew: 149221K->14696K(157248K), 0.0895795 secs] 417768K->339422K(506816K), 0.0896940 secs] [Times: user=0.61 sys=0.02, real=0.09 secs] 
2018-03-04T00:01:40.046+0300: 58.213: [GC (CMS Initial Mark) [1 CMS-initial-mark: 324726K(349568K)] 342219K(506816K), 0.0011162 secs] [Times: user=0.00 sys=0.00, real=0.00 secs] 
2018-03-04T00:01:40.047+0300: 58.214: [CMS-concurrent-mark-start]
2018-03-04T00:01:40.110+0300: 58.278: [GC (Allocation Failure) 2018-03-04T00:01:40.111+0300: 58.278: [ParNew: 154472K->154472K(157248K), 0.0000228 secs]2018-03-04T00:01:40.111+0300: 58.278: [CMS2018-03-04T00:01:40.686+0300: 58.853: [CMS-concurrent-mark: 0.638/0.639 secs] [Times: user=1.27 sys=0.03, real=0.64 secs] 
 (concurrent mode failure): 324726K->274166K(349568K), 1.1111706 secs] 479198K->274166K(506816K), [Metaspace: 4814K->4814K(1056768K)], 1.1112884 secs] [Times: user=1.61 sys=0.03, real=1.11 secs] 
2018-03-04T00:01:41.291+0300: 59.458: [GC (Allocation Failure) 2018-03-04T00:01:41.291+0300: 59.458: [ParNew: 139776K->3788K(157248K), 0.0043054 secs] 413942K->277954K(506816K), 0.0044034 secs] [Times: user=0.02 sys=0.00, real=0.00 secs] 
2018-03-04T00:01:41.369+0300: 59.536: [GC (Allocation Failure) 2018-03-04T00:01:41.369+0300: 59.536: [ParNew: 143564K->3431K(157248K), 0.0041251 secs] 417730K->277597K(506816K), 0.0042201 secs] [Times: user=0.00 sys=0.00, real=0.00 secs] 
2018-03-04T00:01:41.441+0300: 59.608: [GC (Allocation Failure) 2018-03-04T00:01:41.441+0300: 59.608: [ParNew: 143207K->5334K(157248K), 0.0056608 secs] 417373K->279500K(506816K), 0.0057474 secs] [Times: user=0.00 sys=0.00, real=0.01 secs] 
2018-03-04T00:01:41.511+0300: 59.678: [GC (Allocation Failure) 2018-03-04T00:01:41.511+0300: 59.678: [ParNew: 145110K->8488K(157248K), 0.0077341 secs] 419276K->282654K(506816K), 0.0078311 secs] [Times: user=0.13 sys=0.00, real=0.01 secs] 
2018-03-04T00:01:41.582+0300: 59.750: [GC (Allocation Failure) 2018-03-04T00:01:41.582+0300: 59.750: [ParNew: 148264K->8992K(157248K), 0.0074561 secs] 422430K->283158K(506816K), 0.0075856 secs] [Times: user=0.00 sys=0.00, real=0.01 secs] 
2018-03-04T00:01:41.654+0300: 59.821: [GC (Allocation Failure) 2018-03-04T00:01:41.654+0300: 59.821: [ParNew: 148768K->11427K(157248K), 0.0105366 secs] 422934K->285593K(506816K), 0.0106435 secs] [Times: user=0.11 sys=0.00, real=0.01 secs] 
2018-03-04T00:01:41.728+0300: 59.895: [GC (Allocation Failure) 2018-03-04T00:01:41.728+0300: 59.895: [ParNew: 151203K->15855K(157248K), 0.0150385 secs] 425369K->292841K(506816K), 0.0151548 secs] [Times: user=0.13 sys=0.00, real=0.02 secs] 
2018-03-04T00:01:46.819+0300: 64.986: [GC (Allocation Failure) 2018-03-04T00:01:46.819+0300: 64.986: [ParNew: 155631K->10902K(157248K), 0.0117495 secs] 432617K->290255K(506816K), 0.0118622 secs] [Times: user=0.13 sys=0.00, real=0.01 secs] 
2018-03-04T00:01:46.895+0300: 65.063: [GC (Allocation Failure) 2018-03-04T00:01:46.895+0300: 65.063: [ParNew: 150678K->13268K(157248K), 0.0112063 secs] 430031K->295313K(506816K), 0.0113112 secs] [Times: user=0.13 sys=0.00, real=0.01 secs] 
2018-03-04T00:01:46.969+0300: 65.137: [GC (Allocation Failure) 2018-03-04T00:01:46.969+0300: 65.137: [ParNew: 153044K->12418K(157248K), 0.0117177 secs] 435089K->296894K(506816K), 0.0118325 secs] [Times: user=0.00 sys=0.00, real=0.01 secs] 
2018-03-04T00:01:47.051+0300: 65.219: [GC (Allocation Failure) 2018-03-04T00:01:47.051+0300: 65.219: [ParNew: 152194K->12682K(157248K), 0.0171736 secs] 436670K->299325K(506816K), 0.0172562 secs] [Times: user=0.11 sys=0.00, real=0.02 secs] 
2018-03-04T00:01:47.134+0300: 65.301: [GC (Allocation Failure) 2018-03-04T00:01:47.134+0300: 65.301: [ParNew: 152458K->10626K(157248K), 0.0218017 secs] 439101K->299365K(506816K), 0.0219138 secs] [Times: user=0.22 sys=0.00, real=0.02 secs] 
2018-03-04T00:01:47.215+0300: 65.382: [GC (Allocation Failure) 2018-03-04T00:01:47.215+0300: 65.382: [ParNew: 150402K->11707K(157248K), 0.0201374 secs] 439141K->302543K(506816K), 0.0202459 secs] [Times: user=0.22 sys=0.00, real=0.02 secs] 
2018-03-04T00:01:47.297+0300: 65.464: [GC (Allocation Failure) 2018-03-04T00:01:47.297+0300: 65.464: [ParNew: 151483K->11699K(157248K), 0.0181634 secs] 442319K->304631K(506816K), 0.0182799 secs] [Times: user=0.09 sys=0.00, real=0.02 secs] 
2018-03-04T00:01:47.374+0300: 65.542: [GC (Allocation Failure) 2018-03-04T00:01:47.374+0300: 65.542: [ParNew: 151475K->12763K(157248K), 0.0109106 secs] 444407K->307936K(506816K), 0.0110383 secs] [Times: user=0.00 sys=0.00, real=0.01 secs] 
2018-03-04T00:01:47.449+0300: 65.616: [GC (Allocation Failure) 2018-03-04T00:01:47.449+0300: 65.616: [ParNew: 152539K->11580K(157248K), 0.0116089 secs] 447712K->308849K(506816K), 0.0117195 secs] [Times: user=0.13 sys=0.00, real=0.01 secs] 
2018-03-04T00:01:47.520+0300: 65.688: [GC (Allocation Failure) 2018-03-04T00:01:47.520+0300: 65.688: [ParNew: 151356K->9452K(157248K), 0.0125350 secs] 448625K->308817K(506816K), 0.0126359 secs] [Times: user=0.13 sys=0.00, real=0.01 secs] 
2018-03-04T00:01:47.594+0300: 65.761: [GC (Allocation Failure) 2018-03-04T00:01:47.594+0300: 65.761: [ParNew: 149228K->9449K(157248K), 0.0129037 secs] 448593K->310911K(506816K), 0.0130100 secs] [Times: user=0.00 sys=0.00, real=0.01 secs] 
2018-03-04T00:01:52.672+0300: 70.840: [GC (Allocation Failure) 2018-03-04T00:01:52.673+0300: 70.840: [ParNew: 149225K->10486K(157248K), 0.0164035 secs] 450687K->314044K(506816K), 0.0165838 secs] [Times: user=0.11 sys=0.00, real=0.02 secs] 
2018-03-04T00:01:52.755+0300: 70.922: [GC (Allocation Failure) 2018-03-04T00:01:52.755+0300: 70.922: [ParNew: 150262K->11533K(157248K), 0.0113340 secs] 453820K->317187K(506816K), 0.0114587 secs] [Times: user=0.13 sys=0.00, real=0.01 secs] 
2018-03-04T00:01:52.829+0300: 70.997: [GC (Allocation Failure) 2018-03-04T00:01:52.829+0300: 70.997: [ParNew: 151309K->11535K(157248K), 0.0107120 secs] 456963K->319339K(506816K), 0.0108379 secs] [Times: user=0.00 sys=0.00, real=0.01 secs] 
2018-03-04T00:01:52.902+0300: 71.070: [GC (Allocation Failure) 2018-03-04T00:01:52.902+0300: 71.070: [ParNew: 151311K->11538K(157248K), 0.0127973 secs] 459115K->321439K(506816K), 0.0129049 secs] [Times: user=0.13 sys=0.00, real=0.01 secs] 
2018-03-04T00:01:52.981+0300: 71.149: [GC (Allocation Failure) 2018-03-04T00:01:52.981+0300: 71.149: [ParNew: 151314K->10492K(157248K), 0.0126470 secs] 461215K->322489K(506816K), 0.0127516 secs] [Times: user=0.13 sys=0.00, real=0.01 secs] 
2018-03-04T00:01:53.061+0300: 71.229: [GC (Allocation Failure) 2018-03-04T00:01:53.061+0300: 71.229: [ParNew: 150268K->9446K(157248K), 0.0137350 secs] 462265K->323539K(506816K), 0.0138366 secs] [Times: user=0.00 sys=0.00, real=0.01 secs] 
2018-03-04T00:01:53.138+0300: 71.305: [GC (Allocation Failure) 2018-03-04T00:01:53.138+0300: 71.305: [ParNew: 149222K->10498K(157248K), 0.0161226 secs] 463315K->326728K(506816K), 0.0162398 secs] [Times: user=0.13 sys=0.00, real=0.02 secs] 
2018-03-04T00:01:53.213+0300: 71.381: [GC (Allocation Failure) 2018-03-04T00:01:53.213+0300: 71.381: [ParNew: 150274K->12584K(157248K), 0.0108169 secs] 466504K->330910K(506816K), 0.0109344 secs] [Times: user=0.13 sys=0.00, real=0.01 secs] 
2018-03-04T00:01:53.284+0300: 71.451: [GC (Allocation Failure) 2018-03-04T00:01:53.284+0300: 71.451: [ParNew: 152360K->11535K(157248K), 0.0113755 secs] 470686K->331958K(506816K), 0.0114803 secs] [Times: user=0.02 sys=0.00, real=0.01 secs] 
2018-03-04T00:01:53.355+0300: 71.523: [GC (Allocation Failure) 2018-03-04T00:01:53.355+0300: 71.523: [ParNew: 151311K->10489K(157248K), 0.0130229 secs] 471734K->333008K(506816K), 0.0131161 secs] [Times: user=0.11 sys=0.00, real=0.01 secs] 
2018-03-04T00:01:53.368+0300: 71.536: [GC (CMS Initial Mark) [1 CMS-initial-mark: 322518K(349568K)] 335805K(506816K), 0.0015153 secs] [Times: user=0.00 sys=0.00, real=0.00 secs] 
2018-03-04T00:01:53.370+0300: 71.538: [CMS-concurrent-mark-start]
2018-03-04T00:01:53.438+0300: 71.605: [GC (Allocation Failure) 2018-03-04T00:01:53.438+0300: 71.605: [ParNew: 150265K->9443K(157248K), 0.0136816 secs] 472784K->334058K(506816K), 0.0137975 secs] [Times: user=0.00 sys=0.00, real=0.01 secs] 
2018-03-04T00:01:54.346+0300: 72.514: [CMS-concurrent-mark: 0.962/0.976 secs] [Times: user=2.08 sys=0.02, real=0.98 secs] 
2018-03-04T00:01:54.346+0300: 72.514: [CMS-concurrent-preclean-start]
2018-03-04T00:01:54.350+0300: 72.517: [CMS-concurrent-preclean: 0.003/0.003 secs] [Times: user=0.00 sys=0.00, real=0.00 secs] 
2018-03-04T00:01:54.350+0300: 72.517: [CMS-concurrent-abortable-preclean-start]
2018-03-04T00:01:58.527+0300: 76.694: [GC (Allocation Failure) 2018-03-04T00:01:58.527+0300: 76.694: [ParNew: 149219K->10496K(157248K), 0.0139156 secs] 473834K->337207K(506816K), 0.0140839 secs] [Times: user=0.13 sys=0.00, real=0.01 secs] 
2018-03-04T00:01:58.622+0300: 76.790: [GC (Allocation Failure) 2018-03-04T00:01:58.622+0300: 76.790: [ParNew: 150272K->10499K(157248K), 0.0177577 secs] 476983K->339307K(506816K), 0.0178773 secs] [Times: user=0.25 sys=0.00, real=0.02 secs] 
2018-03-04T00:01:58.645+0300: 76.812: [CMS-concurrent-abortable-preclean: 2.361/4.295 secs] [Times: user=2.80 sys=0.00, real=4.30 secs] 
2018-03-04T00:01:58.645+0300: 76.812: [GC (CMS Final Remark) [YG occupancy: 21702 K (157248 K)]2018-03-04T00:01:58.645+0300: 76.813: [Rescan (parallel) , 0.0039503 secs]2018-03-04T00:01:58.649+0300: 76.817: [weak refs processing, 0.0000252 secs]2018-03-04T00:01:58.649+0300: 76.817: [class unloading, 0.0006205 secs]2018-03-04T00:01:58.650+0300: 76.817: [scrub symbol table, 0.0004648 secs]2018-03-04T00:01:58.650+0300: 76.818: [scrub string table, 0.0001022 secs][1 CMS-remark: 328807K(349568K)] 350509K(506816K), 0.0053042 secs] [Times: user=0.00 sys=0.00, real=0.01 secs] 
2018-03-04T00:01:58.651+0300: 76.818: [CMS-concurrent-sweep-start]
2018-03-04T00:01:58.714+0300: 76.881: [GC (Allocation Failure) 2018-03-04T00:01:58.714+0300: 76.881: [ParNew: 150275K->11536K(157248K), 0.0190035 secs] 479082K->342439K(506816K), 0.0191050 secs] [Times: user=0.13 sys=0.00, real=0.02 secs] 
2018-03-04T00:01:58.788+0300: 76.956: [CMS-concurrent-sweep: 0.119/0.138 secs] [Times: user=0.34 sys=0.00, real=0.14 secs] 
2018-03-04T00:01:58.788+0300: 76.956: [CMS-concurrent-reset-start]
2018-03-04T00:01:58.788+0300: 76.956: [CMS-concurrent-reset: 0.000/0.000 secs] [Times: user=0.00 sys=0.00, real=0.00 secs] 
2018-03-04T00:01:58.795+0300: 76.963: [GC (Allocation Failure) 2018-03-04T00:01:58.795+0300: 76.963: [ParNew: 151312K->12585K(157248K), 0.0206041 secs] 482196K->345564K(506816K), 0.0207264 secs] [Times: user=0.11 sys=0.00, real=0.02 secs] 
2018-03-04T00:01:58.816+0300: 76.984: [GC (CMS Initial Mark) [1 CMS-initial-mark: 332979K(349568K)] 348361K(506816K), 0.0014996 secs] [Times: user=0.00 sys=0.00, real=0.00 secs] 
2018-03-04T00:01:58.817+0300: 76.985: [CMS-concurrent-mark-start]
2018-03-04T00:01:58.888+0300: 77.056: [GC (Allocation Failure) 2018-03-04T00:01:58.888+0300: 77.056: [ParNew: 152361K->12582K(157248K), 0.0136064 secs] 485340K->347658K(506816K), 0.0137164 secs] [Times: user=0.11 sys=0.00, real=0.01 secs] 
2018-03-04T00:01:58.976+0300: 77.144: [GC (Allocation Failure) 2018-03-04T00:01:58.976+0300: 77.144: [ParNew: 152358K->9438K(157248K), 0.0132459 secs] 487434K->346610K(506816K), 0.0133510 secs] [Times: user=0.13 sys=0.00, real=0.01 secs] 
2018-03-04T00:01:59.064+0300: 77.232: [GC (Allocation Failure) 2018-03-04T00:01:59.064+0300: 77.232: [ParNew: 149214K->9441K(157248K), 0.0144976 secs] 486386K->348709K(506816K), 0.0146070 secs] [Times: user=0.13 sys=0.00, real=0.02 secs] 
2018-03-04T00:01:59.149+0300: 77.316: [GC (Allocation Failure) 2018-03-04T00:01:59.149+0300: 77.316: [ParNew: 149217K->11542K(157248K), 0.0171358 secs] 488485K->352907K(506816K), 0.0172716 secs] [Times: user=0.13 sys=0.00, real=0.02 secs] 
2018-03-04T00:01:59.230+0300: 77.397: [GC (Allocation Failure) 2018-03-04T00:01:59.230+0300: 77.397: [ParNew: 151318K->11545K(157248K), 0.0195657 secs] 492683K->355007K(506816K), 0.0196663 secs] [Times: user=0.22 sys=0.00, real=0.02 secs] 
2018-03-04T00:01:59.317+0300: 77.485: [GC (Allocation Failure) 2018-03-04T00:01:59.317+0300: 77.485: [ParNew: 151321K->11549K(157248K), 0.0106988 secs] 494783K->357106K(506816K), 0.0108394 secs] [Times: user=0.13 sys=0.00, real=0.01 secs] 
2018-03-04T00:01:59.398+0300: 77.565: [GC (Allocation Failure) 2018-03-04T00:01:59.398+0300: 77.566: [ParNew: 151325K->10486K(157248K), 0.0141227 secs] 496882K->358139K(506816K), 0.0142513 secs] [Times: user=0.11 sys=0.02, real=0.01 secs] 
2018-03-04T00:01:59.912+0300: 78.080: [CMS-concurrent-mark: 0.990/1.095 secs] [Times: user=3.39 sys=0.02, real=1.10 secs] 
2018-03-04T00:01:59.912+0300: 78.080: [CMS-concurrent-preclean-start]
2018-03-04T00:01:59.926+0300: 78.093: [CMS-concurrent-preclean: 0.014/0.014 secs] [Times: user=0.02 sys=0.00, real=0.01 secs] 
2018-03-04T00:01:59.926+0300: 78.093: [CMS-concurrent-abortable-preclean-start]
2018-03-04T00:01:59.926+0300: 78.093: [CMS-concurrent-abortable-preclean: 0.000/0.000 secs] [Times: user=0.00 sys=0.00, real=0.00 secs] 
2018-03-04T00:01:59.926+0300: 78.093: [GC (CMS Final Remark) [YG occupancy: 111130 K (157248 K)]2018-03-04T00:01:59.926+0300: 78.094: [Rescan (parallel) , 0.0148711 secs]2018-03-04T00:01:59.941+0300: 78.108: [weak refs processing, 0.0000358 secs]2018-03-04T00:01:59.941+0300: 78.109: [class unloading, 0.0008605 secs]2018-03-04T00:01:59.942+0300: 78.109: [scrub symbol table, 0.0008981 secs]2018-03-04T00:01:59.943+0300: 78.110: [scrub string table, 0.0001917 secs][1 CMS-remark: 347653K(349568K)] 458784K(506816K), 0.0170880 secs] [Times: user=0.11 sys=0.00, real=0.02 secs] 
2018-03-04T00:01:59.943+0300: 78.111: [CMS-concurrent-sweep-start]
2018-03-04T00:02:00.068+0300: 78.236: [CMS-concurrent-sweep: 0.125/0.125 secs] [Times: user=0.13 sys=0.00, real=0.13 secs] 
2018-03-04T00:02:00.068+0300: 78.236: [CMS-concurrent-reset-start]
2018-03-04T00:02:00.069+0300: 78.236: [CMS-concurrent-reset: 0.000/0.000 secs] [Times: user=0.00 sys=0.00, real=0.00 secs] 
2018-03-04T00:02:02.069+0300: 80.237: [GC (CMS Initial Mark) [1 CMS-initial-mark: 347581K(349568K)] 458732K(506816K), 0.0145589 secs] [Times: user=0.13 sys=0.00, real=0.02 secs] 
2018-03-04T00:02:02.084+0300: 80.251: [CMS-concurrent-mark-start]
2018-03-04T00:02:03.050+0300: 81.217: [CMS-concurrent-mark: 0.966/0.966 secs] [Times: user=1.94 sys=0.00, real=0.97 secs] 
2018-03-04T00:02:03.050+0300: 81.217: [CMS-concurrent-preclean-start]
2018-03-04T00:02:03.050+0300: 81.217: [CMS-concurrent-preclean: 0.000/0.000 secs] [Times: user=0.00 sys=0.00, real=0.00 secs] 
2018-03-04T00:02:03.050+0300: 81.217: [CMS-concurrent-abortable-preclean-start]
2018-03-04T00:02:03.050+0300: 81.217: [CMS-concurrent-abortable-preclean: 0.000/0.000 secs] [Times: user=0.00 sys=0.00, real=0.00 secs] 
2018-03-04T00:02:03.050+0300: 81.217: [GC (CMS Final Remark) [YG occupancy: 111151 K (157248 K)]2018-03-04T00:02:03.050+0300: 81.217: [Rescan (parallel) , 0.0151079 secs]2018-03-04T00:02:03.065+0300: 81.233: [weak refs processing, 0.0000288 secs]2018-03-04T00:02:03.065+0300: 81.233: [class unloading, 0.0007752 secs]2018-03-04T00:02:03.066+0300: 81.233: [scrub symbol table, 0.0006133 secs]2018-03-04T00:02:03.067+0300: 81.234: [scrub string table, 0.0001544 secs][1 CMS-remark: 347581K(349568K)] 458732K(506816K), 0.0168614 secs] [Times: user=0.13 sys=0.00, real=0.02 secs] 
2018-03-04T00:02:03.067+0300: 81.234: [CMS-concurrent-sweep-start]
2018-03-04T00:02:03.186+0300: 81.353: [CMS-concurrent-sweep: 0.119/0.119 secs] [Times: user=0.13 sys=0.00, real=0.12 secs] 
2018-03-04T00:02:03.186+0300: 81.353: [CMS-concurrent-reset-start]
2018-03-04T00:02:03.186+0300: 81.354: [CMS-concurrent-reset: 0.000/0.000 secs] [Times: user=0.00 sys=0.00, real=0.00 secs] 
2018-03-04T00:02:04.482+0300: 82.650: [GC (Allocation Failure) 2018-03-04T00:02:04.482+0300: 82.650: [ParNew: 150262K->150262K(157248K), 0.0000367 secs]2018-03-04T00:02:04.482+0300: 82.650: [CMS: 347581K->349567K(349568K), 0.7203767 secs] 497843K->356625K(506816K), [Metaspace: 5256K->5256K(1056768K)], 0.7205177 secs] [Times: user=0.73 sys=0.00, real=0.72 secs] 
2018-03-04T00:02:05.203+0300: 83.370: [GC (CMS Initial Mark) [1 CMS-initial-mark: 349567K(349568K)] 359422K(506816K), 0.0046894 secs] [Times: user=0.00 sys=0.00, real=0.00 secs] 
2018-03-04T00:02:05.208+0300: 83.375: [CMS-concurrent-mark-start]
2018-03-04T00:02:05.463+0300: 83.631: [Full GC (Allocation Failure) 2018-03-04T00:02:05.463+0300: 83.631: [CMS2018-03-04T00:02:06.120+0300: 84.287: [CMS-concurrent-mark: 0.911/0.912 secs] [Times: user=1.99 sys=0.05, real=0.91 secs] 
 (concurrent mode failure): 349567K->349567K(349568K), 1.2569973 secs] 506815K->358117K(506816K), [Metaspace: 5256K->5256K(1056768K)], 1.2571118 secs] [Times: user=1.84 sys=0.05, real=1.26 secs] 
2018-03-04T00:02:06.963+0300: 85.131: [Full GC (Allocation Failure) 2018-03-04T00:02:06.963+0300: 85.131: [CMS: 349567K->349567K(349568K), 0.6148057 secs] 506815K->359607K(506816K), [Metaspace: 5257K->5257K(1056768K)], 0.6148946 secs] [Times: user=0.63 sys=0.00, real=0.62 secs] 
2018-03-04T00:02:07.578+0300: 85.746: [GC (CMS Initial Mark) [1 CMS-initial-mark: 349567K(349568K)] 362404K(506816K), 0.0076442 secs] [Times: user=0.00 sys=0.00, real=0.01 secs] 
2018-03-04T00:02:07.586+0300: 85.753: [CMS-concurrent-mark-start]
2018-03-04T00:02:07.869+0300: 86.037: [Full GC (Allocation Failure) 2018-03-04T00:02:07.869+0300: 86.037: [CMS2018-03-04T00:02:08.551+0300: 86.719: [CMS-concurrent-mark: 0.964/0.965 secs] [Times: user=2.20 sys=0.00, real=0.97 secs] 
 (concurrent mode failure): 349567K->349567K(349568K), 1.2938388 secs] 506815K->361076K(506816K), [Metaspace: 5257K->5257K(1056768K)], 1.2939887 secs] [Times: user=1.97 sys=0.00, real=1.29 secs] 
2018-03-04T00:02:09.403+0300: 87.570: [Full GC (Allocation Failure) 2018-03-04T00:02:09.403+0300: 87.570: [CMS: 349567K->349567K(349568K), 0.6095763 secs] 506815K->362546K(506816K), [Metaspace: 5257K->5257K(1056768K)], 0.6096728 secs] [Times: user=0.61 sys=0.00, real=0.61 secs] 
2018-03-04T00:02:10.013+0300: 88.180: [GC (CMS Initial Mark) [1 CMS-initial-mark: 349567K(349568K)] 365343K(506816K), 0.0098782 secs] [Times: user=0.01 sys=0.00, real=0.01 secs] 
2018-03-04T00:02:10.022+0300: 88.190: [CMS-concurrent-mark-start]
2018-03-04T00:02:10.271+0300: 88.439: [Full GC (Allocation Failure) 2018-03-04T00:02:10.271+0300: 88.439: [CMS2018-03-04T00:02:10.932+0300: 89.099: [CMS-concurrent-mark: 0.908/0.909 secs] [Times: user=1.99 sys=0.05, real=0.91 secs] 
 (concurrent mode failure): 349567K->349567K(349568K), 1.2495842 secs] 506815K->363984K(506816K), [Metaspace: 5257K->5257K(1056768K)], 1.2496842 secs] [Times: user=1.83 sys=0.05, real=1.25 secs] 
2018-03-04T00:02:11.757+0300: 89.924: [Full GC (Allocation Failure) 2018-03-04T00:02:11.757+0300: 89.924: [CMS: 349567K->349567K(349568K), 0.6161335 secs] 506815K->365407K(506816K), [Metaspace: 5257K->5257K(1056768K)], 0.6162206 secs] [Times: user=0.61 sys=0.00, real=0.62 secs] 
2018-03-04T00:02:12.373+0300: 90.541: [GC (CMS Initial Mark) [1 CMS-initial-mark: 349567K(349568K)] 368205K(506816K), 0.0109861 secs] [Times: user=0.08 sys=0.02, real=0.01 secs] 
2018-03-04T00:02:12.384+0300: 90.552: [CMS-concurrent-mark-start]
2018-03-04T00:02:12.638+0300: 90.806: [Full GC (Allocation Failure) 2018-03-04T00:02:12.638+0300: 90.806: [CMS2018-03-04T00:02:13.306+0300: 91.473: [CMS-concurrent-mark: 0.920/0.922 secs] [Times: user=2.00 sys=0.05, real=0.92 secs] 
 (concurrent mode failure): 349567K->349567K(349568K), 1.2628123 secs] 506815K->366831K(506816K), [Metaspace: 5257K->5257K(1056768K)], 1.2629529 secs] [Times: user=1.84 sys=0.05, real=1.26 secs] 
2018-03-04T00:02:14.142+0300: 92.310: [Full GC (Allocation Failure) 2018-03-04T00:02:14.142+0300: 92.310: [CMS: 349567K->349567K(349568K), 0.6118325 secs] 506815K->368223K(506816K), [Metaspace: 5257K->5257K(1056768K)], 0.6119545 secs] [Times: user=0.61 sys=0.00, real=0.61 secs] 
2018-03-04T00:02:14.754+0300: 92.922: [GC (CMS Initial Mark) [1 CMS-initial-mark: 349567K(349568K)] 371020K(506816K), 0.0122513 secs] [Times: user=0.02 sys=0.00, real=0.01 secs] 
2018-03-04T00:02:14.767+0300: 92.934: [CMS-concurrent-mark-start]
2018-03-04T00:02:14.822+0300: 92.990: [Full GC (Allocation Failure) 2018-03-04T00:02:14.822+0300: 92.990: [CMS2018-03-04T00:02:15.653+0300: 93.821: [CMS-concurrent-mark: 0.885/0.887 secs] [Times: user=1.78 sys=0.00, real=0.89 secs] 
 (concurrent mode failure): 349567K->349567K(349568K), 1.4323839 secs] 488452K->369424K(506816K), [Metaspace: 5257K->5257K(1056768K)], 1.4324921 secs] [Times: user=2.25 sys=0.00, real=1.43 secs] 
2018-03-04T00:02:16.482+0300: 94.649: [Full GC (Allocation Failure) 2018-03-04T00:02:16.482+0300: 94.649: [CMS: 349567K->325247K(349568K), 0.6584987 secs] 506815K->406943K(506816K), [Metaspace: 5257K->5257K(1056768K)], 0.6586078 secs] [Times: user=0.67 sys=0.00, real=0.66 secs] 
2018-03-04T00:02:17.141+0300: 95.308: [GC (CMS Initial Mark) [1 CMS-initial-mark: 325247K(349568K)] 409639K(506816K), 0.1831564 secs] [Times: user=0.17 sys=0.00, real=0.18 secs] 
2018-03-04T00:02:17.324+0300: 95.491: [CMS-concurrent-mark-start]
2018-03-04T00:02:17.359+0300: 95.526: [GC (Allocation Failure) 2018-03-04T00:02:17.359+0300: 95.526: [ParNew (promotion failed): 139776K->143970K(157248K), 0.0866824 secs]2018-03-04T00:02:17.445+0300: 95.613: [CMS2018-03-04T00:02:17.774+0300: 95.941: [CMS-concurrent-mark: 0.363/0.450 secs] [Times: user=1.25 sys=0.00, real=0.45 secs] 
 (concurrent mode failure): 325249K->325247K(349568K), 0.9770111 secs] 465023K->407518K(506816K), [Metaspace: 5257K->5257K(1056768K)], 1.0638533 secs] [Times: user=1.77 sys=0.00, real=1.06 secs] 
2018-03-04T00:02:18.448+0300: 96.615: [GC (Allocation Failure) 2018-03-04T00:02:18.448+0300: 96.616: [ParNew (promotion failed): 139776K->143053K(157248K), 0.0882992 secs]2018-03-04T00:02:18.536+0300: 96.704: [CMS: 325249K->325247K(349568K), 0.6207439 secs] 465023K->408099K(506816K), [Metaspace: 5257K->5257K(1056768K)], 0.7091951 secs] [Times: user=1.22 sys=0.00, real=0.71 secs] 
2018-03-04T00:02:19.158+0300: 97.325: [GC (CMS Initial Mark) [1 CMS-initial-mark: 325247K(349568K)] 409905K(506816K), 0.1823599 secs] [Times: user=0.17 sys=0.00, real=0.18 secs] 
2018-03-04T00:02:19.340+0300: 97.507: [CMS-concurrent-mark-start]
2018-03-04T00:02:19.369+0300: 97.536: [GC (Allocation Failure) 2018-03-04T00:02:19.369+0300: 97.536: [ParNew (promotion failed): 139776K->142575K(157248K), 0.0949423 secs]2018-03-04T00:02:19.464+0300: 97.631: [CMS2018-03-04T00:02:19.807+0300: 97.974: [CMS-concurrent-mark: 0.372/0.467 secs] [Times: user=1.38 sys=0.01, real=0.47 secs] 
 (concurrent mode failure): 325249K->325247K(349568K), 0.9582663 secs] 465023K->408657K(506816K), [Metaspace: 5257K->5257K(1056768K)], 1.0533678 secs] [Times: user=1.91 sys=0.01, real=1.05 secs] 
2018-03-04T00:02:22.423+0300: 100.590: [GC (CMS Initial Mark) [1 CMS-initial-mark: 325247K(349568K)] 424411K(506816K), 0.1820116 secs] [Times: user=0.17 sys=0.00, real=0.18 secs] 
2018-03-04T00:02:22.605+0300: 100.772: [CMS-concurrent-mark-start]
2018-03-04T00:02:22.954+0300: 101.122: [CMS-concurrent-mark: 0.349/0.349 secs] [Times: user=0.72 sys=0.00, real=0.35 secs] 
2018-03-04T00:02:22.954+0300: 101.122: [CMS-concurrent-preclean-start]
2018-03-04T00:02:23.183+0300: 101.351: [CMS-concurrent-preclean: 0.229/0.229 secs] [Times: user=0.22 sys=0.00, real=0.23 secs] 
2018-03-04T00:02:23.183+0300: 101.351: [CMS-concurrent-abortable-preclean-start]
2018-03-04T00:02:25.447+0300: 103.614: [GC (Allocation Failure) 2018-03-04T00:02:25.447+0300: 103.614: [ParNew2018-03-04T00:02:25.493+0300: 103.660: [CMS-concurrent-abortable-preclean: 0.010/2.309 secs] [Times: user=0.34 sys=0.00, real=2.31 secs] 
 (promotion failed): 139776K->143828K(157248K), 0.0958175 secs]2018-03-04T00:02:25.543+0300: 103.710: [CMS (concurrent mode failure): 325249K->325247K(349568K), 0.6156515 secs] 465023K->409229K(506816K), [Metaspace: 5257K->5257K(1056768K)], 0.7116370 secs] [Times: user=1.20 sys=0.00, real=0.71 secs] 
2018-03-04T00:02:26.184+0300: 104.351: [GC (Allocation Failure) 2018-03-04T00:02:26.184+0300: 104.351: [ParNew (promotion failed): 139776K->145078K(157248K), 0.1008720 secs]2018-03-04T00:02:26.285+0300: 104.452: [CMS: 325249K->325247K(349568K), 0.6313934 secs] 465023K->409788K(506816K), [Metaspace: 5273K->5273K(1056768K)], 0.7323991 secs] [Times: user=1.30 sys=0.02, real=0.73 secs] 
2018-03-04T00:02:26.916+0300: 105.084: [GC (CMS Initial Mark) [1 CMS-initial-mark: 325247K(349568K)] 411101K(506816K), 0.1882328 secs] [Times: user=0.19 sys=0.00, real=0.19 secs] 
2018-03-04T00:02:27.105+0300: 105.272: [CMS-concurrent-mark-start]
2018-03-04T00:02:27.130+0300: 105.297: [GC (Allocation Failure) 2018-03-04T00:02:27.130+0300: 105.298: [ParNew (promotion failed): 139776K->145422K(157248K), 0.1067180 secs]2018-03-04T00:02:27.237+0300: 105.404: [CMS2018-03-04T00:02:27.572+0300: 105.739: [CMS-concurrent-mark: 0.360/0.467 secs] [Times: user=1.44 sys=0.00, real=0.47 secs] 
 (concurrent mode failure): 325249K->325247K(349568K), 0.9501720 secs] 465023K->410345K(506816K), [Metaspace: 5273K->5273K(1056768K)], 1.0570444 secs] [Times: user=1.97 sys=0.00, real=1.06 secs] 
2018-03-04T00:02:28.211+0300: 106.378: [GC (Allocation Failure) 2018-03-04T00:02:28.211+0300: 106.379: [ParNew (promotion failed): 139776K->146404K(157248K), 0.1075235 secs]2018-03-04T00:02:28.319+0300: 106.486: [CMS: 325249K->325247K(349568K), 0.6303550 secs] 465023K->410887K(506816K), [Metaspace: 5273K->5273K(1056768K)], 0.7380329 secs] [Times: user=1.30 sys=0.00, real=0.74 secs] 
2018-03-04T00:02:28.949+0300: 107.117: [GC (CMS Initial Mark) [1 CMS-initial-mark: 325247K(349568K)] 412076K(506816K), 0.1825759 secs] [Times: user=0.19 sys=0.00, real=0.18 secs] 
2018-03-04T00:02:29.132+0300: 107.299: [CMS-concurrent-mark-start]
2018-03-04T00:02:29.157+0300: 107.324: [GC (Allocation Failure) 2018-03-04T00:02:29.157+0300: 107.324: [ParNew (promotion failed): 139776K->146819K(157248K), 0.1056182 secs]2018-03-04T00:02:29.263+0300: 107.430: [CMS2018-03-04T00:02:29.605+0300: 107.772: [CMS-concurrent-mark: 0.367/0.473 secs] [Times: user=1.33 sys=0.00, real=0.47 secs] 
 (concurrent mode failure): 325249K->325247K(349568K), 0.9662510 secs] 465023K->411428K(506816K), [Metaspace: 5273K->5273K(1056768K)], 1.0720420 secs] [Times: user=1.86 sys=0.00, real=1.07 secs] 
2018-03-04T00:02:30.253+0300: 108.421: [GC (Allocation Failure) 2018-03-04T00:02:30.253+0300: 108.421: [ParNew (promotion failed): 139776K->148310K(157248K), 0.1148739 secs]2018-03-04T00:02:30.368+0300: 108.536: [CMS: 325249K->325247K(349568K), 0.6108428 secs] 465023K->411953K(506816K), [Metaspace: 5273K->5273K(1056768K)], 0.7258555 secs] [Times: user=1.34 sys=0.00, real=0.73 secs] 
2018-03-04T00:02:30.979+0300: 109.147: [GC (CMS Initial Mark) [1 CMS-initial-mark: 325247K(349568K)] 413078K(506816K), 0.1918541 secs] [Times: user=0.20 sys=0.00, real=0.19 secs] 
2018-03-04T00:02:31.171+0300: 109.339: [CMS-concurrent-mark-start]
2018-03-04T00:02:31.195+0300: 109.362: [GC (Allocation Failure) 2018-03-04T00:02:31.195+0300: 109.362: [ParNew (promotion failed): 139776K->148561K(157248K), 0.1176430 secs]2018-03-04T00:02:31.313+0300: 109.480: [CMS2018-03-04T00:02:31.662+0300: 109.830: [CMS-concurrent-mark: 0.373/0.491 secs] [Times: user=1.42 sys=0.00, real=0.49 secs] 
 (concurrent mode failure): 325249K->325247K(349568K), 1.0043415 secs] 465023K->412495K(506816K), [Metaspace: 5273K->5273K(1056768K)], 1.1221314 secs] [Times: user=2.03 sys=0.00, real=1.12 secs] 
2018-03-04T00:02:32.341+0300: 110.508: [GC (Allocation Failure) 2018-03-04T00:02:32.341+0300: 110.508: [ParNew (promotion failed): 139776K->147950K(157248K), 0.1237059 secs]2018-03-04T00:02:32.465+0300: 110.632: [CMS: 325249K->325247K(349568K), 0.6270128 secs] 465023K->413021K(506816K), [Metaspace: 5273K->5273K(1056768K)], 0.7508509 secs] [Times: user=1.42 sys=0.00, real=0.75 secs] 
2018-03-04T00:02:33.092+0300: 111.259: [GC (CMS Initial Mark) [1 CMS-initial-mark: 325247K(349568K)] 414106K(506816K), 0.1897791 secs] [Times: user=0.25 sys=0.00, real=0.19 secs] 
2018-03-04T00:02:33.282+0300: 111.449: [CMS-concurrent-mark-start]
2018-03-04T00:02:33.313+0300: 111.480: [GC (Allocation Failure) 2018-03-04T00:02:33.313+0300: 111.480: [ParNew (promotion failed): 139776K->150297K(157248K), 0.1245583 secs]2018-03-04T00:02:33.437+0300: 111.605: [CMS2018-03-04T00:02:33.791+0300: 111.959: [CMS-concurrent-mark: 0.385/0.510 secs] [Times: user=1.47 sys=0.00, real=0.51 secs] 
 (concurrent mode failure): 325249K->325247K(349568K), 0.9882634 secs] 465023K->413531K(506816K), [Metaspace: 5273K->5273K(1056768K)], 1.1130005 secs] [Times: user=2.02 sys=0.00, real=1.11 secs] 
2018-03-04T00:02:34.448+0300: 112.615: [GC (Allocation Failure) 2018-03-04T00:02:34.448+0300: 112.615: [ParNew (promotion failed): 139776K->151133K(157248K), 0.1336274 secs]2018-03-04T00:02:34.582+0300: 112.749: [CMS: 325249K->325247K(349568K), 0.5994685 secs] 465023K->414057K(506816K), [Metaspace: 5273K->5273K(1056768K)], 0.7332621 secs] [Times: user=1.52 sys=0.00, real=0.73 secs] 
2018-03-04T00:02:35.181+0300: 113.349: [GC (CMS Initial Mark) [1 CMS-initial-mark: 325247K(349568K)] 415113K(506816K), 0.1845440 secs] [Times: user=0.19 sys=0.00, real=0.18 secs] 
2018-03-04T00:02:35.366+0300: 113.533: [CMS-concurrent-mark-start]
2018-03-04T00:02:35.395+0300: 113.563: [GC (Allocation Failure) 2018-03-04T00:02:35.395+0300: 113.563: [ParNew (promotion failed): 139776K->151983K(157248K), 0.1392714 secs]2018-03-04T00:02:35.535+0300: 113.702: [CMS2018-03-04T00:02:35.921+0300: 114.088: [CMS-concurrent-mark: 0.416/0.555 secs] [Times: user=1.81 sys=0.00, real=0.56 secs] 
 (concurrent mode failure): 325249K->325247K(349568K), 1.0284418 secs] 465023K->414552K(506816K), [Metaspace: 5273K->5273K(1056768K)], 1.1678697 secs] [Times: user=2.36 sys=0.00, real=1.17 secs] 
2018-03-04T00:02:36.587+0300: 114.754: [GC (Allocation Failure) 2018-03-04T00:02:36.587+0300: 114.754: [ParNew (promotion failed): 139776K->150796K(157248K), 0.1294524 secs]2018-03-04T00:02:36.716+0300: 114.884: [CMS: 325249K->325247K(349568K), 0.6307296 secs] 465023K->415063K(506816K), [Metaspace: 5273K->5273K(1056768K)], 0.7603536 secs] [Times: user=1.45 sys=0.00, real=0.76 secs] 
2018-03-04T00:02:37.347+0300: 115.515: [GC (CMS Initial Mark) [1 CMS-initial-mark: 325247K(349568K)] 416095K(506816K), 0.1896802 secs] [Times: user=0.19 sys=0.00, real=0.19 secs] 
2018-03-04T00:02:37.537+0300: 115.704: [CMS-concurrent-mark-start]
2018-03-04T00:02:37.565+0300: 115.733: [GC (Allocation Failure) 2018-03-04T00:02:37.565+0300: 115.733: [ParNew (promotion failed): 139776K->152560K(157248K), 0.1468706 secs]2018-03-04T00:02:37.712+0300: 115.880: [CMS2018-03-04T00:02:38.056+0300: 116.223: [CMS-concurrent-mark: 0.371/0.518 secs] [Times: user=1.72 sys=0.00, real=0.52 secs] 
 (concurrent mode failure): 325249K->325247K(349568K), 0.9709020 secs] 465023K->415558K(506816K), [Metaspace: 5277K->5277K(1056768K)], 1.1179318 secs] [Times: user=2.25 sys=0.00, real=1.12 secs] 
2018-03-04T00:02:38.705+0300: 116.872: [GC (Allocation Failure) 2018-03-04T00:02:38.705+0300: 116.872: [ParNew (promotion failed): 139776K->154435K(157248K), 0.1366837 secs]2018-03-04T00:02:38.842+0300: 117.009: [CMS: 325249K->325247K(349568K), 0.6669398 secs] 465023K->416053K(506816K), [Metaspace: 5277K->5277K(1056768K)], 0.8037900 secs] [Times: user=1.48 sys=0.00, real=0.80 secs] 
2018-03-04T00:02:39.509+0300: 117.676: [GC (CMS Initial Mark) [1 CMS-initial-mark: 325247K(349568K)] 417063K(506816K), 0.1973872 secs] [Times: user=0.20 sys=0.00, real=0.20 secs] 
2018-03-04T00:02:39.706+0300: 117.874: [CMS-concurrent-mark-start]
2018-03-04T00:02:39.729+0300: 117.896: [GC (Allocation Failure) 2018-03-04T00:02:39.729+0300: 117.896: [ParNew (promotion failed): 139776K->154052K(157248K), 0.1455677 secs]2018-03-04T00:02:39.874+0300: 118.042: [CMS2018-03-04T00:02:40.203+0300: 118.371: [CMS-concurrent-mark: 0.351/0.497 secs] [Times: user=1.66 sys=0.00, real=0.50 secs] 
 (concurrent mode failure): 325249K->325247K(349568K), 0.9759318 secs] 465023K->416548K(506816K), [Metaspace: 5277K->5277K(1056768K)], 1.1216621 secs] [Times: user=2.25 sys=0.00, real=1.12 secs] 
2018-03-04T00:02:40.872+0300: 119.039: [GC (Allocation Failure) 2018-03-04T00:02:40.872+0300: 119.039: [ParNew (promotion failed): 139776K->156046K(157248K), 0.1442393 secs]2018-03-04T00:02:41.016+0300: 119.184: [CMS: 325249K->325247K(349568K), 0.6397972 secs] 465023K->417028K(506816K), [Metaspace: 5277K->5277K(1056768K)], 0.7842234 secs] [Times: user=1.59 sys=0.02, real=0.78 secs] 
2018-03-04T00:02:41.656+0300: 119.824: [GC (CMS Initial Mark) [1 CMS-initial-mark: 325247K(349568K)] 418017K(506816K), 0.1897286 secs] [Times: user=0.19 sys=0.00, real=0.19 secs] 
2018-03-04T00:02:41.846+0300: 120.014: [CMS-concurrent-mark-start]
2018-03-04T00:02:41.876+0300: 120.044: [GC (Allocation Failure) 2018-03-04T00:02:41.876+0300: 120.044: [ParNew (promotion failed): 139776K->156832K(157248K), 0.1602252 secs]2018-03-04T00:02:42.037+0300: 120.204: [CMS2018-03-04T00:02:42.389+0300: 120.556: [CMS-concurrent-mark: 0.382/0.543 secs] [Times: user=1.80 sys=0.00, real=0.54 secs] 
 (concurrent mode failure): 325249K->325247K(349568K), 1.0004585 secs] 465023K->417507K(506816K), [Metaspace: 5277K->5277K(1056768K)], 1.1608322 secs] [Times: user=2.36 sys=0.00, real=1.16 secs] 
2018-03-04T00:02:43.060+0300: 121.228: [GC (Allocation Failure) 2018-03-04T00:02:43.060+0300: 121.228: [ParNew (promotion failed): 139776K->156240K(157248K), 0.1496917 secs]2018-03-04T00:02:43.210+0300: 121.378: [CMS: 325249K->325247K(349568K), 0.6429260 secs] 465023K->417987K(506816K), [Metaspace: 5277K->5277K(1056768K)], 0.7927616 secs] [Times: user=1.70 sys=0.02, real=0.79 secs] 
2018-03-04T00:02:43.853+0300: 122.021: [GC (CMS Initial Mark) [1 CMS-initial-mark: 325247K(349568K)] 418957K(506816K), 0.1889441 secs] [Times: user=0.19 sys=0.00, real=0.19 secs] 
2018-03-04T00:02:44.042+0300: 122.210: [CMS-concurrent-mark-start]
2018-03-04T00:02:44.065+0300: 122.232: [GC (Allocation Failure) 2018-03-04T00:02:44.065+0300: 122.232: [ParNew (promotion failed): 139776K->156960K(157248K), 0.1690422 secs]2018-03-04T00:02:44.234+0300: 122.402: [CMS2018-03-04T00:02:44.602+0300: 122.770: [CMS-concurrent-mark: 0.391/0.560 secs] [Times: user=1.88 sys=0.00, real=0.56 secs] 
 (concurrent mode failure): 325249K->325247K(349568K), 0.9948896 secs] 465023K->418451K(506816K), [Metaspace: 5277K->5277K(1056768K)], 1.1640796 secs] [Times: user=2.41 sys=0.00, real=1.16 secs] 
2018-03-04T00:02:45.256+0300: 123.423: [GC (Allocation Failure) 2018-03-04T00:02:45.256+0300: 123.423: [ParNew (promotion failed): 139776K->157248K(157248K), 0.1832264 secs]2018-03-04T00:02:45.439+0300: 123.606: [CMS: 325249K->325247K(349568K), 0.6550965 secs] 465023K->418915K(506816K), [Metaspace: 5277K->5277K(1056768K)], 0.8384647 secs] [Times: user=1.89 sys=0.00, real=0.84 secs] 
2018-03-04T00:02:46.094+0300: 124.262: [GC (CMS Initial Mark) [1 CMS-initial-mark: 325247K(349568K)] 419865K(506816K), 0.1867497 secs] [Times: user=0.19 sys=0.00, real=0.19 secs] 
2018-03-04T00:02:46.281+0300: 124.449: [CMS-concurrent-mark-start]
2018-03-04T00:02:46.305+0300: 124.472: [GC (Allocation Failure) 2018-03-04T00:02:46.305+0300: 124.472: [ParNew (promotion failed): 139776K->156622K(157248K), 0.1600095 secs]2018-03-04T00:02:46.465+0300: 124.632: [CMS2018-03-04T00:02:46.806+0300: 124.974: [CMS-concurrent-mark: 0.365/0.525 secs] [Times: user=1.84 sys=0.00, real=0.53 secs] 
 (concurrent mode failure): 325249K->325247K(349568K), 0.9859140 secs] 465023K->419379K(506816K), [Metaspace: 5277K->5277K(1056768K)], 1.1460827 secs] [Times: user=2.44 sys=0.00, real=1.15 secs] 
2018-03-04T00:02:47.470+0300: 125.638: [GC (Allocation Failure) 2018-03-04T00:02:47.470+0300: 125.638: [ParNew (promotion failed): 139776K->157248K(157248K), 0.1835158 secs]2018-03-04T00:02:47.654+0300: 125.821: [CMS: 325249K->325247K(349568K), 0.6471851 secs] 465023K->419837K(506816K), [Metaspace: 5277K->5277K(1056768K)], 0.8308494 secs] [Times: user=1.84 sys=0.00, real=0.83 secs] 
2018-03-04T00:02:48.301+0300: 126.469: [GC (CMS Initial Mark) [1 CMS-initial-mark: 325247K(349568K)] 420768K(506816K), 0.1880210 secs] [Times: user=0.19 sys=0.00, real=0.19 secs] 
2018-03-04T00:02:48.489+0300: 126.657: [CMS-concurrent-mark-start]
2018-03-04T00:02:48.517+0300: 126.685: [GC (Allocation Failure) 2018-03-04T00:02:48.517+0300: 126.685: [ParNew (promotion failed): 139776K->157248K(157248K), 0.1792963 secs]2018-03-04T00:02:48.696+0300: 126.864: [CMS2018-03-04T00:02:49.039+0300: 127.207: [CMS-concurrent-mark: 0.370/0.550 secs] [Times: user=1.92 sys=0.00, real=0.55 secs] 
 (concurrent mode failure): 325249K->325247K(349568K), 1.0143835 secs] 465023K->420291K(506816K), [Metaspace: 5277K->5277K(1056768K)], 1.1938123 secs] [Times: user=2.50 sys=0.00, real=1.19 secs] 
2018-03-04T00:02:49.733+0300: 127.900: [GC (Allocation Failure) 2018-03-04T00:02:49.733+0300: 127.900: [ParNew (promotion failed): 139776K->157248K(157248K), 0.1902268 secs]2018-03-04T00:02:49.923+0300: 128.091: [CMS: 325249K->325247K(349568K), 0.6446396 secs] 465023K->420740K(506816K), [Metaspace: 5277K->5277K(1056768K)], 0.8350199 secs] [Times: user=1.84 sys=0.00, real=0.84 secs] 
2018-03-04T00:02:50.568+0300: 128.736: [GC (CMS Initial Mark) [1 CMS-initial-mark: 325247K(349568K)] 421653K(506816K), 0.1909710 secs] [Times: user=0.19 sys=0.00, real=0.19 secs] 
2018-03-04T00:02:50.759+0300: 128.927: [CMS-concurrent-mark-start]
2018-03-04T00:02:50.782+0300: 128.950: [GC (Allocation Failure) 2018-03-04T00:02:50.782+0300: 128.950: [ParNew (promotion failed): 139776K->157248K(157248K), 0.1756285 secs]2018-03-04T00:02:50.958+0300: 129.125: [CMS2018-03-04T00:02:51.317+0300: 129.484: [CMS-concurrent-mark: 0.382/0.558 secs] [Times: user=1.98 sys=0.00, real=0.56 secs] 
 (concurrent mode failure): 325249K->325247K(349568K), 0.9845571 secs] 465023K->421173K(506816K), [Metaspace: 5277K->5277K(1056768K)], 1.1603821 secs] [Times: user=2.52 sys=0.00, real=1.16 secs] 
2018-03-04T00:02:51.963+0300: 130.130: [GC (Allocation Failure) 2018-03-04T00:02:51.963+0300: 130.130: [ParNew (promotion failed): 139776K->157248K(157248K), 0.1910038 secs]2018-03-04T00:02:52.154+0300: 130.321: [CMS: 325249K->325247K(349568K), 0.6538667 secs] 465023K->421621K(506816K), [Metaspace: 5277K->5277K(1056768K)], 0.8450042 secs] [Times: user=1.94 sys=0.00, real=0.84 secs] 
2018-03-04T00:02:52.807+0300: 130.975: [GC (CMS Initial Mark) [1 CMS-initial-mark: 325247K(349568K)] 422516K(506816K), 0.1902526 secs] [Times: user=0.19 sys=0.00, real=0.19 secs] 
2018-03-04T00:02:52.998+0300: 131.165: [CMS-concurrent-mark-start]
2018-03-04T00:02:53.023+0300: 131.191: [GC (Allocation Failure) 2018-03-04T00:02:53.023+0300: 131.191: [ParNew (promotion failed): 139776K->157248K(157248K), 0.1873029 secs]2018-03-04T00:02:53.210+0300: 131.378: [CMS2018-03-04T00:02:53.536+0300: 131.704: [CMS-concurrent-mark: 0.351/0.538 secs] [Times: user=2.11 sys=0.00, real=0.54 secs] 
 (concurrent mode failure): 325249K->325247K(349568K), 0.9606506 secs] 465023K->422055K(506816K), [Metaspace: 5277K->5277K(1056768K)], 1.1480850 secs] [Times: user=2.64 sys=0.00, real=1.15 secs] 
2018-03-04T00:02:54.191+0300: 132.358: [GC (Allocation Failure) 2018-03-04T00:02:54.191+0300: 132.358: [ParNew (promotion failed): 139776K->157248K(157248K), 0.2089875 secs]2018-03-04T00:02:54.400+0300: 132.567: [CMS: 325249K->325247K(349568K), 0.6682751 secs] 465023K->422473K(506816K), [Metaspace: 5277K->5277K(1056768K)], 0.8774657 secs] [Times: user=2.06 sys=0.00, real=0.88 secs] 
2018-03-04T00:02:55.068+0300: 133.236: [GC (CMS Initial Mark) [1 CMS-initial-mark: 325247K(349568K)] 423350K(506816K), 0.1842372 secs] [Times: user=0.19 sys=0.00, real=0.18 secs] 
2018-03-04T00:02:55.253+0300: 133.420: [CMS-concurrent-mark-start]
2018-03-04T00:02:55.276+0300: 133.444: [GC (Allocation Failure) 2018-03-04T00:02:55.276+0300: 133.444: [ParNew (promotion failed): 139776K->157248K(157248K), 0.2188612 secs]2018-03-04T00:02:55.495+0300: 133.662: [CMS2018-03-04T00:02:55.822+0300: 133.989: [CMS-concurrent-mark: 0.350/0.569 secs] [Times: user=2.25 sys=0.03, real=0.57 secs] 
 (concurrent mode failure): 325249K->325247K(349568K), 0.9813430 secs] 465023K->422905K(506816K), [Metaspace: 5277K->5277K(1056768K)], 1.2003390 secs] [Times: user=2.86 sys=0.03, real=1.20 secs] 
2018-03-04T00:02:56.496+0300: 134.664: [GC (Allocation Failure) 2018-03-04T00:02:56.496+0300: 134.664: [ParNew (promotion failed): 139776K->157248K(157248K), 0.2288352 secs]2018-03-04T00:02:56.725+0300: 134.893: [CMS: 325249K->325247K(349568K), 0.6493176 secs] 465023K->423323K(506816K), [Metaspace: 5278K->5278K(1056768K)], 0.8782886 secs] [Times: user=2.28 sys=0.00, real=0.88 secs] 
2018-03-04T00:02:57.374+0300: 135.542: [GC (CMS Initial Mark) [1 CMS-initial-mark: 325247K(349568K)] 424183K(506816K), 0.1895447 secs] [Times: user=0.19 sys=0.00, real=0.19 secs] 
2018-03-04T00:02:57.564+0300: 135.732: [CMS-concurrent-mark-start]
2018-03-04T00:02:57.584+0300: 135.752: [GC (Allocation Failure) 2018-03-04T00:02:57.584+0300: 135.752: [ParNew (promotion failed): 139776K->157248K(157248K), 0.2083763 secs]2018-03-04T00:02:57.792+0300: 135.960: [CMS2018-03-04T00:02:58.134+0300: 136.302: [CMS-concurrent-mark: 0.361/0.570 secs] [Times: user=2.16 sys=0.00, real=0.57 secs] 
 (concurrent mode failure): 325249K->325247K(349568K), 0.9831088 secs] 465023K->423741K(506816K), [Metaspace: 5280K->5280K(1056768K)], 1.1916579 secs] [Times: user=2.75 sys=0.00, real=1.19 secs] 
2018-03-04T00:02:58.796+0300: 136.963: [GC (Allocation Failure) 2018-03-04T00:02:58.796+0300: 136.963: [ParNew (promotion failed): 139776K->157248K(157248K), 0.2368109 secs]2018-03-04T00:02:59.033+0300: 137.200: [CMS: 325249K->325247K(349568K), 0.6534562 secs] 465023K->424159K(506816K), [Metaspace: 5280K->5280K(1056768K)], 0.8904156 secs] [Times: user=2.23 sys=0.00, real=0.89 secs] 
2018-03-04T00:02:59.686+0300: 137.854: [GC (CMS Initial Mark) [1 CMS-initial-mark: 325247K(349568K)] 425001K(506816K), 0.1952281 secs] [Times: user=0.19 sys=0.00, real=0.20 secs] 
2018-03-04T00:02:59.882+0300: 138.049: [CMS-concurrent-mark-start]
Heap
 par new generation   total 157248K, used 128930K [0x00000000e0000000, 0x00000000eaaa0000, 0x00000000eaaa0000)
  eden space 139776K,  92% used [0x00000000e0000000, 0x00000000e7de8ae8, 0x00000000e8880000)
  from space 17472K,   0% used [0x00000000e8880000, 0x00000000e8880000, 0x00000000e9990000)
  to   space 17472K,   0% used [0x00000000e9990000, 0x00000000e9990000, 0x00000000eaaa0000)
 concurrent mark-sweep generation total 349568K, used 325247K [0x00000000eaaa0000, 0x0000000100000000, 0x0000000100000000)
 Metaspace       used 5301K, capacity 5458K, committed 5632K, reserved 1056768K
  class space    used 613K, capacity 657K, committed 768K, reserved 1048576K
