Java HotSpot(TM) 64-Bit Server VM (25.161-b12) for windows-amd64 JRE (1.8.0_161-b12), built on Dec 19 2017 17:52:25 by "java_re" with MS VC++ 10.0 (VS2010)
Memory: 4k page, physical 33469572k(19482664k free), swap 33469572k(15755360k free)
CommandLine flags: -XX:InitialHeapSize=536870912 -XX:MaxHeapSize=536870912 -XX:+PrintGC -XX:+PrintGCDateStamps -XX:+PrintGCDetails -XX:+PrintGCTimeStamps -XX:+UseCompressedClassPointers -XX:+UseCompressedOops -XX:-UseLargePagesIndividualAllocation -XX:+UseParallelGC -XX:+UseParallelOldGC 
2018-03-03T23:56:51.694+0300: 15.198: [GC (Allocation Failure) [PSYoungGen: 131584K->2256K(153088K)] 131584K->2264K(502784K), 0.0024110 secs] [Times: user=0.00 sys=0.00, real=0.00 secs] 
2018-03-03T23:56:51.752+0300: 15.256: [GC (Allocation Failure) [PSYoungGen: 133840K->4265K(153088K)] 133848K->4281K(502784K), 0.0048066 secs] [Times: user=0.00 sys=0.00, real=0.00 secs] 
2018-03-03T23:56:51.804+0300: 15.308: [GC (Allocation Failure) [PSYoungGen: 135849K->6030K(153088K)] 135865K->6054K(502784K), 0.0060250 secs] [Times: user=0.00 sys=0.00, real=0.01 secs] 
2018-03-03T23:56:51.855+0300: 15.358: [GC (Allocation Failure) [PSYoungGen: 137614K->7358K(153088K)] 137638K->7382K(502784K), 0.0070475 secs] [Times: user=0.09 sys=0.00, real=0.01 secs] 
2018-03-03T23:56:51.908+0300: 15.412: [GC (Allocation Failure) [PSYoungGen: 138942K->9326K(153088K)] 138966K->9350K(502784K), 0.0104215 secs] [Times: user=0.00 sys=0.00, real=0.01 secs] 
2018-03-03T23:56:51.964+0300: 15.468: [GC (Allocation Failure) [PSYoungGen: 140910K->10638K(159232K)] 140934K->10670K(508928K), 0.0108974 secs] [Times: user=0.09 sys=0.00, real=0.01 secs] 
2018-03-03T23:56:52.033+0300: 15.536: [GC (Allocation Failure) [PSYoungGen: 158606K->9949K(158208K)] 158638K->13181K(507904K), 0.0140815 secs] [Times: user=0.08 sys=0.00, real=0.01 secs] 
2018-03-03T23:56:52.098+0300: 15.601: [GC (Allocation Failure) [PSYoungGen: 157917K->8797K(160768K)] 161149K->14677K(510464K), 0.0118562 secs] [Times: user=0.03 sys=0.01, real=0.01 secs] 
2018-03-03T23:56:52.163+0300: 15.666: [GC (Allocation Failure) [PSYoungGen: 155741K->7645K(160768K)] 161621K->16165K(510464K), 0.0111020 secs] [Times: user=0.03 sys=0.02, real=0.01 secs] 
2018-03-03T23:56:52.224+0300: 15.727: [GC (Allocation Failure) [PSYoungGen: 154589K->7724K(161792K)] 163109K->19196K(511488K), 0.0118015 secs] [Times: user=0.08 sys=0.00, real=0.01 secs] 
2018-03-03T23:56:52.290+0300: 15.793: [GC (Allocation Failure) [PSYoungGen: 156204K->1600K(161280K)] 167676K->20740K(510976K), 0.0113238 secs] [Times: user=0.05 sys=0.03, real=0.01 secs] 
2018-03-03T23:57:07.356+0300: 30.859: [GC (Allocation Failure) [PSYoungGen: 150080K->1600K(160256K)] 169220K->22260K(509952K), 0.0167448 secs] [Times: user=0.06 sys=0.02, real=0.02 secs] 
2018-03-03T23:57:07.433+0300: 30.936: [GC (Allocation Failure) [PSYoungGen: 148544K->1600K(160768K)] 169204K->23764K(510464K), 0.0168780 secs] [Times: user=0.09 sys=0.00, real=0.02 secs] 
2018-03-03T23:57:07.519+0300: 31.023: [GC (Allocation Failure) [PSYoungGen: 148544K->8658K(160768K)] 170708K->32326K(510464K), 0.0108737 secs] [Times: user=0.05 sys=0.00, real=0.01 secs] 
2018-03-03T23:57:07.598+0300: 31.101: [GC (Allocation Failure) [PSYoungGen: 155602K->1600K(160768K)] 179270K->33838K(510464K), 0.0106799 secs] [Times: user=0.03 sys=0.00, real=0.01 secs] 
2018-03-03T23:57:07.682+0300: 31.186: [GC (Allocation Failure) [PSYoungGen: 148544K->1600K(160768K)] 180782K->35334K(510464K), 0.0161148 secs] [Times: user=0.08 sys=0.00, real=0.02 secs] 
2018-03-03T23:57:07.775+0300: 31.278: [GC (Allocation Failure) [PSYoungGen: 148544K->1600K(160768K)] 182278K->36838K(510464K), 0.0171556 secs] [Times: user=0.08 sys=0.00, real=0.02 secs] 
2018-03-03T23:57:07.862+0300: 31.366: [GC (Allocation Failure) [PSYoungGen: 148544K->1568K(161280K)] 183782K->38294K(510976K), 0.0158413 secs] [Times: user=0.06 sys=0.00, real=0.02 secs] 
2018-03-03T23:57:07.947+0300: 31.450: [GC (Allocation Failure) [PSYoungGen: 149024K->1600K(160768K)] 185750K->39830K(510464K), 0.0172872 secs] [Times: user=0.08 sys=0.00, real=0.02 secs] 
2018-03-03T23:57:08.031+0300: 31.535: [GC (Allocation Failure) [PSYoungGen: 149056K->1568K(161792K)] 187286K->41286K(511488K), 0.0160303 secs] [Times: user=0.08 sys=0.00, real=0.02 secs] 
2018-03-03T23:57:08.120+0300: 31.624: [GC (Allocation Failure) [PSYoungGen: 150560K->12155K(161280K)] 190278K->53369K(510976K), 0.0196107 secs] [Times: user=0.06 sys=0.02, real=0.02 secs] 
2018-03-03T23:57:08.218+0300: 31.722: [GC (Allocation Failure) [PSYoungGen: 161147K->1568K(159232K)] 202361K->54889K(508928K), 0.0191330 secs] [Times: user=0.08 sys=0.00, real=0.02 secs] 
2018-03-03T23:57:23.298+0300: 46.802: [GC (Allocation Failure) [PSYoungGen: 147488K->1600K(160256K)] 200809K->56433K(509952K), 0.0216527 secs] [Times: user=0.13 sys=0.00, real=0.02 secs] 
2018-03-03T23:57:23.380+0300: 46.884: [GC (Allocation Failure) [PSYoungGen: 147520K->1600K(161280K)] 202353K->57929K(510976K), 0.0194674 secs] [Times: user=0.09 sys=0.00, real=0.02 secs] 
2018-03-03T23:57:23.461+0300: 46.965: [GC (Allocation Failure) [PSYoungGen: 149056K->1568K(160768K)] 205385K->59377K(510464K), 0.0215677 secs] [Times: user=0.13 sys=0.00, real=0.02 secs] 
2018-03-03T23:57:23.544+0300: 47.047: [GC (Allocation Failure) [PSYoungGen: 149024K->1568K(162304K)] 206833K->60881K(512000K), 0.0217951 secs] [Times: user=0.24 sys=0.01, real=0.02 secs] 
2018-03-03T23:57:23.626+0300: 47.130: [GC (Allocation Failure) [PSYoungGen: 151072K->1632K(161792K)] 210385K->62441K(511488K), 0.0220181 secs] [Times: user=0.13 sys=0.00, real=0.02 secs] 
2018-03-03T23:57:23.709+0300: 47.213: [GC (Allocation Failure) [PSYoungGen: 151136K->1600K(163328K)] 211945K->63937K(513024K), 0.0229555 secs] [Times: user=0.13 sys=0.00, real=0.02 secs] 
2018-03-03T23:57:23.795+0300: 47.299: [GC (Allocation Failure) [PSYoungGen: 153152K->1632K(162816K)] 215489K->65497K(512512K), 0.0223080 secs] [Times: user=0.11 sys=0.00, real=0.02 secs] 
2018-03-03T23:57:23.877+0300: 47.381: [GC (Allocation Failure) [PSYoungGen: 153184K->1440K(164352K)] 217049K->82881K(514048K), 0.0227825 secs] [Times: user=0.13 sys=0.00, real=0.02 secs] 
2018-03-03T23:57:23.966+0300: 47.469: [GC (Allocation Failure) [PSYoungGen: 155040K->1632K(163840K)] 236481K->84481K(513536K), 0.0191047 secs] [Times: user=0.22 sys=0.00, real=0.02 secs] 
2018-03-03T23:57:24.054+0300: 47.558: [GC (Allocation Failure) [PSYoungGen: 155232K->1696K(165376K)] 238081K->86105K(515072K), 0.0207516 secs] [Times: user=0.11 sys=0.00, real=0.02 secs] 
2018-03-03T23:57:39.141+0300: 62.645: [GC (Allocation Failure) [PSYoungGen: 157344K->1664K(164864K)] 241753K->87649K(514560K), 0.0244477 secs] [Times: user=0.13 sys=0.00, real=0.02 secs] 
2018-03-03T23:57:39.231+0300: 62.735: [GC (Allocation Failure) [PSYoungGen: 157312K->1888K(166400K)] 243297K->89473K(516096K), 0.0226500 secs] [Times: user=0.25 sys=0.00, real=0.02 secs] 
2018-03-03T23:57:39.319+0300: 62.823: [GC (Allocation Failure) [PSYoungGen: 159584K->1664K(165888K)] 247169K->90953K(515584K), 0.0236301 secs] [Times: user=0.25 sys=0.00, real=0.02 secs] 
2018-03-03T23:57:39.408+0300: 62.911: [GC (Allocation Failure) [PSYoungGen: 159360K->1696K(167424K)] 248649K->92593K(517120K), 0.0251607 secs] [Times: user=0.13 sys=0.00, real=0.03 secs] 
2018-03-03T23:57:39.497+0300: 63.001: [GC (Allocation Failure) [PSYoungGen: 161440K->1728K(166912K)] 252337K->94233K(516608K), 0.0243632 secs] [Times: user=0.23 sys=0.00, real=0.03 secs] 
2018-03-03T23:57:39.588+0300: 63.092: [GC (Allocation Failure) [PSYoungGen: 161472K->1696K(167936K)] 253977K->95833K(517632K), 0.0233188 secs] [Times: user=0.25 sys=0.00, real=0.02 secs] 
2018-03-03T23:57:39.684+0300: 63.189: [GC (Allocation Failure) [PSYoungGen: 162464K->1728K(167424K)] 256601K->97481K(517120K), 0.0245411 secs] [Times: user=0.22 sys=0.00, real=0.03 secs] 
2018-03-03T23:57:39.779+0300: 63.283: [GC (Allocation Failure) [PSYoungGen: 162496K->1728K(168448K)] 258249K->99121K(518144K), 0.0246941 secs] [Times: user=0.19 sys=0.00, real=0.02 secs] 
2018-03-03T23:57:39.871+0300: 63.375: [GC (Allocation Failure) [PSYoungGen: 164032K->1728K(168448K)] 261425K->100753K(518144K), 0.0242091 secs] [Times: user=0.25 sys=0.00, real=0.02 secs] 
2018-03-03T23:57:39.963+0300: 63.467: [GC (Allocation Failure) [PSYoungGen: 164032K->1728K(168960K)] 263057K->102409K(518656K), 0.0235538 secs] [Times: user=0.25 sys=0.00, real=0.02 secs] 
2018-03-03T23:57:55.056+0300: 78.560: [GC (Allocation Failure) [PSYoungGen: 165056K->1728K(168960K)] 265737K->104057K(518656K), 0.0234856 secs] [Times: user=0.19 sys=0.00, real=0.02 secs] 
2018-03-03T23:57:55.145+0300: 78.649: [GC (Allocation Failure) [PSYoungGen: 165056K->1504K(169472K)] 267385K->129526K(519168K), 0.0313443 secs] [Times: user=0.20 sys=0.02, real=0.03 secs] 
2018-03-03T23:57:55.244+0300: 78.748: [GC (Allocation Failure) [PSYoungGen: 165856K->1760K(169472K)] 293878K->131214K(519168K), 0.0203928 secs] [Times: user=0.19 sys=0.00, real=0.02 secs] 
2018-03-03T23:57:55.337+0300: 78.841: [GC (Allocation Failure) [PSYoungGen: 166112K->1792K(169984K)] 295566K->132934K(519680K), 0.0231085 secs] [Times: user=0.17 sys=0.00, real=0.02 secs] 
2018-03-03T23:57:55.434+0300: 78.937: [GC (Allocation Failure) [PSYoungGen: 167168K->1792K(169984K)] 298310K->134606K(519680K), 0.0236893 secs] [Times: user=0.20 sys=0.00, real=0.02 secs] 
2018-03-03T23:57:55.531+0300: 79.035: [GC (Allocation Failure) [PSYoungGen: 167168K->1792K(170496K)] 299982K->136286K(520192K), 0.0256913 secs] [Times: user=0.13 sys=0.00, real=0.03 secs] 
2018-03-03T23:57:55.625+0300: 79.129: [GC (Allocation Failure) [PSYoungGen: 168192K->1792K(170496K)] 302686K->137974K(520192K), 0.0266835 secs] [Times: user=0.13 sys=0.00, real=0.03 secs] 
2018-03-03T23:57:55.718+0300: 79.221: [GC (Allocation Failure) [PSYoungGen: 168192K->1824K(171008K)] 304374K->139694K(520704K), 0.0243038 secs] [Times: user=0.08 sys=0.00, real=0.02 secs] 
2018-03-03T23:57:55.808+0300: 79.312: [GC (Allocation Failure) [PSYoungGen: 168736K->1760K(170496K)] 306606K->141318K(520192K), 0.0244077 secs] [Times: user=0.20 sys=0.00, real=0.02 secs] 
2018-03-03T23:57:55.900+0300: 79.404: [GC (Allocation Failure) [PSYoungGen: 168672K->1824K(171008K)] 308230K->143094K(520704K), 0.0264891 secs] [Times: user=0.22 sys=0.00, real=0.03 secs] 
2018-03-03T23:58:11.028+0300: 94.531: [GC (Allocation Failure) [PSYoungGen: 169248K->1760K(171008K)] 310518K->144726K(520704K), 0.0239913 secs] [Times: user=0.16 sys=0.00, real=0.02 secs] 
2018-03-03T23:58:11.154+0300: 94.657: [GC (Allocation Failure) [PSYoungGen: 169184K->1824K(171520K)] 312150K->146486K(521216K), 0.0236094 secs] [Times: user=0.09 sys=0.00, real=0.02 secs] 
2018-03-03T23:58:11.298+0300: 94.801: [GC (Allocation Failure) [PSYoungGen: 169760K->1824K(171008K)] 314422K->148190K(520704K), 0.0243747 secs] [Times: user=0.08 sys=0.00, real=0.02 secs] 
2018-03-03T23:58:11.413+0300: 94.916: [GC (Allocation Failure) [PSYoungGen: 169760K->1824K(171520K)] 316126K->149902K(521216K), 0.0257268 secs] [Times: user=0.22 sys=0.01, real=0.03 secs] 
2018-03-03T23:58:11.520+0300: 95.024: [GC (Allocation Failure) [PSYoungGen: 170272K->1856K(171520K)] 318350K->151646K(521216K), 0.0231289 secs] [Times: user=0.03 sys=0.00, real=0.02 secs] 
2018-03-03T23:58:11.641+0300: 95.145: [GC (Allocation Failure) [PSYoungGen: 170304K->1792K(171520K)] 320094K->153294K(521216K), 0.0232127 secs] [Times: user=0.08 sys=0.00, real=0.02 secs] 
2018-03-03T23:58:11.780+0300: 95.283: [GC (Allocation Failure) [PSYoungGen: 170240K->1792K(171520K)] 321742K->155014K(521216K), 0.0263085 secs] [Times: user=0.13 sys=0.00, real=0.03 secs] 
2018-03-03T23:58:11.885+0300: 95.389: [GC (Allocation Failure) [PSYoungGen: 170240K->1792K(172032K)] 323462K->156734K(521728K), 0.0260762 secs] [Times: user=0.22 sys=0.00, real=0.03 secs] 
2018-03-03T23:58:11.988+0300: 95.491: [GC (Allocation Failure) [PSYoungGen: 171264K->1824K(172032K)] 326206K->158486K(521728K), 0.0227587 secs] [Times: user=0.08 sys=0.00, real=0.02 secs] 
2018-03-03T23:58:27.093+0300: 110.597: [GC (Allocation Failure) [PSYoungGen: 171296K->1856K(172032K)] 327958K->160254K(521728K), 0.0240177 secs] [Times: user=0.08 sys=0.00, real=0.02 secs] 
2018-03-03T23:58:27.183+0300: 110.687: [GC (Allocation Failure) [PSYoungGen: 171328K->1504K(172032K)] 329726K->197685K(521728K), 0.0456440 secs] [Times: user=0.31 sys=0.00, real=0.05 secs] 
2018-03-03T23:58:27.304+0300: 110.808: [GC (Allocation Failure) [PSYoungGen: 170976K->1856K(172032K)] 367157K->199413K(521728K), 0.0251529 secs] [Times: user=0.23 sys=0.00, real=0.03 secs] 
2018-03-03T23:58:27.402+0300: 110.906: [GC (Allocation Failure) [PSYoungGen: 171328K->1824K(172032K)] 368885K->201101K(521728K), 0.0297206 secs] [Times: user=0.19 sys=0.00, real=0.03 secs] 
2018-03-03T23:58:27.507+0300: 111.011: [GC (Allocation Failure) [PSYoungGen: 171296K->1824K(172032K)] 370573K->202829K(521728K), 0.0272024 secs] [Times: user=0.23 sys=0.00, real=0.03 secs] 
2018-03-03T23:58:27.613+0300: 111.116: [GC (Allocation Failure) [PSYoungGen: 171296K->1824K(172032K)] 372301K->204565K(521728K), 0.0286993 secs] [Times: user=0.22 sys=0.00, real=0.03 secs] 
2018-03-03T23:58:27.716+0300: 111.220: [GC (Allocation Failure) [PSYoungGen: 171296K->1856K(172032K)] 374037K->206317K(521728K), 0.0296539 secs] [Times: user=0.22 sys=0.00, real=0.03 secs] 
2018-03-03T23:58:27.821+0300: 111.324: [GC (Allocation Failure) [PSYoungGen: 171328K->1824K(172032K)] 375789K->208021K(521728K), 0.0290869 secs] [Times: user=0.22 sys=0.00, real=0.03 secs] 
2018-03-03T23:58:27.923+0300: 111.427: [GC (Allocation Failure) [PSYoungGen: 171296K->1856K(172032K)] 377493K->209781K(521728K), 0.0312464 secs] [Times: user=0.24 sys=0.00, real=0.03 secs] 
2018-03-03T23:58:43.031+0300: 126.534: [GC (Allocation Failure) [PSYoungGen: 171328K->1888K(172032K)] 379253K->211541K(521728K), 0.0270954 secs] [Times: user=0.11 sys=0.00, real=0.03 secs] 
2018-03-03T23:58:43.133+0300: 126.637: [GC (Allocation Failure) [PSYoungGen: 171360K->1856K(172032K)] 381013K->213245K(521728K), 0.0290265 secs] [Times: user=0.24 sys=0.00, real=0.03 secs] 
2018-03-03T23:58:43.238+0300: 126.742: [GC (Allocation Failure) [PSYoungGen: 171328K->1888K(172032K)] 382717K->215005K(521728K), 0.0281284 secs] [Times: user=0.20 sys=0.00, real=0.03 secs] 
2018-03-03T23:58:43.343+0300: 126.846: [GC (Allocation Failure) [PSYoungGen: 171360K->1824K(172032K)] 384477K->216661K(521728K), 0.0291116 secs] [Times: user=0.11 sys=0.00, real=0.03 secs] 
2018-03-03T23:58:43.448+0300: 126.951: [GC (Allocation Failure) [PSYoungGen: 171296K->1760K(172032K)] 386133K->218325K(521728K), 0.0281308 secs] [Times: user=0.20 sys=0.00, real=0.03 secs] 
2018-03-03T23:58:43.548+0300: 127.051: [GC (Allocation Failure) [PSYoungGen: 171232K->1792K(172544K)] 387797K->220085K(522240K), 0.0329948 secs] [Times: user=0.23 sys=0.00, real=0.03 secs] 
2018-03-03T23:58:43.659+0300: 127.162: [GC (Allocation Failure) [PSYoungGen: 171776K->1824K(172032K)] 390069K->221837K(521728K), 0.0281522 secs] [Times: user=0.19 sys=0.00, real=0.03 secs] 
2018-03-03T23:58:43.760+0300: 127.264: [GC (Allocation Failure) [PSYoungGen: 171808K->1824K(172544K)] 391821K->223565K(522240K), 0.0293084 secs] [Times: user=0.22 sys=0.00, real=0.03 secs] 
2018-03-03T23:58:43.865+0300: 127.369: [GC (Allocation Failure) [PSYoungGen: 172320K->1824K(172544K)] 394061K->225301K(522240K), 0.0297125 secs] [Times: user=0.11 sys=0.00, real=0.03 secs] 
2018-03-03T23:58:58.974+0300: 142.478: [GC (Allocation Failure) [PSYoungGen: 172320K->1888K(172544K)] 395797K->227101K(522240K), 0.0291686 secs] [Times: user=0.19 sys=0.00, real=0.03 secs] 
2018-03-03T23:58:59.083+0300: 142.587: [GC (Allocation Failure) [PSYoungGen: 172384K->1856K(172544K)] 397597K->228821K(522240K), 0.0299072 secs] [Times: user=0.17 sys=0.00, real=0.03 secs] 
2018-03-03T23:58:59.189+0300: 142.693: [GC (Allocation Failure) [PSYoungGen: 172352K->1824K(172544K)] 399317K->230525K(522240K), 0.0297702 secs] [Times: user=0.19 sys=0.00, real=0.03 secs] 
2018-03-03T23:58:59.293+0300: 142.797: [GC (Allocation Failure) [PSYoungGen: 172320K->1856K(172544K)] 401021K->232293K(522240K), 0.0297924 secs] [Times: user=0.19 sys=0.00, real=0.03 secs] 
2018-03-03T23:58:59.397+0300: 142.900: [GC (Allocation Failure) [PSYoungGen: 172352K->1856K(172544K)] 402789K->234045K(522240K), 0.0319270 secs] [Times: user=0.22 sys=0.00, real=0.03 secs] 
2018-03-03T23:58:59.504+0300: 143.008: [GC (Allocation Failure) [PSYoungGen: 172352K->1888K(172544K)] 404541K->235813K(522240K), 0.0294117 secs] [Times: user=0.22 sys=0.00, real=0.03 secs] 
2018-03-03T23:58:59.606+0300: 143.110: [GC (Allocation Failure) [PSYoungGen: 172384K->1888K(172544K)] 406309K->237549K(522240K), 0.0305448 secs] [Times: user=0.22 sys=0.00, real=0.03 secs] 
2018-03-03T23:58:59.715+0300: 143.218: [GC (Allocation Failure) [PSYoungGen: 172384K->1824K(172544K)] 408045K->239221K(522240K), 0.0286467 secs] [Times: user=0.17 sys=0.00, real=0.03 secs] 
2018-03-03T23:58:59.815+0300: 143.319: [GC (Allocation Failure) [PSYoungGen: 172320K->1856K(172544K)] 409717K->240989K(522240K), 0.0329179 secs] [Times: user=0.25 sys=0.00, real=0.03 secs] 
2018-03-03T23:58:59.921+0300: 143.424: [GC (Allocation Failure) [PSYoungGen: 172352K->1824K(172544K)] 411485K->242693K(522240K), 0.0302299 secs] [Times: user=0.09 sys=0.02, real=0.03 secs] 
2018-03-03T23:59:15.034+0300: 158.538: [GC (Allocation Failure) [PSYoungGen: 172320K->1824K(172544K)] 413189K->244429K(522240K), 0.0281696 secs] [Times: user=0.16 sys=0.00, real=0.03 secs] 
2018-03-03T23:59:15.146+0300: 158.650: [GC (Allocation Failure) [PSYoungGen: 172320K->1824K(172544K)] 414925K->246165K(522240K), 0.0291269 secs] [Times: user=0.23 sys=0.00, real=0.03 secs] 
2018-03-03T23:59:15.242+0300: 158.745: [GC (Allocation Failure) [PSYoungGen: 172320K->1216K(172544K)] 416661K->301384K(522240K), 0.0707280 secs] [Times: user=0.53 sys=0.02, real=0.07 secs] 
2018-03-03T23:59:15.388+0300: 158.891: [GC (Allocation Failure) [PSYoungGen: 171712K->1856K(172544K)] 471880K->303240K(522240K), 0.0307795 secs] [Times: user=0.23 sys=0.00, real=0.03 secs] 
2018-03-03T23:59:15.491+0300: 158.994: [GC (Allocation Failure) [PSYoungGen: 172352K->1824K(172544K)] 473736K->304944K(522240K), 0.0315754 secs] [Times: user=0.22 sys=0.00, real=0.03 secs] 
2018-03-03T23:59:15.597+0300: 159.100: [GC (Allocation Failure) [PSYoungGen: 172320K->1888K(172544K)] 475440K->306744K(522240K), 0.0335218 secs] [Times: user=0.22 sys=0.00, real=0.03 secs] 
2018-03-03T23:59:15.708+0300: 159.211: [GC (Allocation Failure) [PSYoungGen: 172384K->1824K(172544K)] 477240K->308400K(522240K), 0.0330372 secs] [Times: user=0.19 sys=0.00, real=0.03 secs] 
2018-03-03T23:59:15.816+0300: 159.319: [GC (Allocation Failure) [PSYoungGen: 172320K->1856K(172544K)] 478896K->310160K(522240K), 0.0321544 secs] [Times: user=0.20 sys=0.00, real=0.03 secs] 
2018-03-03T23:59:15.926+0300: 159.430: [GC (Allocation Failure) [PSYoungGen: 172352K->1824K(172544K)] 480656K->311880K(522240K), 0.0341189 secs] [Times: user=0.20 sys=0.00, real=0.03 secs] 
2018-03-03T23:59:31.037+0300: 174.541: [GC (Allocation Failure) [PSYoungGen: 172320K->1856K(172544K)] 482376K->313640K(522240K), 0.0328067 secs] [Times: user=0.17 sys=0.00, real=0.03 secs] 
2018-03-03T23:59:31.150+0300: 174.654: [GC (Allocation Failure) [PSYoungGen: 172352K->1824K(172544K)] 484136K->315352K(522240K), 0.0337992 secs] [Times: user=0.20 sys=0.00, real=0.03 secs] 
2018-03-03T23:59:31.258+0300: 174.762: [GC (Allocation Failure) [PSYoungGen: 172320K->1856K(172544K)] 485848K->317112K(522240K), 0.0344704 secs] [Times: user=0.20 sys=0.00, real=0.04 secs] 
2018-03-03T23:59:31.365+0300: 174.869: [GC (Allocation Failure) [PSYoungGen: 172352K->1856K(172544K)] 487608K->318848K(522240K), 0.0356083 secs] [Times: user=0.19 sys=0.00, real=0.04 secs] 
2018-03-03T23:59:31.484+0300: 174.988: [GC (Allocation Failure) [PSYoungGen: 172352K->1824K(172544K)] 489344K->320552K(522240K), 0.0348833 secs] [Times: user=0.22 sys=0.00, real=0.04 secs] 
2018-03-03T23:59:31.594+0300: 175.098: [GC (Allocation Failure) [PSYoungGen: 172320K->1856K(172544K)] 491048K->322320K(522240K), 0.0375283 secs] [Times: user=0.20 sys=0.00, real=0.04 secs] 
2018-03-03T23:59:31.704+0300: 175.207: [GC (Allocation Failure) [PSYoungGen: 172352K->1888K(172544K)] 492816K->324080K(522240K), 0.0371978 secs] [Times: user=0.22 sys=0.00, real=0.04 secs] 
2018-03-03T23:59:31.821+0300: 175.324: [GC (Allocation Failure) [PSYoungGen: 172384K->1824K(172544K)] 494576K->325752K(522240K), 0.0345338 secs] [Times: user=0.17 sys=0.02, real=0.03 secs] 
2018-03-03T23:59:31.929+0300: 175.433: [GC (Allocation Failure) [PSYoungGen: 172320K->1824K(172544K)] 496248K->327496K(522240K), 0.0372690 secs] [Times: user=0.20 sys=0.00, real=0.04 secs] 
2018-03-03T23:59:47.040+0300: 190.543: [GC (Allocation Failure) [PSYoungGen: 172320K->1856K(172544K)] 497992K->329256K(522240K), 0.0348833 secs] [Times: user=0.17 sys=0.00, real=0.04 secs] 
2018-03-03T23:59:47.152+0300: 190.655: [GC (Allocation Failure) [PSYoungGen: 172352K->1824K(172544K)] 499752K->330968K(522240K), 0.0381271 secs] [Times: user=0.26 sys=0.00, real=0.04 secs] 
2018-03-03T23:59:47.262+0300: 190.766: [GC (Allocation Failure) [PSYoungGen: 172320K->1824K(172544K)] 501464K->332696K(522240K), 0.0388924 secs] [Times: user=0.33 sys=0.00, real=0.04 secs] 
2018-03-03T23:59:47.376+0300: 190.880: [GC (Allocation Failure) [PSYoungGen: 172320K->1792K(172544K)] 503192K->334400K(522240K), 0.0364343 secs] [Times: user=0.19 sys=0.00, real=0.04 secs] 
2018-03-03T23:59:47.486+0300: 190.990: [GC (Allocation Failure) [PSYoungGen: 172288K->1856K(172544K)] 504896K->336192K(522240K), 0.0345837 secs] [Times: user=0.17 sys=0.00, real=0.03 secs] 
2018-03-03T23:59:47.595+0300: 191.099: [GC (Allocation Failure) [PSYoungGen: 172352K->1824K(172544K)] 506688K->337896K(522240K), 0.0364385 secs] [Times: user=0.20 sys=0.00, real=0.04 secs] 
2018-03-03T23:59:47.706+0300: 191.209: [GC (Allocation Failure) [PSYoungGen: 172320K->1824K(172544K)] 508392K->339632K(522240K), 0.0357787 secs] [Times: user=0.19 sys=0.00, real=0.03 secs] 
2018-03-03T23:59:47.815+0300: 191.319: [GC (Allocation Failure) [PSYoungGen: 172320K->1792K(172544K)] 510128K->341328K(522240K), 0.0354788 secs] [Times: user=0.19 sys=0.00, real=0.04 secs] 
2018-03-03T23:59:47.926+0300: 191.429: [GC (Allocation Failure) [PSYoungGen: 172288K->1824K(172544K)] 511824K->343088K(522240K), 0.0387647 secs] [Times: user=0.20 sys=0.00, real=0.04 secs] 
2018-03-04T00:00:03.039+0300: 206.543: [GC (Allocation Failure) [PSYoungGen: 172320K->1824K(172544K)] 513584K->344816K(522240K), 0.0360533 secs] [Times: user=0.16 sys=0.00, real=0.04 secs] 
2018-03-04T00:00:03.155+0300: 206.659: [GC (Allocation Failure) [PSYoungGen: 172320K->1824K(172544K)] 515312K->346544K(522240K), 0.0362787 secs] [Times: user=0.20 sys=0.00, real=0.04 secs] 
2018-03-04T00:00:03.191+0300: 206.695: [Full GC (Ergonomics) [PSYoungGen: 1824K->0K(172544K)] [ParOldGen: 344720K->244327K(349696K)] 346544K->244327K(522240K), [Metaspace: 5272K->5272K(1056768K)], 3.5428361 secs] [Times: user=11.69 sys=0.00, real=3.54 secs] 
2018-03-04T00:00:06.822+0300: 210.326: [GC (Allocation Failure) [PSYoungGen: 170496K->1792K(172544K)] 414823K->246119K(522240K), 0.0250690 secs] [Times: user=0.14 sys=0.02, real=0.03 secs] 
2018-03-04T00:00:06.924+0300: 210.427: [GC (Allocation Failure) [PSYoungGen: 172288K->1888K(172544K)] 416615K->247959K(522240K), 0.0349536 secs] [Times: user=0.19 sys=0.00, real=0.04 secs] 
2018-03-04T00:00:07.033+0300: 210.537: [GC (Allocation Failure) [PSYoungGen: 172384K->1824K(172544K)] 418455K->249631K(522240K), 0.0316857 secs] [Times: user=0.16 sys=0.00, real=0.03 secs] 
2018-03-04T00:00:07.141+0300: 210.644: [GC (Allocation Failure) [PSYoungGen: 172320K->1856K(172544K)] 420127K->251399K(522240K), 0.0345771 secs] [Times: user=0.19 sys=0.02, real=0.03 secs] 
2018-03-04T00:00:07.250+0300: 210.753: [GC (Allocation Failure) [PSYoungGen: 172352K->1824K(172544K)] 421895K->253103K(522240K), 0.0365920 secs] [Times: user=0.23 sys=0.00, real=0.04 secs] 
2018-03-04T00:00:07.362+0300: 210.866: [GC (Allocation Failure) [PSYoungGen: 172320K->1856K(172544K)] 423599K->254871K(522240K), 0.0343791 secs] [Times: user=0.17 sys=0.00, real=0.04 secs] 
2018-03-04T00:00:07.470+0300: 210.974: [GC (Allocation Failure) [PSYoungGen: 172352K->1856K(172544K)] 425367K->256615K(522240K), 0.0325306 secs] [Times: user=0.19 sys=0.00, real=0.03 secs] 
2018-03-04T00:00:07.577+0300: 211.081: [GC (Allocation Failure) [PSYoungGen: 172352K->1856K(172544K)] 427111K->258351K(522240K), 0.0336207 secs] [Times: user=0.20 sys=0.00, real=0.03 secs] 
2018-03-04T00:00:22.686+0300: 226.190: [GC (Allocation Failure) [PSYoungGen: 172352K->1792K(172544K)] 428847K->260015K(522240K), 0.0329945 secs] [Times: user=0.13 sys=0.00, real=0.03 secs] 
2018-03-04T00:00:22.798+0300: 226.301: [GC (Allocation Failure) [PSYoungGen: 172288K->1824K(172544K)] 430511K->261783K(522240K), 0.0352492 secs] [Times: user=0.14 sys=0.00, real=0.03 secs] 
2018-03-04T00:00:22.908+0300: 226.412: [GC (Allocation Failure) [PSYoungGen: 172320K->1856K(172544K)] 432279K->263551K(522240K), 0.0332637 secs] [Times: user=0.19 sys=0.00, real=0.03 secs] 
2018-03-04T00:00:23.016+0300: 226.520: [GC (Allocation Failure) [PSYoungGen: 172352K->1824K(172544K)] 434047K->265247K(522240K), 0.0337036 secs] [Times: user=0.19 sys=0.00, real=0.03 secs] 
2018-03-04T00:00:23.124+0300: 226.627: [GC (Allocation Failure) [PSYoungGen: 172320K->1856K(172544K)] 435743K->267023K(522240K), 0.0394919 secs] [Times: user=0.20 sys=0.00, real=0.04 secs] 
2018-03-04T00:00:23.236+0300: 226.740: [GC (Allocation Failure) [PSYoungGen: 172352K->1888K(172544K)] 437519K->268783K(522240K), 0.0356858 secs] [Times: user=0.19 sys=0.00, real=0.03 secs] 
2018-03-04T00:00:23.343+0300: 226.847: [GC (Allocation Failure) [PSYoungGen: 172384K->1824K(172544K)] 439279K->270447K(522240K), 0.0368766 secs] [Times: user=0.22 sys=0.00, real=0.04 secs] 
2018-03-04T00:00:23.446+0300: 226.950: [GC (Allocation Failure) [PSYoungGen: 151862K->1568K(172544K)] 420486K->271927K(522240K), 0.0355392 secs] [Times: user=0.22 sys=0.00, real=0.04 secs] 
2018-03-04T00:00:23.536+0300: 227.040: [GC (Allocation Failure) --[PSYoungGen: 172064K->172064K(172544K)] 442423K->443943K(522240K), 0.0607155 secs] [Times: user=0.22 sys=0.00, real=0.06 secs] 
2018-03-04T00:00:23.597+0300: 227.100: [Full GC (Ergonomics) [PSYoungGen: 172064K->0K(172544K)] [ParOldGen: 271879K->299307K(349696K)] 443943K->299307K(522240K), [Metaspace: 5275K->5275K(1056768K)], 1.9513273 secs] [Times: user=11.30 sys=0.03, real=1.95 secs] 
2018-03-04T00:00:40.623+0300: 244.127: [GC (Allocation Failure) [PSYoungGen: 170496K->1856K(172544K)] 469803K->301163K(522240K), 0.0307467 secs] [Times: user=0.09 sys=0.01, real=0.03 secs] 
2018-03-04T00:00:40.735+0300: 244.239: [GC (Allocation Failure) [PSYoungGen: 172352K->1824K(172544K)] 471659K->302867K(522240K), 0.0450557 secs] [Times: user=0.31 sys=0.00, real=0.05 secs] 
2018-03-04T00:00:40.853+0300: 244.356: [GC (Allocation Failure) [PSYoungGen: 172320K->1824K(172544K)] 473363K->304603K(522240K), 0.0374841 secs] [Times: user=0.33 sys=0.00, real=0.04 secs] 
2018-03-04T00:00:40.967+0300: 244.471: [GC (Allocation Failure) [PSYoungGen: 172320K->1824K(172544K)] 475099K->306339K(522240K), 0.0421603 secs] [Times: user=0.20 sys=0.00, real=0.04 secs] 
2018-03-04T00:00:41.093+0300: 244.597: [GC (Allocation Failure) [PSYoungGen: 172320K->1824K(172544K)] 476835K->308083K(522240K), 0.0401562 secs] [Times: user=0.20 sys=0.00, real=0.04 secs] 
2018-03-04T00:00:41.210+0300: 244.713: [GC (Allocation Failure) [PSYoungGen: 172320K->1856K(172544K)] 478579K->309859K(522240K), 0.0411961 secs] [Times: user=0.30 sys=0.00, real=0.04 secs] 
2018-03-04T00:00:41.327+0300: 244.831: [GC (Allocation Failure) [PSYoungGen: 172352K->1824K(172544K)] 480355K->311571K(522240K), 0.0388338 secs] [Times: user=0.20 sys=0.00, real=0.04 secs] 
2018-03-04T00:00:41.440+0300: 244.944: [GC (Allocation Failure) [PSYoungGen: 172320K->1888K(172544K)] 482067K->313371K(522240K), 0.0364217 secs] [Times: user=0.20 sys=0.00, real=0.04 secs] 
2018-03-04T00:00:41.550+0300: 245.053: [GC (Allocation Failure) [PSYoungGen: 172384K->1824K(172544K)] 483867K->315035K(522240K), 0.0378639 secs] [Times: user=0.23 sys=0.00, real=0.04 secs] 
2018-03-04T00:00:41.661+0300: 245.165: [GC (Allocation Failure) [PSYoungGen: 172320K->1856K(172544K)] 485531K->316795K(522240K), 0.0380962 secs] [Times: user=0.23 sys=0.00, real=0.04 secs] 
Heap
 PSYoungGen      total 172544K, used 17222K [0x00000000f5580000, 0x0000000100000000, 0x0000000100000000)
  eden space 170496K, 9% used [0x00000000f5580000,0x00000000f6481ae0,0x00000000ffc00000)
  from space 2048K, 90% used [0x00000000ffe00000,0x00000000fffd0000,0x0000000100000000)
  to   space 2048K, 0% used [0x00000000ffc00000,0x00000000ffc00000,0x00000000ffe00000)
 ParOldGen       total 349696K, used 314939K [0x00000000e0000000, 0x00000000f5580000, 0x00000000f5580000)
  object space 349696K, 90% used [0x00000000e0000000,0x00000000f338ef70,0x00000000f5580000)
 Metaspace       used 5285K, capacity 5468K, committed 5632K, reserved 1056768K
  class space    used 615K, capacity 662K, committed 768K, reserved 1048576K
