Java HotSpot(TM) 64-Bit Server VM (25.161-b12) for windows-amd64 JRE (1.8.0_161-b12), built on Dec 19 2017 17:52:25 by "java_re" with MS VC++ 10.0 (VS2010)
Memory: 4k page, physical 33469572k(19725088k free), swap 33469572k(16423768k free)
CommandLine flags: -XX:InitialHeapSize=536870912 -XX:MaxHeapSize=536870912 -XX:+PrintGC -XX:+PrintGCDateStamps -XX:+PrintGCDetails -XX:+PrintGCTimeStamps -XX:+UseCompressedClassPointers -XX:+UseCompressedOops -XX:-UseLargePagesIndividualAllocation -XX:+UseSerialGC 
2018-03-03T23:52:50.521+0300: 15.208: [GC (Allocation Failure) 2018-03-03T23:52:50.521+0300: 15.208: [DefNew: 139776K->2211K(157248K), 0.0042381 secs] 139776K->2211K(506816K), 0.0044409 secs] [Times: user=0.00 sys=0.00, real=0.00 secs] 
2018-03-03T23:52:50.581+0300: 15.269: [GC (Allocation Failure) 2018-03-03T23:52:50.582+0300: 15.270: [DefNew: 141987K->4307K(157248K), 0.0073672 secs] 141987K->4307K(506816K), 0.0075664 secs] [Times: user=0.00 sys=0.00, real=0.01 secs] 
2018-03-03T23:52:50.638+0300: 15.325: [GC (Allocation Failure) 2018-03-03T23:52:50.638+0300: 15.325: [DefNew: 144083K->6140K(157248K), 0.0115948 secs] 144083K->6140K(506816K), 0.0117063 secs] [Times: user=0.02 sys=0.00, real=0.01 secs] 
2018-03-03T23:52:50.697+0300: 15.385: [GC (Allocation Failure) 2018-03-03T23:52:50.698+0300: 15.385: [DefNew: 145916K->7526K(157248K), 0.0107349 secs] 145916K->7526K(506816K), 0.0108545 secs] [Times: user=0.00 sys=0.02, real=0.01 secs] 
2018-03-03T23:52:50.756+0300: 15.444: [GC (Allocation Failure) 2018-03-03T23:52:50.756+0300: 15.444: [DefNew: 147302K->9604K(157248K), 0.0137864 secs] 147302K->9604K(506816K), 0.0138727 secs] [Times: user=0.00 sys=0.01, real=0.01 secs] 
2018-03-03T23:52:50.822+0300: 15.509: [GC (Allocation Failure) 2018-03-03T23:52:50.822+0300: 15.509: [DefNew: 149380K->9217K(157248K), 0.0146178 secs] 149380K->10992K(506816K), 0.0147263 secs] [Times: user=0.02 sys=0.00, real=0.01 secs] 
2018-03-03T23:52:50.884+0300: 15.572: [GC (Allocation Failure) 2018-03-03T23:52:50.884+0300: 15.572: [DefNew: 148993K->10064K(157248K), 0.0160204 secs] 150768K->13408K(506816K), 0.0161523 secs] [Times: user=0.02 sys=0.00, real=0.02 secs] 
2018-03-03T23:52:50.947+0300: 15.635: [GC (Allocation Failure) 2018-03-03T23:52:50.947+0300: 15.635: [DefNew: 149840K->10077K(157248K), 0.0161547 secs] 153184K->14805K(506816K), 0.0162695 secs] [Times: user=0.02 sys=0.00, real=0.02 secs] 
2018-03-03T23:52:51.010+0300: 15.698: [GC (Allocation Failure) 2018-03-03T23:52:51.010+0300: 15.698: [DefNew: 149853K->10084K(157248K), 0.0158819 secs] 154581K->16200K(506816K), 0.0159946 secs] [Times: user=0.02 sys=0.00, real=0.02 secs] 
2018-03-03T23:52:51.078+0300: 15.765: [GC (Allocation Failure) 2018-03-03T23:52:51.078+0300: 15.765: [DefNew: 149860K->11650K(157248K), 0.0163750 secs] 155976K->19136K(506816K), 0.0164934 secs] [Times: user=0.02 sys=0.00, real=0.02 secs] 
2018-03-03T23:52:51.141+0300: 15.829: [GC (Allocation Failure) 2018-03-03T23:52:51.141+0300: 15.829: [DefNew: 151426K->8893K(157248K), 0.0162431 secs] 158912K->20527K(506816K), 0.0163509 secs] [Times: user=0.01 sys=0.00, real=0.02 secs] 
2018-03-03T23:53:06.205+0300: 30.893: [GC (Allocation Failure) 2018-03-03T23:53:06.205+0300: 30.893: [DefNew: 148669K->8892K(157248K), 0.0117279 secs] 160303K->21920K(506816K), 0.0118436 secs] [Times: user=0.00 sys=0.02, real=0.01 secs] 
2018-03-03T23:53:06.270+0300: 30.957: [GC (Allocation Failure) 2018-03-03T23:53:06.270+0300: 30.958: [DefNew: 148668K->4194K(157248K), 0.0134559 secs] 161696K->23319K(506816K), 0.0135458 secs] [Times: user=0.01 sys=0.00, real=0.01 secs] 
2018-03-03T23:53:06.351+0300: 31.039: [GC (Allocation Failure) 2018-03-03T23:53:06.351+0300: 31.039: [DefNew: 143970K->12660K(157248K), 0.0186216 secs] 163095K->31785K(506816K), 0.0187484 secs] [Times: user=0.02 sys=0.00, real=0.02 secs] 
2018-03-03T23:53:06.443+0300: 31.131: [GC (Allocation Failure) 2018-03-03T23:53:06.443+0300: 31.131: [DefNew: 152436K->9868K(157248K), 0.0195491 secs] 171561K->33183K(506816K), 0.0196381 secs] [Times: user=0.02 sys=0.00, real=0.02 secs] 
2018-03-03T23:53:06.532+0300: 31.219: [GC (Allocation Failure) 2018-03-03T23:53:06.532+0300: 31.219: [DefNew: 149644K->2797K(157248K), 0.0148889 secs] 172959K->34576K(506816K), 0.0150295 secs] [Times: user=0.02 sys=0.00, real=0.01 secs] 
2018-03-03T23:53:06.613+0300: 31.301: [GC (Allocation Failure) 2018-03-03T23:53:06.614+0300: 31.301: [DefNew: 142573K->4195K(157248K), 0.0081514 secs] 174352K->35975K(506816K), 0.0082722 secs] [Times: user=0.00 sys=0.00, real=0.01 secs] 
2018-03-03T23:53:06.683+0300: 31.371: [GC (Allocation Failure) 2018-03-03T23:53:06.683+0300: 31.371: [DefNew: 143971K->5596K(157248K), 0.0117504 secs] 175751K->37376K(506816K), 0.0118559 secs] [Times: user=0.02 sys=0.00, real=0.01 secs] 
2018-03-03T23:53:06.772+0300: 31.460: [GC (Allocation Failure) 2018-03-03T23:53:06.772+0300: 31.460: [DefNew: 145372K->6996K(157248K), 0.0141788 secs] 177152K->38775K(506816K), 0.0143132 secs] [Times: user=0.02 sys=0.00, real=0.01 secs] 
2018-03-03T23:53:06.863+0300: 31.551: [GC (Allocation Failure) 2018-03-03T23:53:06.863+0300: 31.551: [DefNew: 146772K->8396K(157248K), 0.0148786 secs] 178551K->40175K(506816K), 0.0149958 secs] [Times: user=0.02 sys=0.00, real=0.02 secs] 
2018-03-03T23:53:06.943+0300: 31.631: [GC (Allocation Failure) 2018-03-03T23:53:06.943+0300: 31.631: [DefNew: 148172K->9693K(157248K), 0.0347366 secs] 179951K->52155K(506816K), 0.0348229 secs] [Times: user=0.03 sys=0.00, real=0.03 secs] 
2018-03-03T23:53:07.050+0300: 31.738: [GC (Allocation Failure) 2018-03-03T23:53:07.050+0300: 31.738: [DefNew: 149469K->9694K(157248K), 0.0254047 secs] 191931K->53555K(506816K), 0.0255204 secs] [Times: user=0.02 sys=0.00, real=0.03 secs] 
2018-03-03T23:53:22.146+0300: 46.834: [GC (Allocation Failure) 2018-03-03T23:53:22.146+0300: 46.834: [DefNew: 149470K->9700K(157248K), 0.0261162 secs] 193331K->54958K(506816K), 0.0262316 secs] [Times: user=0.03 sys=0.00, real=0.03 secs] 
2018-03-03T23:53:22.245+0300: 46.933: [GC (Allocation Failure) 2018-03-03T23:53:22.245+0300: 46.933: [DefNew: 149476K->9703K(157248K), 0.0212946 secs] 194734K->56358K(506816K), 0.0214018 secs] [Times: user=0.03 sys=0.00, real=0.02 secs] 
2018-03-03T23:53:22.327+0300: 47.014: [GC (Allocation Failure) 2018-03-03T23:53:22.327+0300: 47.014: [DefNew: 149479K->9705K(157248K), 0.0292348 secs] 196134K->57758K(506816K), 0.0293387 secs] [Times: user=0.02 sys=0.00, real=0.03 secs] 
2018-03-03T23:53:22.419+0300: 47.106: [GC (Allocation Failure) 2018-03-03T23:53:22.419+0300: 47.107: [DefNew: 149481K->9692K(157248K), 0.0204343 secs] 197534K->59143K(506816K), 0.0205584 secs] [Times: user=0.02 sys=0.01, real=0.02 secs] 
2018-03-03T23:53:22.505+0300: 47.193: [GC (Allocation Failure) 2018-03-03T23:53:22.505+0300: 47.193: [DefNew: 149468K->9695K(157248K), 0.0205981 secs] 198919K->60543K(506816K), 0.0207056 secs] [Times: user=0.02 sys=0.00, real=0.02 secs] 
2018-03-03T23:53:22.588+0300: 47.276: [GC (Allocation Failure) 2018-03-03T23:53:22.588+0300: 47.276: [DefNew: 149471K->9789K(157248K), 0.0207318 secs] 200319K->61942K(506816K), 0.0208246 secs] [Times: user=0.03 sys=0.00, real=0.02 secs] 
2018-03-03T23:53:22.668+0300: 47.355: [GC (Allocation Failure) 2018-03-03T23:53:22.668+0300: 47.355: [DefNew: 149565K->9791K(157248K), 0.0243308 secs] 201718K->63342K(506816K), 0.0244215 secs] [Times: user=0.03 sys=0.00, real=0.02 secs] 
2018-03-03T23:53:22.760+0300: 47.448: [GC (Allocation Failure) 2018-03-03T23:53:22.760+0300: 47.448: [DefNew: 149567K->9793K(157248K), 0.0185975 secs] 203118K->64742K(506816K), 0.0186955 secs] [Times: user=0.02 sys=0.00, real=0.02 secs] 
2018-03-03T23:53:22.846+0300: 47.534: [GC (Allocation Failure) 2018-03-03T23:53:22.846+0300: 47.534: [DefNew: 138387K->9678K(157248K), 0.0186648 secs] 193335K->66024K(506816K), 0.0187445 secs] [Times: user=0.02 sys=0.00, real=0.02 secs] 
2018-03-03T23:53:22.922+0300: 47.610: [GC (Allocation Failure) 2018-03-03T23:53:22.922+0300: 47.610: [DefNew: 149454K->9527K(157248K), 0.0354145 secs] 205800K->83295K(506816K), 0.0355143 secs] [Times: user=0.02 sys=0.02, real=0.04 secs] 
2018-03-03T23:53:23.020+0300: 47.708: [GC (Allocation Failure) 2018-03-03T23:53:23.021+0300: 47.708: [DefNew: 149303K->9522K(157248K), 0.0244077 secs] 223071K->84688K(506816K), 0.0245393 secs] [Times: user=0.02 sys=0.00, real=0.03 secs] 
2018-03-03T23:53:23.114+0300: 47.802: [GC (Allocation Failure) 2018-03-03T23:53:23.114+0300: 47.802: [DefNew: 149298K->9525K(157248K), 0.0230445 secs] 224464K->86088K(506816K), 0.0231536 secs] [Times: user=0.02 sys=0.00, real=0.02 secs] 
2018-03-03T23:53:38.205+0300: 62.892: [GC (Allocation Failure) 2018-03-03T23:53:38.205+0300: 62.893: [DefNew: 149301K->9528K(157248K), 0.0214343 secs] 225864K->87488K(506816K), 0.0215851 secs] [Times: user=0.02 sys=0.00, real=0.02 secs] 
2018-03-03T23:53:38.295+0300: 62.983: [GC (Allocation Failure) 2018-03-03T23:53:38.295+0300: 62.983: [DefNew: 149304K->9643K(157248K), 0.0218916 secs] 227264K->89001K(506816K), 0.0220010 secs] [Times: user=0.02 sys=0.02, real=0.02 secs] 
2018-03-03T23:53:38.387+0300: 63.075: [GC (Allocation Failure) 2018-03-03T23:53:38.387+0300: 63.075: [DefNew: 149419K->9644K(157248K), 0.0197174 secs] 228777K->90399K(506816K), 0.0198697 secs] [Times: user=0.03 sys=0.00, real=0.02 secs] 
2018-03-03T23:53:38.475+0300: 63.162: [GC (Allocation Failure) 2018-03-03T23:53:38.475+0300: 63.162: [DefNew: 149420K->9751K(157248K), 0.0219820 secs] 230175K->91799K(506816K), 0.0220854 secs] [Times: user=0.02 sys=0.00, real=0.02 secs] 
2018-03-03T23:53:38.572+0300: 63.260: [GC (Allocation Failure) 2018-03-03T23:53:38.572+0300: 63.260: [DefNew: 149527K->9914K(157248K), 0.0191210 secs] 231575K->93199K(506816K), 0.0192457 secs] [Times: user=0.02 sys=0.00, real=0.02 secs] 
2018-03-03T23:53:38.664+0300: 63.352: [GC (Allocation Failure) 2018-03-03T23:53:38.665+0300: 63.352: [DefNew: 149690K->9902K(157248K), 0.0183860 secs] 232975K->94585K(506816K), 0.0185323 secs] [Times: user=0.01 sys=0.00, real=0.02 secs] 
2018-03-03T23:53:38.751+0300: 63.438: [GC (Allocation Failure) 2018-03-03T23:53:38.751+0300: 63.438: [DefNew: 149678K->9905K(157248K), 0.0239636 secs] 234361K->95985K(506816K), 0.0240796 secs] [Times: user=0.02 sys=0.00, real=0.02 secs] 
2018-03-03T23:53:38.852+0300: 63.540: [GC (Allocation Failure) 2018-03-03T23:53:38.852+0300: 63.540: [DefNew: 149681K->9907K(157248K), 0.0199343 secs] 235761K->97385K(506816K), 0.0200254 secs] [Times: user=0.02 sys=0.00, real=0.02 secs] 
2018-03-03T23:53:38.943+0300: 63.631: [GC (Allocation Failure) 2018-03-03T23:53:38.943+0300: 63.631: [DefNew: 149683K->9790K(157248K), 0.0200692 secs] 237161K->98784K(506816K), 0.0201729 secs] [Times: user=0.01 sys=0.00, real=0.02 secs] 
2018-03-03T23:53:39.034+0300: 63.721: [GC (Allocation Failure) 2018-03-03T23:53:39.034+0300: 63.722: [DefNew: 149566K->9795K(157248K), 0.0214147 secs] 238560K->100187K(506816K), 0.0215148 secs] [Times: user=0.01 sys=0.00, real=0.02 secs] 
2018-03-03T23:53:39.124+0300: 63.812: [GC (Allocation Failure) 2018-03-03T23:53:39.124+0300: 63.812: [DefNew: 149571K->9798K(157248K), 0.0206038 secs] 239963K->101587K(506816K), 0.0207068 secs] [Times: user=0.02 sys=0.00, real=0.02 secs] 
2018-03-03T23:53:54.210+0300: 78.898: [GC (Allocation Failure) 2018-03-03T23:53:54.210+0300: 78.898: [DefNew: 149574K->9787K(157248K), 0.0222194 secs] 241363K->102974K(506816K), 0.0223128 secs] [Times: user=0.03 sys=0.00, real=0.02 secs] 
2018-03-03T23:53:54.293+0300: 78.981: [GC (Allocation Failure) 2018-03-03T23:53:54.293+0300: 78.981: [DefNew: 149563K->9559K(157248K), 0.0447462 secs] 242750K->128180K(506816K), 0.0448441 secs] [Times: user=0.05 sys=0.00, real=0.05 secs] 
2018-03-03T23:53:54.401+0300: 79.089: [GC (Allocation Failure) 2018-03-03T23:53:54.401+0300: 79.089: [DefNew: 149335K->9562K(157248K), 0.0216260 secs] 267956K->129580K(506816K), 0.0217248 secs] [Times: user=0.03 sys=0.00, real=0.02 secs] 
2018-03-03T23:53:54.491+0300: 79.178: [GC (Allocation Failure) 2018-03-03T23:53:54.491+0300: 79.178: [DefNew: 149338K->9564K(157248K), 0.0221082 secs] 269356K->130980K(506816K), 0.0222197 secs] [Times: user=0.02 sys=0.00, real=0.02 secs] 
2018-03-03T23:53:54.580+0300: 79.268: [GC (Allocation Failure) 2018-03-03T23:53:54.581+0300: 79.268: [DefNew: 149340K->9566K(157248K), 0.0232356 secs] 270756K->132381K(506816K), 0.0233510 secs] [Times: user=0.02 sys=0.00, real=0.02 secs] 
2018-03-03T23:53:54.673+0300: 79.361: [GC (Allocation Failure) 2018-03-03T23:53:54.674+0300: 79.361: [DefNew: 149342K->9569K(157248K), 0.0206744 secs] 272157K->133781K(506816K), 0.0207844 secs] [Times: user=0.02 sys=0.00, real=0.02 secs] 
2018-03-03T23:53:54.764+0300: 79.452: [GC (Allocation Failure) 2018-03-03T23:53:54.764+0300: 79.452: [DefNew: 149345K->9572K(157248K), 0.0218997 secs] 273557K->135181K(506816K), 0.0220307 secs] [Times: user=0.02 sys=0.00, real=0.02 secs] 
2018-03-03T23:53:54.859+0300: 79.547: [GC (Allocation Failure) 2018-03-03T23:53:54.859+0300: 79.547: [DefNew: 149348K->9559K(157248K), 0.0232551 secs] 274957K->136566K(506816K), 0.0233552 secs] [Times: user=0.02 sys=0.00, real=0.02 secs] 
2018-03-03T23:53:54.948+0300: 79.636: [GC (Allocation Failure) 2018-03-03T23:53:54.948+0300: 79.636: [DefNew: 149335K->9786K(157248K), 0.0191450 secs] 276342K->137966K(506816K), 0.0192496 secs] [Times: user=0.03 sys=0.00, real=0.02 secs] 
2018-03-03T23:53:55.033+0300: 79.721: [GC (Allocation Failure) 2018-03-03T23:53:55.033+0300: 79.721: [DefNew: 149562K->9786K(157248K), 0.0215433 secs] 277742K->139363K(506816K), 0.0216308 secs] [Times: user=0.01 sys=0.00, real=0.02 secs] 
2018-03-03T23:53:55.121+0300: 79.809: [GC (Allocation Failure) 2018-03-03T23:53:55.121+0300: 79.809: [DefNew: 149562K->9789K(157248K), 0.0189163 secs] 279139K->140763K(506816K), 0.0190206 secs] [Times: user=0.03 sys=0.00, real=0.02 secs] 
2018-03-03T23:54:10.212+0300: 94.899: [GC (Allocation Failure) 2018-03-03T23:54:10.212+0300: 94.900: [DefNew: 149565K->9791K(157248K), 0.0232831 secs] 280539K->142163K(506816K), 0.0233900 secs] [Times: user=0.03 sys=0.00, real=0.02 secs] 
2018-03-03T23:54:10.302+0300: 94.990: [GC (Allocation Failure) 2018-03-03T23:54:10.302+0300: 94.990: [DefNew: 149567K->9793K(157248K), 0.0214388 secs] 281939K->143563K(506816K), 0.0215364 secs] [Times: user=0.02 sys=0.00, real=0.02 secs] 
2018-03-03T23:54:10.398+0300: 95.085: [GC (Allocation Failure) 2018-03-03T23:54:10.398+0300: 95.085: [DefNew: 149569K->9796K(157248K), 0.0197390 secs] 283339K->144963K(506816K), 0.0198424 secs] [Times: user=0.02 sys=0.00, real=0.02 secs] 
2018-03-03T23:54:10.482+0300: 95.170: [GC (Allocation Failure) 2018-03-03T23:54:10.482+0300: 95.170: [DefNew: 149572K->9783K(157248K), 0.0250174 secs] 284739K->146348K(506816K), 0.0251282 secs] [Times: user=0.03 sys=0.00, real=0.02 secs] 
2018-03-03T23:54:10.575+0300: 95.263: [GC (Allocation Failure) 2018-03-03T23:54:10.576+0300: 95.263: [DefNew: 149559K->9790K(157248K), 0.0220794 secs] 286124K->147752K(506816K), 0.0222113 secs] [Times: user=0.03 sys=0.00, real=0.02 secs] 
2018-03-03T23:54:10.667+0300: 95.355: [GC (Allocation Failure) 2018-03-03T23:54:10.667+0300: 95.355: [DefNew: 149566K->9792K(157248K), 0.0212266 secs] 287528K->149152K(506816K), 0.0213414 secs] [Times: user=0.03 sys=0.00, real=0.02 secs] 
2018-03-03T23:54:10.764+0300: 95.452: [GC (Allocation Failure) 2018-03-03T23:54:10.764+0300: 95.452: [DefNew: 149568K->9795K(157248K), 0.0220710 secs] 288928K->150552K(506816K), 0.0221975 secs] [Times: user=0.01 sys=0.00, real=0.02 secs] 
2018-03-03T23:54:10.861+0300: 95.548: [GC (Allocation Failure) 2018-03-03T23:54:10.861+0300: 95.548: [DefNew: 149571K->9797K(157248K), 0.0209352 secs] 290328K->151952K(506816K), 0.0210446 secs] [Times: user=0.02 sys=0.00, real=0.02 secs] 
2018-03-03T23:54:10.946+0300: 95.634: [GC (Allocation Failure) 2018-03-03T23:54:10.946+0300: 95.634: [DefNew: 149573K->9784K(157248K), 0.0215085 secs] 291728K->153337K(506816K), 0.0215971 secs] [Times: user=0.03 sys=0.00, real=0.02 secs] 
2018-03-03T23:54:11.039+0300: 95.727: [GC (Allocation Failure) 2018-03-03T23:54:11.039+0300: 95.727: [DefNew: 149560K->9787K(157248K), 0.0236337 secs] 293113K->154737K(506816K), 0.0237452 secs] [Times: user=0.03 sys=0.00, real=0.02 secs] 
2018-03-03T23:54:11.131+0300: 95.819: [GC (Allocation Failure) 2018-03-03T23:54:11.132+0300: 95.819: [DefNew: 149563K->9789K(157248K), 0.0218669 secs] 294513K->156137K(506816K), 0.0220091 secs] [Times: user=0.02 sys=0.00, real=0.02 secs] 
2018-03-03T23:54:26.222+0300: 110.910: [GC (Allocation Failure) 2018-03-03T23:54:26.222+0300: 110.910: [DefNew: 149565K->9791K(157248K), 0.0212363 secs] 295913K->157537K(506816K), 0.0213405 secs] [Times: user=0.02 sys=0.00, real=0.02 secs] 
2018-03-03T23:54:26.308+0300: 110.996: [GC (Allocation Failure) 2018-03-03T23:54:26.309+0300: 110.996: [DefNew: 149567K->9794K(157248K), 0.0203580 secs] 297313K->158937K(506816K), 0.0204644 secs] [Times: user=0.03 sys=0.00, real=0.02 secs] 
2018-03-03T23:54:26.384+0300: 111.072: [GC (Allocation Failure) 2018-03-03T23:54:26.384+0300: 111.072: [DefNew: 149570K->9443K(157248K), 0.0555748 secs] 298713K->196038K(506816K), 0.0557160 secs] [Times: user=0.05 sys=0.01, real=0.06 secs] 
2018-03-03T23:54:26.507+0300: 111.195: [GC (Allocation Failure) 2018-03-03T23:54:26.507+0300: 111.195: [DefNew: 149219K->9446K(157248K), 0.0230445 secs] 335814K->197439K(506816K), 0.0231503 secs] [Times: user=0.03 sys=0.00, real=0.02 secs] 
2018-03-03T23:54:26.595+0300: 111.283: [GC (Allocation Failure) 2018-03-03T23:54:26.595+0300: 111.283: [DefNew: 149222K->9448K(157248K), 0.0252508 secs] 337215K->198839K(506816K), 0.0253530 secs] [Times: user=0.02 sys=0.00, real=0.02 secs] 
2018-03-03T23:54:26.684+0300: 111.371: [GC (Allocation Failure) 2018-03-03T23:54:26.684+0300: 111.372: [DefNew: 149224K->9451K(157248K), 0.0224796 secs] 338615K->200239K(506816K), 0.0225992 secs] [Times: user=0.03 sys=0.00, real=0.02 secs] 
2018-03-03T23:54:26.773+0300: 111.461: [GC (Allocation Failure) 2018-03-03T23:54:26.773+0300: 111.461: [DefNew: 149227K->9438K(157248K), 0.0225670 secs] 340015K->201624K(506816K), 0.0226554 secs] [Times: user=0.03 sys=0.00, real=0.02 secs] 
2018-03-03T23:54:26.865+0300: 111.553: [GC (Allocation Failure) 2018-03-03T23:54:26.865+0300: 111.553: [DefNew: 149214K->9441K(157248K), 0.0193935 secs] 341400K->203024K(506816K), 0.0194996 secs] [Times: user=0.02 sys=0.00, real=0.02 secs] 
2018-03-03T23:54:26.951+0300: 111.639: [GC (Allocation Failure) 2018-03-03T23:54:26.951+0300: 111.639: [DefNew: 149217K->9444K(157248K), 0.0226410 secs] 342800K->204425K(506816K), 0.0227644 secs] [Times: user=0.03 sys=0.00, real=0.02 secs] 
2018-03-03T23:54:27.045+0300: 111.733: [GC (Allocation Failure) 2018-03-03T23:54:27.045+0300: 111.733: [DefNew: 149220K->9791K(157248K), 0.0227323 secs] 344201K->205824K(506816K), 0.0228549 secs] [Times: user=0.01 sys=0.00, real=0.02 secs] 
2018-03-03T23:54:27.135+0300: 111.823: [GC (Allocation Failure) 2018-03-03T23:54:27.135+0300: 111.823: [DefNew: 149567K->9794K(157248K), 0.0189824 secs] 345600K->207225K(506816K), 0.0191008 secs] [Times: user=0.02 sys=0.00, real=0.02 secs] 
2018-03-03T23:54:27.220+0300: 111.908: [GC (Allocation Failure) 2018-03-03T23:54:27.220+0300: 111.908: [DefNew: 149570K->9797K(157248K), 0.0200831 secs] 347001K->208625K(506816K), 0.0201960 secs] [Times: user=0.02 sys=0.00, real=0.02 secs] 
2018-03-03T23:54:42.309+0300: 126.997: [GC (Allocation Failure) 2018-03-03T23:54:42.309+0300: 126.997: [DefNew: 149573K->9784K(157248K), 0.0189395 secs] 348401K->210010K(506816K), 0.0190657 secs] [Times: user=0.03 sys=0.00, real=0.02 secs] 
2018-03-03T23:54:42.396+0300: 127.084: [GC (Allocation Failure) 2018-03-03T23:54:42.396+0300: 127.084: [DefNew: 149560K->9788K(157248K), 0.0188379 secs] 349786K->211412K(506816K), 0.0189464 secs] [Times: user=0.01 sys=0.00, real=0.02 secs] 
2018-03-03T23:54:42.484+0300: 127.171: [GC (Allocation Failure) 2018-03-03T23:54:42.484+0300: 127.171: [DefNew: 149564K->9791K(157248K), 0.0220400 secs] 351188K->212812K(506816K), 0.0221566 secs] [Times: user=0.02 sys=0.00, real=0.02 secs] 
2018-03-03T23:54:42.570+0300: 127.257: [GC (Allocation Failure) 2018-03-03T23:54:42.570+0300: 127.258: [DefNew: 149567K->9794K(157248K), 0.0213841 secs] 352588K->214212K(506816K), 0.0214781 secs] [Times: user=0.02 sys=0.00, real=0.02 secs] 
2018-03-03T23:54:42.656+0300: 127.343: [GC (Allocation Failure) 2018-03-03T23:54:42.656+0300: 127.343: [DefNew: 149570K->9796K(157248K), 0.0238230 secs] 353988K->215612K(506816K), 0.0239387 secs] [Times: user=0.02 sys=0.00, real=0.02 secs] 
2018-03-03T23:54:42.748+0300: 127.436: [GC (Allocation Failure) 2018-03-03T23:54:42.748+0300: 127.436: [DefNew: 149572K->9783K(157248K), 0.0250044 secs] 355388K->216996K(506816K), 0.0251237 secs] [Times: user=0.03 sys=0.00, real=0.03 secs] 
2018-03-03T23:54:42.848+0300: 127.535: [GC (Allocation Failure) 2018-03-03T23:54:42.848+0300: 127.536: [DefNew: 149559K->9786K(157248K), 0.0206128 secs] 356772K->218397K(506816K), 0.0207026 secs] [Times: user=0.02 sys=0.00, real=0.02 secs] 
2018-03-03T23:54:42.933+0300: 127.621: [GC (Allocation Failure) 2018-03-03T23:54:42.933+0300: 127.621: [DefNew: 149562K->9788K(157248K), 0.0207258 secs] 358173K->219797K(506816K), 0.0208420 secs] [Times: user=0.03 sys=0.00, real=0.02 secs] 
2018-03-03T23:54:43.018+0300: 127.706: [GC (Allocation Failure) 2018-03-03T23:54:43.019+0300: 127.706: [DefNew: 149564K->9790K(157248K), 0.0214733 secs] 359573K->221196K(506816K), 0.0216275 secs] [Times: user=0.01 sys=0.00, real=0.02 secs] 
2018-03-03T23:54:43.108+0300: 127.796: [GC (Allocation Failure) 2018-03-03T23:54:43.108+0300: 127.796: [DefNew: 149566K->9793K(157248K), 0.0198325 secs] 360972K->222596K(506816K), 0.0199388 secs] [Times: user=0.02 sys=0.00, real=0.02 secs] 
2018-03-03T23:54:43.194+0300: 127.882: [GC (Allocation Failure) 2018-03-03T23:54:43.194+0300: 127.882: [DefNew: 149569K->9795K(157248K), 0.0203844 secs] 362372K->223996K(506816K), 0.0204881 secs] [Times: user=0.02 sys=0.00, real=0.02 secs] 
2018-03-03T23:54:58.285+0300: 142.972: [GC (Allocation Failure) 2018-03-03T23:54:58.285+0300: 142.973: [DefNew: 149571K->9797K(157248K), 0.0222783 secs] 363772K->225396K(506816K), 0.0223696 secs] [Times: user=0.02 sys=0.00, real=0.02 secs] 
2018-03-03T23:54:58.372+0300: 143.060: [GC (Allocation Failure) 2018-03-03T23:54:58.372+0300: 143.060: [DefNew: 149573K->9785K(157248K), 0.0195996 secs] 365172K->226781K(506816K), 0.0197171 secs] [Times: user=0.03 sys=0.00, real=0.02 secs] 
2018-03-03T23:54:58.457+0300: 143.145: [GC (Allocation Failure) 2018-03-03T23:54:58.457+0300: 143.145: [DefNew: 149561K->9787K(157248K), 0.0196642 secs] 366557K->228181K(506816K), 0.0197688 secs] [Times: user=0.02 sys=0.00, real=0.02 secs] 
2018-03-03T23:54:58.547+0300: 143.235: [GC (Allocation Failure) 2018-03-03T23:54:58.547+0300: 143.235: [DefNew: 149563K->9790K(157248K), 0.0216040 secs] 367957K->229581K(506816K), 0.0217143 secs] [Times: user=0.01 sys=0.00, real=0.02 secs] 
2018-03-03T23:54:58.634+0300: 143.322: [GC (Allocation Failure) 2018-03-03T23:54:58.634+0300: 143.322: [DefNew: 149566K->9793K(157248K), 0.0190813 secs] 369357K->230982K(506816K), 0.0191738 secs] [Times: user=0.02 sys=0.00, real=0.02 secs] 
2018-03-03T23:54:58.721+0300: 143.409: [GC (Allocation Failure) 2018-03-03T23:54:58.722+0300: 143.409: [DefNew: 149569K->9796K(157248K), 0.0219676 secs] 370758K->232382K(506816K), 0.0221545 secs] [Times: user=0.02 sys=0.00, real=0.02 secs] 
2018-03-03T23:54:58.819+0300: 143.507: [GC (Allocation Failure) 2018-03-03T23:54:58.819+0300: 143.507: [DefNew: 149572K->9783K(157248K), 0.0207805 secs] 372158K->233767K(506816K), 0.0209003 secs] [Times: user=0.02 sys=0.00, real=0.02 secs] 
2018-03-03T23:54:58.909+0300: 143.597: [GC (Allocation Failure) 2018-03-03T23:54:58.909+0300: 143.597: [DefNew: 149559K->9785K(157248K), 0.0229583 secs] 373543K->235166K(506816K), 0.0230730 secs] [Times: user=0.02 sys=0.00, real=0.02 secs] 
2018-03-03T23:54:58.997+0300: 143.685: [GC (Allocation Failure) 2018-03-03T23:54:58.997+0300: 143.685: [DefNew: 149561K->9788K(157248K), 0.0258034 secs] 374942K->236567K(506816K), 0.0258980 secs] [Times: user=0.03 sys=0.00, real=0.03 secs] 
2018-03-03T23:54:59.095+0300: 143.782: [GC (Allocation Failure) 2018-03-03T23:54:59.095+0300: 143.782: [DefNew: 149564K->9791K(157248K), 0.0191480 secs] 376343K->237967K(506816K), 0.0192508 secs] [Times: user=0.02 sys=0.00, real=0.02 secs] 
2018-03-03T23:54:59.180+0300: 143.867: [GC (Allocation Failure) 2018-03-03T23:54:59.180+0300: 143.867: [DefNew: 149567K->9793K(157248K), 0.0214346 secs] 377743K->239367K(506816K), 0.0215515 secs] [Times: user=0.03 sys=0.00, real=0.02 secs] 
2018-03-03T23:55:14.267+0300: 158.954: [GC (Allocation Failure) 2018-03-03T23:55:14.267+0300: 158.955: [DefNew: 149569K->9796K(157248K), 0.0210815 secs] 379143K->240767K(506816K), 0.0211783 secs] [Times: user=0.02 sys=0.00, real=0.02 secs] 
2018-03-03T23:55:14.352+0300: 159.039: [GC (Allocation Failure) 2018-03-03T23:55:14.352+0300: 159.039: [DefNew: 149572K->9783K(157248K), 0.0190600 secs] 380543K->242152K(506816K), 0.0191639 secs] [Times: user=0.02 sys=0.00, real=0.02 secs] 
2018-03-03T23:55:14.444+0300: 159.132: [GC (Allocation Failure) 2018-03-03T23:55:14.444+0300: 159.132: [DefNew: 149559K->9786K(157248K), 0.0213613 secs] 381928K->243552K(506816K), 0.0214763 secs] [Times: user=0.02 sys=0.00, real=0.02 secs] 
2018-03-03T23:55:14.515+0300: 159.203: [GC (Allocation Failure) 2018-03-03T23:55:14.516+0300: 159.203: [DefNew: 149562K->9259K(157248K), 0.0776352 secs] 383328K->298505K(506816K), 0.0777341 secs] [Times: user=0.06 sys=0.02, real=0.08 secs] 
2018-03-03T23:55:14.664+0300: 159.351: [GC (Allocation Failure) 2018-03-03T23:55:14.664+0300: 159.351: [DefNew: 149035K->9273K(157248K), 0.0224862 secs] 438281K->299917K(506816K), 0.0225947 secs] [Times: user=0.03 sys=0.00, real=0.02 secs] 
2018-03-03T23:55:14.758+0300: 159.445: [GC (Allocation Failure) 2018-03-03T23:55:14.758+0300: 159.445: [DefNew: 149049K->9260K(157248K), 0.0256778 secs] 439693K->301302K(506816K), 0.0257812 secs] [Times: user=0.03 sys=0.00, real=0.03 secs] 
2018-03-03T23:55:14.867+0300: 159.555: [GC (Allocation Failure) 2018-03-03T23:55:14.867+0300: 159.555: [DefNew: 149036K->9263K(157248K), 0.0239597 secs] 441078K->302702K(506816K), 0.0240787 secs] [Times: user=0.03 sys=0.00, real=0.02 secs] 
2018-03-03T23:55:14.959+0300: 159.646: [GC (Allocation Failure) 2018-03-03T23:55:14.959+0300: 159.646: [DefNew: 149039K->9266K(157248K), 0.0235388 secs] 442478K->304102K(506816K), 0.0236589 secs] [Times: user=0.02 sys=0.00, real=0.02 secs] 
2018-03-03T23:55:15.046+0300: 159.734: [GC (Allocation Failure) 2018-03-03T23:55:15.046+0300: 159.734: [DefNew: 149042K->9268K(157248K), 0.0214529 secs] 443878K->305502K(506816K), 0.0216088 secs] [Times: user=0.02 sys=0.00, real=0.02 secs] 
2018-03-03T23:55:15.141+0300: 159.829: [GC (Allocation Failure) 2018-03-03T23:55:15.141+0300: 159.829: [DefNew: 149044K->9270K(157248K), 0.0203394 secs] 445278K->306902K(506816K), 0.0204373 secs] [Times: user=0.02 sys=0.00, real=0.02 secs] 
2018-03-03T23:55:15.231+0300: 159.919: [GC (Allocation Failure) 2018-03-03T23:55:15.231+0300: 159.919: [DefNew: 149046K->9798K(157248K), 0.0215956 secs] 446678K->308302K(506816K), 0.0217068 secs] [Times: user=0.03 sys=0.00, real=0.02 secs] 
2018-03-03T23:55:15.318+0300: 160.005: [GC (Allocation Failure) 2018-03-03T23:55:15.318+0300: 160.005: [DefNew: 149574K->9783K(157248K), 0.0217948 secs] 448078K->309686K(506816K), 0.0219009 secs] [Times: user=0.02 sys=0.00, real=0.02 secs] 
2018-03-03T23:55:30.408+0300: 175.096: [GC (Allocation Failure) 2018-03-03T23:55:30.408+0300: 175.096: [DefNew: 149559K->9786K(157248K), 0.0211353 secs] 449462K->311086K(506816K), 0.0212774 secs] [Times: user=0.01 sys=0.00, real=0.02 secs] 
2018-03-03T23:55:30.500+0300: 175.188: [GC (Allocation Failure) 2018-03-03T23:55:30.500+0300: 175.188: [DefNew: 149562K->9789K(157248K), 0.0225442 secs] 450862K->312487K(506816K), 0.0226611 secs] [Times: user=0.01 sys=0.00, real=0.02 secs] 
2018-03-03T23:55:30.591+0300: 175.279: [GC (Allocation Failure) 2018-03-03T23:55:30.591+0300: 175.279: [DefNew: 149565K->9791K(157248K), 0.0202426 secs] 452263K->313887K(506816K), 0.0203418 secs] [Times: user=0.03 sys=0.00, real=0.02 secs] 
2018-03-03T23:55:30.679+0300: 175.366: [GC (Allocation Failure) 2018-03-03T23:55:30.679+0300: 175.367: [DefNew: 149567K->9794K(157248K), 0.0201852 secs] 453663K->315287K(506816K), 0.0202772 secs] [Times: user=0.02 sys=0.00, real=0.02 secs] 
2018-03-03T23:55:30.765+0300: 175.452: [GC (Allocation Failure) 2018-03-03T23:55:30.765+0300: 175.452: [DefNew: 149570K->9794K(157248K), 0.0234856 secs] 455063K->316684K(506816K), 0.0235937 secs] [Times: user=0.02 sys=0.00, real=0.02 secs] 
2018-03-03T23:55:30.862+0300: 175.549: [GC (Allocation Failure) 2018-03-03T23:55:30.862+0300: 175.549: [DefNew: 149570K->9797K(157248K), 0.0193130 secs] 456460K->318085K(506816K), 0.0194073 secs] [Times: user=0.02 sys=0.00, real=0.02 secs] 
2018-03-03T23:55:30.946+0300: 175.633: [GC (Allocation Failure) 2018-03-03T23:55:30.946+0300: 175.633: [DefNew: 149573K->9783K(157248K), 0.0232127 secs] 457861K->319469K(506816K), 0.0233230 secs] [Times: user=0.03 sys=0.00, real=0.02 secs] 
2018-03-03T23:55:31.035+0300: 175.722: [GC (Allocation Failure) 2018-03-03T23:55:31.035+0300: 175.723: [DefNew: 149559K->9786K(157248K), 0.0219126 secs] 459245K->320869K(506816K), 0.0220190 secs] [Times: user=0.01 sys=0.00, real=0.02 secs] 
2018-03-03T23:55:31.125+0300: 175.813: [GC (Allocation Failure) 2018-03-03T23:55:31.125+0300: 175.813: [DefNew: 149562K->9788K(157248K), 0.0207483 secs] 460645K->322269K(506816K), 0.0208517 secs] [Times: user=0.01 sys=0.00, real=0.02 secs] 
2018-03-03T23:55:31.213+0300: 175.900: [GC (Allocation Failure) 2018-03-03T23:55:31.213+0300: 175.900: [DefNew: 149564K->9791K(157248K), 0.0190678 secs] 462045K->323669K(506816K), 0.0191615 secs] [Times: user=0.02 sys=0.00, real=0.02 secs] 
2018-03-03T23:55:31.298+0300: 175.985: [GC (Allocation Failure) 2018-03-03T23:55:31.298+0300: 175.986: [DefNew: 149567K->9793K(157248K), 0.0210518 secs] 463445K->325069K(506816K), 0.0212017 secs] [Times: user=0.02 sys=0.00, real=0.02 secs] 
2018-03-03T23:55:46.384+0300: 191.072: [GC (Allocation Failure) 2018-03-03T23:55:46.384+0300: 191.072: [DefNew: 149569K->9795K(157248K), 0.0207874 secs] 464845K->326469K(506816K), 0.0208787 secs] [Times: user=0.03 sys=0.00, real=0.02 secs] 
2018-03-03T23:55:46.473+0300: 191.161: [GC (Allocation Failure) 2018-03-03T23:55:46.473+0300: 191.161: [DefNew: 149571K->9794K(157248K), 0.0212182 secs] 466245K->327865K(506816K), 0.0213042 secs] [Times: user=0.02 sys=0.00, real=0.02 secs] 
2018-03-03T23:55:46.563+0300: 191.251: [GC (Allocation Failure) 2018-03-03T23:55:46.563+0300: 191.251: [DefNew: 149570K->9797K(157248K), 0.0229925 secs] 467641K->329265K(506816K), 0.0231043 secs] [Times: user=0.02 sys=0.00, real=0.02 secs] 
2018-03-03T23:55:46.659+0300: 191.347: [GC (Allocation Failure) 2018-03-03T23:55:46.659+0300: 191.347: [DefNew: 149573K->9784K(157248K), 0.0205097 secs] 469041K->330650K(506816K), 0.0206467 secs] [Times: user=0.01 sys=0.00, real=0.02 secs] 
2018-03-03T23:55:46.748+0300: 191.436: [GC (Allocation Failure) 2018-03-03T23:55:46.749+0300: 191.436: [DefNew: 149560K->9786K(157248K), 0.0199403 secs] 470426K->332050K(506816K), 0.0200494 secs] [Times: user=0.01 sys=0.00, real=0.02 secs] 
2018-03-03T23:55:46.842+0300: 191.529: [GC (Allocation Failure) 2018-03-03T23:55:46.842+0300: 191.529: [DefNew: 149562K->9789K(157248K), 0.0235940 secs] 471826K->333450K(506816K), 0.0236986 secs] [Times: user=0.03 sys=0.00, real=0.02 secs] 
2018-03-03T23:55:46.934+0300: 191.622: [GC (Allocation Failure) 2018-03-03T23:55:46.935+0300: 191.622: [DefNew: 149565K->9791K(157248K), 0.0208312 secs] 473226K->334850K(506816K), 0.0209475 secs] [Times: user=0.03 sys=0.00, real=0.02 secs] 
2018-03-03T23:55:47.019+0300: 191.706: [GC (Allocation Failure) 2018-03-03T23:55:47.019+0300: 191.706: [DefNew: 149567K->9794K(157248K), 0.0215004 secs] 474626K->336250K(506816K), 0.0216091 secs] [Times: user=0.02 sys=0.00, real=0.02 secs] 
2018-03-03T23:55:47.108+0300: 191.796: [GC (Allocation Failure) 2018-03-03T23:55:47.108+0300: 191.796: [DefNew: 149570K->9796K(157248K), 0.0186252 secs] 476026K->337650K(506816K), 0.0187240 secs] [Times: user=0.02 sys=0.00, real=0.02 secs] 
2018-03-03T23:55:47.195+0300: 191.883: [GC (Allocation Failure) 2018-03-03T23:55:47.195+0300: 191.883: [DefNew: 149572K->9784K(157248K), 0.0219904 secs] 477426K->339035K(506816K), 0.0221019 secs] [Times: user=0.03 sys=0.00, real=0.02 secs] 
2018-03-03T23:55:47.283+0300: 191.971: [GC (Allocation Failure) 2018-03-03T23:55:47.283+0300: 191.971: [DefNew: 149560K->9786K(157248K), 0.0195107 secs] 478811K->340435K(506816K), 0.0196928 secs] [Times: user=0.01 sys=0.00, real=0.02 secs] 
2018-03-03T23:56:02.371+0300: 207.059: [GC (Allocation Failure) 2018-03-03T23:56:02.371+0300: 207.059: [DefNew: 149562K->9789K(157248K), 0.0213634 secs] 480211K->341835K(506816K), 0.0214673 secs] [Times: user=0.03 sys=0.00, real=0.02 secs] 
2018-03-03T23:56:02.460+0300: 207.148: [GC (Allocation Failure) 2018-03-03T23:56:02.460+0300: 207.148: [DefNew: 149565K->9792K(157248K), 0.0238497 secs] 481611K->343235K(506816K), 0.0239612 secs] [Times: user=0.03 sys=0.00, real=0.02 secs] 
2018-03-03T23:56:02.549+0300: 207.236: [GC (Allocation Failure) 2018-03-03T23:56:02.549+0300: 207.237: [DefNew: 149568K->9794K(157248K), 0.0210788 secs] 483011K->344636K(506816K), 0.0212507 secs] [Times: user=0.02 sys=0.00, real=0.02 secs] 
2018-03-03T23:56:02.635+0300: 207.323: [GC (Allocation Failure) 2018-03-03T23:56:02.635+0300: 207.323: [DefNew: 149570K->9797K(157248K), 0.0191330 secs] 484412K->346036K(506816K), 0.0192442 secs] [Times: user=0.01 sys=0.00, real=0.02 secs] 
2018-03-03T23:56:02.722+0300: 207.409: [GC (Allocation Failure) 2018-03-03T23:56:02.722+0300: 207.409: [DefNew: 149573K->9785K(157248K), 0.0214340 secs] 485812K->347421K(506816K), 0.0215286 secs] [Times: user=0.02 sys=0.00, real=0.02 secs] 
2018-03-03T23:56:02.815+0300: 207.503: [GC (Allocation Failure) 2018-03-03T23:56:02.815+0300: 207.503: [DefNew: 149561K->9788K(157248K), 0.0229958 secs] 487197K->348821K(506816K), 0.0231145 secs] [Times: user=0.02 sys=0.00, real=0.02 secs] 
2018-03-03T23:56:02.908+0300: 207.595: [GC (Allocation Failure) 2018-03-03T23:56:02.908+0300: 207.595: [DefNew: 149564K->9790K(157248K), 0.0198370 secs] 488597K->350222K(506816K), 0.0199521 secs] [Times: user=0.02 sys=0.00, real=0.02 secs] 
2018-03-03T23:56:02.994+0300: 207.681: [GC (Allocation Failure) 2018-03-03T23:56:02.994+0300: 207.681: [DefNew: 149566K->9793K(157248K), 0.0188271 secs] 489998K->351622K(506816K), 0.0189383 secs] [Times: user=0.01 sys=0.00, real=0.02 secs] 
2018-03-03T23:56:03.080+0300: 207.767: [GC (Allocation Failure) 2018-03-03T23:56:03.080+0300: 207.767: [DefNew: 149569K->9796K(157248K), 0.0213261 secs] 491398K->353022K(506816K), 0.0214379 secs] [Times: user=0.00 sys=0.00, real=0.02 secs] 
2018-03-03T23:56:03.166+0300: 207.854: [GC (Allocation Failure) 2018-03-03T23:56:03.166+0300: 207.854: [DefNew: 149572K->9798K(157248K), 0.0227650 secs] 492798K->354422K(506816K), 0.0228546 secs] [Times: user=0.03 sys=0.00, real=0.02 secs] 
2018-03-03T23:56:03.253+0300: 207.941: [GC (Allocation Failure) 2018-03-03T23:56:03.253+0300: 207.941: [DefNew: 149574K->9786K(157248K), 0.0231367 secs] 494198K->355807K(506816K), 0.0232437 secs] [Times: user=0.01 sys=0.00, real=0.02 secs] 
2018-03-03T23:56:18.344+0300: 223.032: [GC (Allocation Failure) 2018-03-03T23:56:18.344+0300: 223.032: [DefNew: 149562K->9787K(157248K), 0.0205536 secs] 495583K->357207K(506816K), 0.0206488 secs] [Times: user=0.02 sys=0.00, real=0.02 secs] 
2018-03-03T23:56:18.432+0300: 223.120: [GC (Allocation Failure) 2018-03-03T23:56:18.432+0300: 223.120: [DefNew: 149563K->149563K(157248K), 0.0000240 secs]2018-03-03T23:56:18.432+0300: 223.120: [Tenured: 347420K->271729K(349568K), 0.5532798 secs] 496983K->271729K(506816K), [Metaspace: 5274K->5274K(1056768K)], 0.5534357 secs] [Times: user=0.56 sys=0.00, real=0.55 secs] 
2018-03-03T23:56:19.051+0300: 223.739: [GC (Allocation Failure) 2018-03-03T23:56:19.052+0300: 223.739: [DefNew: 139776K->1400K(157248K), 0.0036167 secs] 411505K->273130K(506816K), 0.0037472 secs] [Times: user=0.00 sys=0.00, real=0.00 secs] 
2018-03-03T23:56:19.126+0300: 223.813: [GC (Allocation Failure) 2018-03-03T23:56:19.126+0300: 223.813: [DefNew: 141176K->2800K(157248K), 0.0054102 secs] 412906K->274530K(506816K), 0.0055142 secs] [Times: user=0.00 sys=0.00, real=0.01 secs] 
2018-03-03T23:56:19.201+0300: 223.889: [GC (Allocation Failure) 2018-03-03T23:56:19.201+0300: 223.889: [DefNew: 142576K->4201K(157248K), 0.0087115 secs] 414306K->275930K(506816K), 0.0088224 secs] [Times: user=0.02 sys=0.00, real=0.01 secs] 
2018-03-03T23:56:19.282+0300: 223.970: [GC (Allocation Failure) 2018-03-03T23:56:19.282+0300: 223.970: [DefNew: 143977K->5599K(157248K), 0.0116630 secs] 415706K->277328K(506816K), 0.0117562 secs] [Times: user=0.00 sys=0.00, real=0.01 secs] 
2018-03-03T23:56:19.361+0300: 224.049: [GC (Allocation Failure) 2018-03-03T23:56:19.361+0300: 224.049: [DefNew: 145375K->6999K(157248K), 0.0144063 secs] 417104K->278729K(506816K), 0.0145070 secs] [Times: user=0.01 sys=0.00, real=0.01 secs] 
2018-03-03T23:56:19.448+0300: 224.136: [GC (Allocation Failure) 2018-03-03T23:56:19.448+0300: 224.136: [DefNew: 146775K->8399K(157248K), 0.0139538 secs] 418505K->280129K(506816K), 0.0140547 secs] [Times: user=0.02 sys=0.00, real=0.01 secs] 
2018-03-03T23:56:19.527+0300: 224.215: [GC (Allocation Failure) 2018-03-03T23:56:19.528+0300: 224.215: [DefNew: 148175K->9799K(157248K), 0.0198114 secs] 419905K->281528K(506816K), 0.0199833 secs] [Times: user=0.03 sys=0.00, real=0.02 secs] 
2018-03-03T23:56:19.613+0300: 224.300: [GC (Allocation Failure) 2018-03-03T23:56:19.613+0300: 224.300: [DefNew: 149575K->9784K(157248K), 0.0228107 secs] 421304K->282913K(506816K), 0.0229510 secs] [Times: user=0.01 sys=0.00, real=0.02 secs] 
2018-03-03T23:56:19.680+0300: 224.368: [GC (Allocation Failure) 2018-03-03T23:56:19.680+0300: 224.368: [DefNew (promotion failed) : 149560K->148768K(157248K), 0.1178452 secs]2018-03-03T23:56:19.799+0300: 224.486: [Tenured: 274526K->310539K(349568K), 0.5303922 secs] 422689K->310539K(506816K), [Metaspace: 5274K->5274K(1056768K)], 0.6483909 secs] [Times: user=0.66 sys=0.00, real=0.65 secs] 
2018-03-03T23:56:20.396+0300: 225.084: [GC (Allocation Failure) 2018-03-03T23:56:20.396+0300: 225.084: [DefNew: 139776K->1401K(157248K), 0.0041453 secs] 450315K->311940K(506816K), 0.0042351 secs] [Times: user=0.00 sys=0.00, real=0.00 secs] 
2018-03-03T23:56:35.469+0300: 240.156: [GC (Allocation Failure) 2018-03-03T23:56:35.469+0300: 240.156: [DefNew: 141177K->2801K(157248K), 0.0064078 secs] 451716K->313340K(506816K), 0.0065325 secs] [Times: user=0.00 sys=0.00, real=0.01 secs] 
2018-03-03T23:56:35.545+0300: 240.232: [GC (Allocation Failure) 2018-03-03T23:56:35.545+0300: 240.232: [DefNew: 142577K->4201K(157248K), 0.0087884 secs] 453116K->314741K(506816K), 0.0089248 secs] [Times: user=0.01 sys=0.00, real=0.01 secs] 
2018-03-03T23:56:35.623+0300: 240.311: [GC (Allocation Failure) 2018-03-03T23:56:35.623+0300: 240.311: [DefNew: 143977K->5601K(157248K), 0.0100402 secs] 454517K->316141K(506816K), 0.0101333 secs] [Times: user=0.00 sys=0.00, real=0.01 secs] 
2018-03-03T23:56:35.700+0300: 240.388: [GC (Allocation Failure) 2018-03-03T23:56:35.700+0300: 240.388: [DefNew: 145377K->7001K(157248K), 0.0138357 secs] 455917K->317540K(506816K), 0.0139472 secs] [Times: user=0.02 sys=0.00, real=0.01 secs] 
2018-03-03T23:56:35.779+0300: 240.467: [GC (Allocation Failure) 2018-03-03T23:56:35.779+0300: 240.467: [DefNew: 146777K->8385K(157248K), 0.0160421 secs] 457316K->318925K(506816K), 0.0161601 secs] [Times: user=0.03 sys=0.00, real=0.02 secs] 
2018-03-03T23:56:35.859+0300: 240.547: [GC (Allocation Failure) 2018-03-03T23:56:35.859+0300: 240.547: [DefNew: 148161K->9786K(157248K), 0.0171928 secs] 458701K->320325K(506816K), 0.0173094 secs] [Times: user=0.02 sys=0.00, real=0.02 secs] 
2018-03-03T23:56:35.940+0300: 240.628: [GC (Allocation Failure) 2018-03-03T23:56:35.940+0300: 240.628: [DefNew: 149562K->9788K(157248K), 0.0188535 secs] 460101K->321725K(506816K), 0.0189557 secs] [Times: user=0.02 sys=0.00, real=0.02 secs] 
2018-03-03T23:56:36.028+0300: 240.716: [GC (Allocation Failure) 2018-03-03T23:56:36.028+0300: 240.716: [DefNew: 149564K->9790K(157248K), 0.0225526 secs] 461501K->323125K(506816K), 0.0226698 secs] [Times: user=0.03 sys=0.00, real=0.02 secs] 
2018-03-03T23:56:36.121+0300: 240.809: [GC (Allocation Failure) 2018-03-03T23:56:36.121+0300: 240.809: [DefNew: 149566K->9793K(157248K), 0.0200305 secs] 462901K->324525K(506816K), 0.0201311 secs] [Times: user=0.03 sys=0.00, real=0.02 secs] 
2018-03-03T23:56:36.215+0300: 240.902: [GC (Allocation Failure) 2018-03-03T23:56:36.215+0300: 240.902: [DefNew: 149569K->9795K(157248K), 0.0184858 secs] 464301K->325925K(506816K), 0.0185792 secs] [Times: user=0.03 sys=0.00, real=0.02 secs] 
2018-03-03T23:56:36.301+0300: 240.989: [GC (Allocation Failure) 2018-03-03T23:56:36.301+0300: 240.989: [DefNew: 149571K->9784K(157248K), 0.0200392 secs] 465701K->327311K(506816K), 0.0201564 secs] [Times: user=0.02 sys=0.00, real=0.02 secs] 
Heap
 def new generation   total 157248K, used 103440K [0x00000000e0000000, 0x00000000eaaa0000, 0x00000000eaaa0000)
  eden space 139776K,  67% used [0x00000000e0000000, 0x00000000e5b75ff0, 0x00000000e8880000)
  from space 17472K,  56% used [0x00000000e8880000, 0x00000000e920e148, 0x00000000e9990000)
  to   space 17472K,   0% used [0x00000000e9990000, 0x00000000e9990000, 0x00000000eaaa0000)
 tenured generation   total 349568K, used 317527K [0x00000000eaaa0000, 0x0000000100000000, 0x0000000100000000)
   the space 349568K,  90% used [0x00000000eaaa0000, 0x00000000fe0b5cd0, 0x00000000fe0b5e00, 0x0000000100000000)
 Metaspace       used 5306K, capacity 5468K, committed 5632K, reserved 1056768K
  class space    used 615K, capacity 662K, committed 768K, reserved 1048576K
