Java HotSpot(TM) 64-Bit Server VM (25.161-b12) for windows-amd64 JRE (1.8.0_161-b12), built on Dec 19 2017 17:52:25 by "java_re" with MS VC++ 10.0 (VS2010)
Memory: 4k page, physical 33469572k(22454852k free), swap 33469572k(20584876k free)
CommandLine flags: -XX:InitialHeapSize=536870912 -XX:MaxHeapSize=536870912 -XX:+PrintGC -XX:+PrintGCDateStamps -XX:+PrintGCDetails -XX:+PrintGCTimeStamps -XX:+UseCompressedClassPointers -XX:+UseCompressedOops -XX:+UseG1GC -XX:-UseLargePagesIndividualAllocation 
2018-03-04T00:03:01.180+0300: 1.141: [GC pause (G1 Evacuation Pause) (young), 0.0010988 secs]
   [Parallel Time: 0.7 ms, GC Workers: 8]
      [GC Worker Start (ms): Min: 1141.4, Avg: 1141.5, Max: 1141.5, Diff: 0.0]
      [Ext Root Scanning (ms): Min: 0.0, Avg: 0.1, Max: 0.3, Diff: 0.3, Sum: 1.0]
      [Update RS (ms): Min: 0.0, Avg: 0.0, Max: 0.0, Diff: 0.0, Sum: 0.0]
         [Processed Buffers: Min: 0, Avg: 0.0, Max: 0, Diff: 0, Sum: 0]
      [Scan RS (ms): Min: 0.0, Avg: 0.0, Max: 0.0, Diff: 0.0, Sum: 0.0]
      [Code Root Scanning (ms): Min: 0.0, Avg: 0.0, Max: 0.0, Diff: 0.0, Sum: 0.0]
      [Object Copy (ms): Min: 0.0, Avg: 0.4, Max: 0.4, Diff: 0.4, Sum: 2.9]
      [Termination (ms): Min: 0.0, Avg: 0.0, Max: 0.0, Diff: 0.0, Sum: 0.3]
         [Termination Attempts: Min: 1, Avg: 4.0, Max: 7, Diff: 6, Sum: 32]
      [GC Worker Other (ms): Min: 0.0, Avg: 0.1, Max: 0.6, Diff: 0.6, Sum: 1.0]
      [GC Worker Total (ms): Min: 0.6, Avg: 0.7, Max: 0.7, Diff: 0.0, Sum: 5.3]
      [GC Worker End (ms): Min: 1142.1, Avg: 1142.1, Max: 1142.1, Diff: 0.0]
   [Code Root Fixup: 0.0 ms]
   [Code Root Purge: 0.0 ms]
   [Clear CT: 0.1 ms]
   [Other: 0.3 ms]
      [Choose CSet: 0.0 ms]
      [Ref Proc: 0.1 ms]
      [Ref Enq: 0.0 ms]
      [Redirty Cards: 0.0 ms]
      [Humongous Register: 0.0 ms]
      [Humongous Reclaim: 0.0 ms]
      [Free CSet: 0.0 ms]
   [Eden: 25.0M(25.0M)->0.0B(45.0M) Survivors: 0.0B->1024.0K Heap: 25.0M(512.0M)->898.5K(512.0M)]
 [Times: user=0.00 sys=0.00, real=0.00 secs] 
2018-03-04T00:03:01.210+0300: 1.171: [GC pause (G1 Evacuation Pause) (young), 0.0013704 secs]
   [Parallel Time: 1.0 ms, GC Workers: 8]
      [GC Worker Start (ms): Min: 1171.3, Avg: 1171.3, Max: 1171.3, Diff: 0.0]
      [Ext Root Scanning (ms): Min: 0.1, Avg: 0.2, Max: 0.5, Diff: 0.4, Sum: 1.3]
      [Update RS (ms): Min: 0.0, Avg: 0.0, Max: 0.0, Diff: 0.0, Sum: 0.0]
         [Processed Buffers: Min: 0, Avg: 0.0, Max: 0, Diff: 0, Sum: 0]
      [Scan RS (ms): Min: 0.0, Avg: 0.0, Max: 0.0, Diff: 0.0, Sum: 0.0]
      [Code Root Scanning (ms): Min: 0.0, Avg: 0.0, Max: 0.0, Diff: 0.0, Sum: 0.0]
      [Object Copy (ms): Min: 0.5, Avg: 0.8, Max: 0.9, Diff: 0.4, Sum: 6.6]
      [Termination (ms): Min: 0.0, Avg: 0.0, Max: 0.0, Diff: 0.0, Sum: 0.0]
         [Termination Attempts: Min: 2, Avg: 3.0, Max: 4, Diff: 2, Sum: 24]
      [GC Worker Other (ms): Min: 0.0, Avg: 0.0, Max: 0.0, Diff: 0.0, Sum: 0.1]
      [GC Worker Total (ms): Min: 1.0, Avg: 1.0, Max: 1.0, Diff: 0.0, Sum: 8.1]
      [GC Worker End (ms): Min: 1172.3, Avg: 1172.3, Max: 1172.3, Diff: 0.0]
   [Code Root Fixup: 0.0 ms]
   [Code Root Purge: 0.0 ms]
   [Clear CT: 0.1 ms]
   [Other: 0.3 ms]
      [Choose CSet: 0.0 ms]
      [Ref Proc: 0.1 ms]
      [Ref Enq: 0.0 ms]
      [Redirty Cards: 0.1 ms]
      [Humongous Register: 0.0 ms]
      [Humongous Reclaim: 0.0 ms]
      [Free CSet: 0.0 ms]
   [Eden: 45.0M(45.0M)->0.0B(109.0M) Survivors: 1024.0K->2048.0K Heap: 45.9M(512.0M)->1933.3K(512.0M)]
 [Times: user=0.00 sys=0.00, real=0.00 secs] 
2018-03-04T00:03:01.291+0300: 1.252: [GC pause (G1 Evacuation Pause) (young), 0.0071172 secs]
   [Parallel Time: 6.7 ms, GC Workers: 8]
      [GC Worker Start (ms): Min: 1252.4, Avg: 1252.4, Max: 1252.5, Diff: 0.2]
      [Ext Root Scanning (ms): Min: 0.0, Avg: 0.1, Max: 0.3, Diff: 0.3, Sum: 1.0]
      [Update RS (ms): Min: 0.0, Avg: 1.1, Max: 5.7, Diff: 5.7, Sum: 8.8]
         [Processed Buffers: Min: 0, Avg: 0.5, Max: 1, Diff: 1, Sum: 4]
      [Scan RS (ms): Min: 0.0, Avg: 0.0, Max: 0.0, Diff: 0.0, Sum: 0.1]
      [Code Root Scanning (ms): Min: 0.0, Avg: 0.0, Max: 0.1, Diff: 0.1, Sum: 0.1]
      [Object Copy (ms): Min: 0.8, Avg: 4.9, Max: 6.4, Diff: 5.6, Sum: 39.0]
      [Termination (ms): Min: 0.0, Avg: 0.5, Max: 3.2, Diff: 3.2, Sum: 3.9]
         [Termination Attempts: Min: 1, Avg: 455.0, Max: 830, Diff: 829, Sum: 3640]
      [GC Worker Other (ms): Min: 0.0, Avg: 0.0, Max: 0.0, Diff: 0.0, Sum: 0.1]
      [GC Worker Total (ms): Min: 6.5, Avg: 6.6, Max: 6.7, Diff: 0.2, Sum: 53.0]
      [GC Worker End (ms): Min: 1259.0, Avg: 1259.0, Max: 1259.0, Diff: 0.0]
   [Code Root Fixup: 0.0 ms]
   [Code Root Purge: 0.0 ms]
   [Clear CT: 0.1 ms]
   [Other: 0.4 ms]
      [Choose CSet: 0.0 ms]
      [Ref Proc: 0.1 ms]
      [Ref Enq: 0.0 ms]
      [Redirty Cards: 0.0 ms]
      [Humongous Register: 0.0 ms]
      [Humongous Reclaim: 0.0 ms]
      [Free CSet: 0.0 ms]
   [Eden: 109.0M(109.0M)->0.0B(304.0M) Survivors: 2048.0K->3072.0K Heap: 111.5M(512.0M)->3657.8K(512.0M)]
 [Times: user=0.11 sys=0.00, real=0.01 secs] 
2018-03-04T00:03:01.582+0300: 1.544: [GC pause (G1 Evacuation Pause) (young), 0.0095108 secs]
   [Parallel Time: 8.9 ms, GC Workers: 8]
      [GC Worker Start (ms): Min: 1543.9, Avg: 1544.0, Max: 1544.0, Diff: 0.1]
      [Ext Root Scanning (ms): Min: 0.1, Avg: 0.1, Max: 0.3, Diff: 0.3, Sum: 1.0]
      [Update RS (ms): Min: 0.8, Avg: 1.3, Max: 1.9, Diff: 1.1, Sum: 10.1]
         [Processed Buffers: Min: 1, Avg: 1.3, Max: 2, Diff: 1, Sum: 10]
      [Scan RS (ms): Min: 0.0, Avg: 0.6, Max: 1.0, Diff: 1.0, Sum: 4.5]
      [Code Root Scanning (ms): Min: 0.0, Avg: 0.0, Max: 0.1, Diff: 0.1, Sum: 0.1]
      [Object Copy (ms): Min: 6.6, Avg: 6.7, Max: 6.7, Diff: 0.2, Sum: 53.5]
      [Termination (ms): Min: 0.0, Avg: 0.0, Max: 0.0, Diff: 0.0, Sum: 0.2]
         [Termination Attempts: Min: 1, Avg: 191.9, Max: 251, Diff: 250, Sum: 1535]
      [GC Worker Other (ms): Min: 0.0, Avg: 0.0, Max: 0.1, Diff: 0.0, Sum: 0.3]
      [GC Worker Total (ms): Min: 8.7, Avg: 8.7, Max: 8.8, Diff: 0.1, Sum: 69.8]
      [GC Worker End (ms): Min: 1552.7, Avg: 1552.7, Max: 1552.7, Diff: 0.0]
   [Code Root Fixup: 0.0 ms]
   [Code Root Purge: 0.0 ms]
   [Clear CT: 0.1 ms]
   [Other: 0.5 ms]
      [Choose CSet: 0.0 ms]
      [Ref Proc: 0.1 ms]
      [Ref Enq: 0.0 ms]
      [Redirty Cards: 0.1 ms]
      [Humongous Register: 0.0 ms]
      [Humongous Reclaim: 0.0 ms]
      [Free CSet: 0.2 ms]
   [Eden: 278.0M(278.0M)->0.0B(299.0M) Survivors: 3072.0K->8192.0K Heap: 283.9M(512.0M)->10.7M(512.0M)]
 [Times: user=0.00 sys=0.00, real=0.01 secs] 
2018-03-04T00:03:01.753+0300: 1.714: [GC pause (G1 Evacuation Pause) (young), 0.0123634 secs]
   [Parallel Time: 11.9 ms, GC Workers: 8]
      [GC Worker Start (ms): Min: 1714.5, Avg: 1714.5, Max: 1714.5, Diff: 0.0]
      [Ext Root Scanning (ms): Min: 0.1, Avg: 0.1, Max: 0.3, Diff: 0.2, Sum: 1.0]
      [Update RS (ms): Min: 0.7, Avg: 1.3, Max: 1.9, Diff: 1.2, Sum: 10.3]
         [Processed Buffers: Min: 1, Avg: 1.5, Max: 2, Diff: 1, Sum: 12]
      [Scan RS (ms): Min: 0.6, Avg: 1.2, Max: 1.8, Diff: 1.2, Sum: 9.3]
      [Code Root Scanning (ms): Min: 0.0, Avg: 0.0, Max: 0.1, Diff: 0.1, Sum: 0.1]
      [Object Copy (ms): Min: 9.1, Avg: 9.2, Max: 9.2, Diff: 0.1, Sum: 73.5]
      [Termination (ms): Min: 0.0, Avg: 0.1, Max: 0.1, Diff: 0.1, Sum: 0.5]
         [Termination Attempts: Min: 1, Avg: 462.8, Max: 626, Diff: 625, Sum: 3702]
      [GC Worker Other (ms): Min: 0.0, Avg: 0.0, Max: 0.0, Diff: 0.0, Sum: 0.1]
      [GC Worker Total (ms): Min: 11.8, Avg: 11.8, Max: 11.9, Diff: 0.0, Sum: 94.8]
      [GC Worker End (ms): Min: 1726.3, Avg: 1726.4, Max: 1726.4, Diff: 0.0]
   [Code Root Fixup: 0.0 ms]
   [Code Root Purge: 0.0 ms]
   [Clear CT: 0.1 ms]
   [Other: 0.4 ms]
      [Choose CSet: 0.0 ms]
      [Ref Proc: 0.1 ms]
      [Ref Enq: 0.0 ms]
      [Redirty Cards: 0.0 ms]
      [Humongous Register: 0.0 ms]
      [Humongous Reclaim: 0.0 ms]
      [Free CSet: 0.1 ms]
   [Eden: 184.0M(72.0M)->0.0B(299.0M) Survivors: 8192.0K->8192.0K Heap: 196.7M(512.0M)->13.6M(512.0M)]
 [Times: user=0.13 sys=0.00, real=0.01 secs] 
2018-03-04T00:03:02.042+0300: 2.003: [GC pause (G1 Evacuation Pause) (young), 0.0308453 secs]
   [Parallel Time: 30.2 ms, GC Workers: 8]
      [GC Worker Start (ms): Min: 2003.1, Avg: 2003.1, Max: 2003.2, Diff: 0.1]
      [Ext Root Scanning (ms): Min: 0.0, Avg: 0.1, Max: 0.2, Diff: 0.2, Sum: 0.7]
      [Update RS (ms): Min: 0.0, Avg: 1.5, Max: 1.9, Diff: 1.9, Sum: 11.7]
         [Processed Buffers: Min: 0, Avg: 1.9, Max: 3, Diff: 3, Sum: 15]
      [Scan RS (ms): Min: 0.0, Avg: 2.3, Max: 3.3, Diff: 3.3, Sum: 18.1]
      [Code Root Scanning (ms): Min: 0.0, Avg: 0.0, Max: 0.1, Diff: 0.1, Sum: 0.1]
      [Object Copy (ms): Min: 25.2, Avg: 25.9, Max: 29.5, Diff: 4.3, Sum: 207.1]
      [Termination (ms): Min: 0.0, Avg: 0.4, Max: 0.5, Diff: 0.5, Sum: 3.2]
         [Termination Attempts: Min: 1, Avg: 2910.1, Max: 3785, Diff: 3784, Sum: 23281]
      [GC Worker Other (ms): Min: 0.0, Avg: 0.0, Max: 0.0, Diff: 0.0, Sum: 0.2]
      [GC Worker Total (ms): Min: 30.0, Avg: 30.1, Max: 30.2, Diff: 0.2, Sum: 241.1]
      [GC Worker End (ms): Min: 2033.2, Avg: 2033.2, Max: 2033.2, Diff: 0.0]
   [Code Root Fixup: 0.0 ms]
   [Code Root Purge: 0.0 ms]
   [Clear CT: 0.1 ms]
   [Other: 0.5 ms]
      [Choose CSet: 0.0 ms]
      [Ref Proc: 0.1 ms]
      [Ref Enq: 0.0 ms]
      [Redirty Cards: 0.0 ms]
      [Humongous Register: 0.0 ms]
      [Humongous Reclaim: 0.0 ms]
      [Free CSet: 0.3 ms]
   [Eden: 299.0M(299.0M)->0.0B(295.0M) Survivors: 8192.0K->12.0M Heap: 315.7M(512.0M)->20.7M(512.0M)]
 [Times: user=0.17 sys=0.06, real=0.03 secs] 
2018-03-04T00:03:02.330+0300: 2.292: [GC pause (G1 Evacuation Pause) (young), 0.0194295 secs]
   [Parallel Time: 18.8 ms, GC Workers: 8]
      [GC Worker Start (ms): Min: 2292.2, Avg: 2292.2, Max: 2292.4, Diff: 0.1]
      [Ext Root Scanning (ms): Min: 0.0, Avg: 0.1, Max: 0.2, Diff: 0.2, Sum: 0.8]
      [Update RS (ms): Min: 0.5, Avg: 3.4, Max: 18.6, Diff: 18.1, Sum: 27.4]
         [Processed Buffers: Min: 0, Avg: 1.6, Max: 2, Diff: 2, Sum: 13]
      [Scan RS (ms): Min: 0.0, Avg: 2.6, Max: 3.8, Diff: 3.8, Sum: 21.0]
      [Code Root Scanning (ms): Min: 0.0, Avg: 0.0, Max: 0.0, Diff: 0.0, Sum: 0.1]
      [Object Copy (ms): Min: 0.0, Avg: 12.5, Max: 14.3, Diff: 14.3, Sum: 99.8]
      [Termination (ms): Min: 0.0, Avg: 0.1, Max: 0.1, Diff: 0.1, Sum: 0.7]
         [Termination Attempts: Min: 1, Avg: 243.1, Max: 388, Diff: 387, Sum: 1945]
      [GC Worker Other (ms): Min: 0.0, Avg: 0.0, Max: 0.0, Diff: 0.0, Sum: 0.1]
      [GC Worker Total (ms): Min: 18.6, Avg: 18.7, Max: 18.8, Diff: 0.2, Sum: 149.9]
      [GC Worker End (ms): Min: 2311.0, Avg: 2311.0, Max: 2311.0, Diff: 0.0]
   [Code Root Fixup: 0.0 ms]
   [Code Root Purge: 0.0 ms]
   [Clear CT: 0.1 ms]
   [Other: 0.5 ms]
      [Choose CSet: 0.0 ms]
      [Ref Proc: 0.1 ms]
      [Ref Enq: 0.0 ms]
      [Redirty Cards: 0.1 ms]
      [Humongous Register: 0.0 ms]
      [Humongous Reclaim: 0.0 ms]
      [Free CSet: 0.3 ms]
   [Eden: 295.0M(295.0M)->0.0B(293.0M) Survivors: 12.0M->14.0M Heap: 315.7M(512.0M)->22.7M(512.0M)]
 [Times: user=0.11 sys=0.00, real=0.02 secs] 
2018-03-04T00:03:02.609+0300: 2.570: [GC pause (G1 Evacuation Pause) (young), 0.0245099 secs]
   [Parallel Time: 23.8 ms, GC Workers: 8]
      [GC Worker Start (ms): Min: 2570.4, Avg: 2570.4, Max: 2570.6, Diff: 0.2]
      [Ext Root Scanning (ms): Min: 0.0, Avg: 0.1, Max: 0.2, Diff: 0.2, Sum: 1.0]
      [Update RS (ms): Min: 1.1, Avg: 1.8, Max: 2.3, Diff: 1.2, Sum: 14.7]
         [Processed Buffers: Min: 1, Avg: 1.8, Max: 2, Diff: 1, Sum: 14]
      [Scan RS (ms): Min: 3.5, Avg: 4.0, Max: 4.7, Diff: 1.2, Sum: 32.0]
      [Code Root Scanning (ms): Min: 0.0, Avg: 0.0, Max: 0.0, Diff: 0.0, Sum: 0.1]
      [Object Copy (ms): Min: 17.6, Avg: 17.7, Max: 17.8, Diff: 0.1, Sum: 141.7]
      [Termination (ms): Min: 0.0, Avg: 0.0, Max: 0.1, Diff: 0.1, Sum: 0.3]
         [Termination Attempts: Min: 1, Avg: 253.8, Max: 316, Diff: 315, Sum: 2030]
      [GC Worker Other (ms): Min: 0.0, Avg: 0.0, Max: 0.0, Diff: 0.0, Sum: 0.1]
      [GC Worker Total (ms): Min: 23.6, Avg: 23.7, Max: 23.8, Diff: 0.2, Sum: 189.9]
      [GC Worker End (ms): Min: 2594.2, Avg: 2594.2, Max: 2594.2, Diff: 0.0]
   [Code Root Fixup: 0.0 ms]
   [Code Root Purge: 0.0 ms]
   [Clear CT: 0.1 ms]
   [Other: 0.6 ms]
      [Choose CSet: 0.0 ms]
      [Ref Proc: 0.1 ms]
      [Ref Enq: 0.0 ms]
      [Redirty Cards: 0.1 ms]
      [Humongous Register: 0.0 ms]
      [Humongous Reclaim: 0.0 ms]
      [Free CSet: 0.3 ms]
   [Eden: 293.0M(293.0M)->0.0B(290.0M) Survivors: 14.0M->17.0M Heap: 320.4M(512.0M)->30.4M(512.0M)]
 [Times: user=0.13 sys=0.00, real=0.02 secs] 
2018-03-04T00:03:03.892+0300: 3.853: [GC pause (G1 Evacuation Pause) (young), 0.0272207 secs]
   [Parallel Time: 26.6 ms, GC Workers: 8]
      [GC Worker Start (ms): Min: 3853.5, Avg: 3853.6, Max: 3853.7, Diff: 0.1]
      [Ext Root Scanning (ms): Min: 0.0, Avg: 0.1, Max: 0.2, Diff: 0.2, Sum: 0.8]
      [Update RS (ms): Min: 0.0, Avg: 2.0, Max: 2.9, Diff: 2.9, Sum: 16.3]
         [Processed Buffers: Min: 1, Avg: 2.5, Max: 5, Diff: 4, Sum: 20]
      [Scan RS (ms): Min: 4.1, Avg: 4.4, Max: 5.0, Diff: 0.9, Sum: 35.3]
      [Code Root Scanning (ms): Min: 0.0, Avg: 0.0, Max: 0.0, Diff: 0.0, Sum: 0.1]
      [Object Copy (ms): Min: 19.4, Avg: 19.9, Max: 21.4, Diff: 2.0, Sum: 159.6]
      [Termination (ms): Min: 0.0, Avg: 0.0, Max: 0.0, Diff: 0.0, Sum: 0.1]
         [Termination Attempts: Min: 1, Avg: 131.5, Max: 178, Diff: 177, Sum: 1052]
      [GC Worker Other (ms): Min: 0.0, Avg: 0.0, Max: 0.0, Diff: 0.0, Sum: 0.1]
      [GC Worker Total (ms): Min: 26.5, Avg: 26.5, Max: 26.6, Diff: 0.1, Sum: 212.4]
      [GC Worker End (ms): Min: 3880.1, Avg: 3880.1, Max: 3880.1, Diff: 0.0]
   [Code Root Fixup: 0.0 ms]
   [Code Root Purge: 0.0 ms]
   [Clear CT: 0.1 ms]
   [Other: 0.5 ms]
      [Choose CSet: 0.0 ms]
      [Ref Proc: 0.1 ms]
      [Ref Enq: 0.0 ms]
      [Redirty Cards: 0.1 ms]
      [Humongous Register: 0.0 ms]
      [Humongous Reclaim: 0.0 ms]
      [Free CSet: 0.2 ms]
   [Eden: 290.0M(290.0M)->0.0B(286.0M) Survivors: 17.0M->21.0M Heap: 320.4M(512.0M)->33.9M(512.0M)]
 [Times: user=0.11 sys=0.02, real=0.03 secs] 
2018-03-04T00:03:04.178+0300: 4.139: [GC pause (G1 Evacuation Pause) (young), 0.0395613 secs]
   [Parallel Time: 38.9 ms, GC Workers: 8]
      [GC Worker Start (ms): Min: 4139.3, Avg: 4139.4, Max: 4139.5, Diff: 0.1]
      [Ext Root Scanning (ms): Min: 0.0, Avg: 0.1, Max: 0.2, Diff: 0.2, Sum: 0.8]
      [Update RS (ms): Min: 1.9, Avg: 2.4, Max: 3.0, Diff: 1.2, Sum: 19.3]
         [Processed Buffers: Min: 2, Avg: 2.5, Max: 3, Diff: 1, Sum: 20]
      [Scan RS (ms): Min: 6.2, Avg: 6.8, Max: 7.5, Diff: 1.3, Sum: 54.2]
      [Code Root Scanning (ms): Min: 0.0, Avg: 0.0, Max: 0.0, Diff: 0.0, Sum: 0.1]
      [Object Copy (ms): Min: 29.3, Avg: 29.5, Max: 30.5, Diff: 1.2, Sum: 236.0]
      [Termination (ms): Min: 0.0, Avg: 0.1, Max: 0.1, Diff: 0.1, Sum: 0.6]
         [Termination Attempts: Min: 1, Avg: 469.3, Max: 581, Diff: 580, Sum: 3754]
      [GC Worker Other (ms): Min: 0.0, Avg: 0.0, Max: 0.0, Diff: 0.0, Sum: 0.1]
      [GC Worker Total (ms): Min: 38.8, Avg: 38.9, Max: 38.9, Diff: 0.1, Sum: 311.2]
      [GC Worker End (ms): Min: 4178.3, Avg: 4178.3, Max: 4178.3, Diff: 0.0]
   [Code Root Fixup: 0.0 ms]
   [Code Root Purge: 0.0 ms]
   [Clear CT: 0.1 ms]
   [Other: 0.5 ms]
      [Choose CSet: 0.0 ms]
      [Ref Proc: 0.1 ms]
      [Ref Enq: 0.0 ms]
      [Redirty Cards: 0.1 ms]
      [Humongous Register: 0.0 ms]
      [Humongous Reclaim: 0.0 ms]
      [Free CSet: 0.2 ms]
   [Eden: 286.0M(286.0M)->0.0B(283.0M) Survivors: 21.0M->24.0M Heap: 326.8M(512.0M)->43.8M(512.0M)]
 [Times: user=0.23 sys=0.08, real=0.04 secs] 
2018-03-04T00:03:04.468+0300: 4.429: [GC pause (G1 Evacuation Pause) (young), 0.0364628 secs]
   [Parallel Time: 35.9 ms, GC Workers: 8]
      [GC Worker Start (ms): Min: 4429.5, Avg: 4429.5, Max: 4429.7, Diff: 0.2]
      [Ext Root Scanning (ms): Min: 0.0, Avg: 0.1, Max: 0.2, Diff: 0.2, Sum: 0.8]
      [Update RS (ms): Min: 1.7, Avg: 2.3, Max: 2.7, Diff: 1.0, Sum: 18.3]
         [Processed Buffers: Min: 1, Avg: 2.8, Max: 4, Diff: 3, Sum: 22]
      [Scan RS (ms): Min: 6.6, Avg: 7.0, Max: 7.6, Diff: 0.9, Sum: 56.2]
      [Code Root Scanning (ms): Min: 0.0, Avg: 0.0, Max: 0.0, Diff: 0.0, Sum: 0.1]
      [Object Copy (ms): Min: 26.2, Avg: 26.3, Max: 26.4, Diff: 0.2, Sum: 210.6]
      [Termination (ms): Min: 0.0, Avg: 0.0, Max: 0.0, Diff: 0.0, Sum: 0.1]
         [Termination Attempts: Min: 1, Avg: 94.8, Max: 124, Diff: 123, Sum: 758]
      [GC Worker Other (ms): Min: 0.0, Avg: 0.0, Max: 0.0, Diff: 0.0, Sum: 0.1]
      [GC Worker Total (ms): Min: 35.7, Avg: 35.8, Max: 35.9, Diff: 0.2, Sum: 286.3]
      [GC Worker End (ms): Min: 4465.3, Avg: 4465.3, Max: 4465.3, Diff: 0.0]
   [Code Root Fixup: 0.0 ms]
   [Code Root Purge: 0.0 ms]
   [Clear CT: 0.1 ms]
   [Other: 0.5 ms]
      [Choose CSet: 0.0 ms]
      [Ref Proc: 0.1 ms]
      [Ref Enq: 0.0 ms]
      [Redirty Cards: 0.1 ms]
      [Humongous Register: 0.0 ms]
      [Humongous Reclaim: 0.0 ms]
      [Free CSet: 0.2 ms]
   [Eden: 283.0M(283.0M)->0.0B(283.0M) Survivors: 24.0M->24.0M Heap: 326.8M(512.0M)->46.1M(512.0M)]
 [Times: user=0.23 sys=0.00, real=0.04 secs] 
2018-03-04T00:03:04.755+0300: 4.717: [GC pause (G1 Evacuation Pause) (young), 0.0526305 secs]
   [Parallel Time: 52.1 ms, GC Workers: 8]
      [GC Worker Start (ms): Min: 4716.7, Avg: 4716.8, Max: 4716.8, Diff: 0.1]
      [Ext Root Scanning (ms): Min: 0.1, Avg: 0.1, Max: 0.2, Diff: 0.1, Sum: 0.9]
      [Update RS (ms): Min: 0.0, Avg: 2.2, Max: 3.1, Diff: 3.1, Sum: 17.6]
         [Processed Buffers: Min: 0, Avg: 2.9, Max: 4, Diff: 4, Sum: 23]
      [Scan RS (ms): Min: 0.0, Avg: 6.2, Max: 8.0, Diff: 7.9, Sum: 50.0]
      [Code Root Scanning (ms): Min: 0.0, Avg: 0.0, Max: 0.0, Diff: 0.0, Sum: 0.0]
      [Object Copy (ms): Min: 41.8, Avg: 43.1, Max: 51.5, Diff: 9.7, Sum: 345.0]
      [Termination (ms): Min: 0.0, Avg: 0.3, Max: 0.4, Diff: 0.4, Sum: 2.5]
         [Termination Attempts: Min: 1, Avg: 2667.9, Max: 3688, Diff: 3687, Sum: 21343]
      [GC Worker Other (ms): Min: 0.0, Avg: 0.0, Max: 0.0, Diff: 0.0, Sum: 0.1]
      [GC Worker Total (ms): Min: 52.0, Avg: 52.0, Max: 52.1, Diff: 0.1, Sum: 416.2]
      [GC Worker End (ms): Min: 4768.8, Avg: 4768.8, Max: 4768.8, Diff: 0.0]
   [Code Root Fixup: 0.0 ms]
   [Code Root Purge: 0.0 ms]
   [Clear CT: 0.1 ms]
   [Other: 0.4 ms]
      [Choose CSet: 0.0 ms]
      [Ref Proc: 0.1 ms]
      [Ref Enq: 0.0 ms]
      [Redirty Cards: 0.1 ms]
      [Humongous Register: 0.0 ms]
      [Humongous Reclaim: 0.0 ms]
      [Free CSet: 0.2 ms]
   [Eden: 283.0M(283.0M)->0.0B(282.0M) Survivors: 24.0M->25.0M Heap: 329.1M(512.0M)->50.8M(512.0M)]
 [Times: user=0.31 sys=0.02, real=0.05 secs] 
2018-03-04T00:03:05.065+0300: 5.027: [GC pause (G1 Evacuation Pause) (young), 0.0392365 secs]
   [Parallel Time: 38.7 ms, GC Workers: 8]
      [GC Worker Start (ms): Min: 5027.0, Avg: 5027.0, Max: 5027.0, Diff: 0.0]
      [Ext Root Scanning (ms): Min: 0.1, Avg: 0.1, Max: 0.1, Diff: 0.0, Sum: 0.8]
      [Update RS (ms): Min: 1.9, Avg: 2.7, Max: 3.1, Diff: 1.2, Sum: 21.2]
         [Processed Buffers: Min: 2, Avg: 2.8, Max: 3, Diff: 1, Sum: 22]
      [Scan RS (ms): Min: 7.4, Avg: 7.9, Max: 8.6, Diff: 1.2, Sum: 63.1]
      [Code Root Scanning (ms): Min: 0.0, Avg: 0.0, Max: 0.0, Diff: 0.0, Sum: 0.0]
      [Object Copy (ms): Min: 27.8, Avg: 27.9, Max: 28.0, Diff: 0.2, Sum: 223.3]
      [Termination (ms): Min: 0.0, Avg: 0.1, Max: 0.1, Diff: 0.1, Sum: 0.5]
         [Termination Attempts: Min: 1, Avg: 283.3, Max: 410, Diff: 409, Sum: 2266]
      [GC Worker Other (ms): Min: 0.0, Avg: 0.0, Max: 0.0, Diff: 0.0, Sum: 0.1]
      [GC Worker Total (ms): Min: 38.6, Avg: 38.6, Max: 38.6, Diff: 0.0, Sum: 309.0]
      [GC Worker End (ms): Min: 5065.6, Avg: 5065.6, Max: 5065.6, Diff: 0.0]
   [Code Root Fixup: 0.0 ms]
   [Code Root Purge: 0.0 ms]
   [Clear CT: 0.1 ms]
   [Other: 0.5 ms]
      [Choose CSet: 0.0 ms]
      [Ref Proc: 0.1 ms]
      [Ref Enq: 0.0 ms]
      [Redirty Cards: 0.1 ms]
      [Humongous Register: 0.0 ms]
      [Humongous Reclaim: 0.0 ms]
      [Free CSet: 0.2 ms]
   [Eden: 282.0M(282.0M)->0.0B(285.0M) Survivors: 25.0M->22.0M Heap: 343.2M(512.0M)->64.5M(512.0M)]
 [Times: user=0.25 sys=0.00, real=0.04 secs] 
2018-03-04T00:03:06.359+0300: 6.321: [GC pause (G1 Evacuation Pause) (young), 0.0483773 secs]
   [Parallel Time: 47.8 ms, GC Workers: 8]
      [GC Worker Start (ms): Min: 6321.0, Avg: 6321.0, Max: 6321.1, Diff: 0.1]
      [Ext Root Scanning (ms): Min: 0.1, Avg: 0.1, Max: 0.2, Diff: 0.1, Sum: 0.9]
      [Update RS (ms): Min: 0.0, Avg: 2.6, Max: 3.2, Diff: 3.2, Sum: 20.8]
         [Processed Buffers: Min: 0, Avg: 3.3, Max: 5, Diff: 5, Sum: 26]
      [Scan RS (ms): Min: 0.0, Avg: 4.6, Max: 5.9, Diff: 5.9, Sum: 37.1]
      [Code Root Scanning (ms): Min: 0.0, Avg: 0.0, Max: 0.0, Diff: 0.0, Sum: 0.0]
      [Object Copy (ms): Min: 38.9, Avg: 40.1, Max: 47.4, Diff: 8.4, Sum: 320.8]
      [Termination (ms): Min: 0.0, Avg: 0.2, Max: 0.3, Diff: 0.2, Sum: 1.5]
         [Termination Attempts: Min: 1, Avg: 1259.8, Max: 1790, Diff: 1789, Sum: 10078]
      [GC Worker Other (ms): Min: 0.0, Avg: 0.0, Max: 0.0, Diff: 0.0, Sum: 0.1]
      [GC Worker Total (ms): Min: 47.6, Avg: 47.6, Max: 47.7, Diff: 0.1, Sum: 381.2]
      [GC Worker End (ms): Min: 6368.7, Avg: 6368.7, Max: 6368.7, Diff: 0.0]
   [Code Root Fixup: 0.0 ms]
   [Code Root Purge: 0.0 ms]
   [Clear CT: 0.1 ms]
   [Other: 0.5 ms]
      [Choose CSet: 0.0 ms]
      [Ref Proc: 0.1 ms]
      [Ref Enq: 0.0 ms]
      [Redirty Cards: 0.1 ms]
      [Humongous Register: 0.0 ms]
      [Humongous Reclaim: 0.0 ms]
      [Free CSet: 0.3 ms]
   [Eden: 285.0M(285.0M)->0.0B(285.0M) Survivors: 22.0M->22.0M Heap: 349.5M(512.0M)->70.6M(512.0M)]
 [Times: user=0.28 sys=0.02, real=0.05 secs] 
2018-03-04T00:03:06.657+0300: 6.619: [GC pause (G1 Evacuation Pause) (young), 0.0276092 secs]
   [Parallel Time: 27.1 ms, GC Workers: 8]
      [GC Worker Start (ms): Min: 6618.6, Avg: 6618.6, Max: 6618.7, Diff: 0.1]
      [Ext Root Scanning (ms): Min: 0.0, Avg: 0.1, Max: 0.1, Diff: 0.1, Sum: 0.8]
      [Update RS (ms): Min: 1.8, Avg: 2.6, Max: 2.9, Diff: 1.1, Sum: 20.5]
         [Processed Buffers: Min: 2, Avg: 3.4, Max: 5, Diff: 3, Sum: 27]
      [Scan RS (ms): Min: 3.2, Avg: 3.6, Max: 4.4, Diff: 1.2, Sum: 29.1]
      [Code Root Scanning (ms): Min: 0.0, Avg: 0.0, Max: 0.0, Diff: 0.0, Sum: 0.0]
      [Object Copy (ms): Min: 20.5, Avg: 20.6, Max: 20.7, Diff: 0.2, Sum: 165.0]
      [Termination (ms): Min: 0.0, Avg: 0.0, Max: 0.0, Diff: 0.0, Sum: 0.1]
         [Termination Attempts: Min: 1, Avg: 127.5, Max: 191, Diff: 190, Sum: 1020]
      [GC Worker Other (ms): Min: 0.0, Avg: 0.0, Max: 0.0, Diff: 0.0, Sum: 0.2]
      [GC Worker Total (ms): Min: 26.8, Avg: 27.0, Max: 27.0, Diff: 0.2, Sum: 215.7]
      [GC Worker End (ms): Min: 6645.6, Avg: 6645.6, Max: 6645.6, Diff: 0.0]
   [Code Root Fixup: 0.0 ms]
   [Code Root Purge: 0.0 ms]
   [Clear CT: 0.1 ms]
   [Other: 0.4 ms]
      [Choose CSet: 0.0 ms]
      [Ref Proc: 0.1 ms]
      [Ref Enq: 0.0 ms]
      [Redirty Cards: 0.1 ms]
      [Humongous Register: 0.0 ms]
      [Humongous Reclaim: 0.0 ms]
      [Free CSet: 0.2 ms]
   [Eden: 285.0M(285.0M)->0.0B(285.0M) Survivors: 22.0M->22.0M Heap: 355.6M(512.0M)->74.8M(512.0M)]
 [Times: user=0.13 sys=0.00, real=0.03 secs] 
2018-03-04T00:03:06.933+0300: 6.895: [GC pause (G1 Evacuation Pause) (young), 0.0273658 secs]
   [Parallel Time: 26.9 ms, GC Workers: 8]
      [GC Worker Start (ms): Min: 6895.0, Avg: 6895.1, Max: 6895.2, Diff: 0.1]
      [Ext Root Scanning (ms): Min: 0.1, Avg: 0.1, Max: 0.2, Diff: 0.1, Sum: 0.9]
      [Update RS (ms): Min: 2.3, Avg: 3.0, Max: 3.3, Diff: 1.0, Sum: 23.7]
         [Processed Buffers: Min: 2, Avg: 3.5, Max: 5, Diff: 3, Sum: 28]
      [Scan RS (ms): Min: 2.7, Avg: 3.0, Max: 3.7, Diff: 1.0, Sum: 24.2]
      [Code Root Scanning (ms): Min: 0.0, Avg: 0.0, Max: 0.0, Diff: 0.0, Sum: 0.1]
      [Object Copy (ms): Min: 20.5, Avg: 20.5, Max: 20.6, Diff: 0.1, Sum: 164.4]
      [Termination (ms): Min: 0.0, Avg: 0.1, Max: 0.1, Diff: 0.1, Sum: 0.6]
         [Termination Attempts: Min: 1, Avg: 610.6, Max: 745, Diff: 744, Sum: 4885]
      [GC Worker Other (ms): Min: 0.0, Avg: 0.0, Max: 0.0, Diff: 0.0, Sum: 0.1]
      [GC Worker Total (ms): Min: 26.7, Avg: 26.7, Max: 26.8, Diff: 0.1, Sum: 214.0]
      [GC Worker End (ms): Min: 6921.9, Avg: 6921.9, Max: 6921.9, Diff: 0.0]
   [Code Root Fixup: 0.0 ms]
   [Code Root Purge: 0.0 ms]
   [Clear CT: 0.1 ms]
   [Other: 0.4 ms]
      [Choose CSet: 0.0 ms]
      [Ref Proc: 0.1 ms]
      [Ref Enq: 0.0 ms]
      [Redirty Cards: 0.0 ms]
      [Humongous Register: 0.0 ms]
      [Humongous Reclaim: 0.0 ms]
      [Free CSet: 0.2 ms]
   [Eden: 285.0M(285.0M)->0.0B(285.0M) Survivors: 22.0M->22.0M Heap: 359.8M(512.0M)->81.8M(512.0M)]
 [Times: user=0.23 sys=0.00, real=0.03 secs] 
2018-03-04T00:03:07.209+0300: 7.171: [GC pause (G1 Evacuation Pause) (young), 0.0237344 secs]
   [Parallel Time: 23.2 ms, GC Workers: 8]
      [GC Worker Start (ms): Min: 7171.2, Avg: 7171.3, Max: 7171.3, Diff: 0.0]
      [Ext Root Scanning (ms): Min: 0.1, Avg: 0.1, Max: 0.1, Diff: 0.0, Sum: 0.8]
      [Update RS (ms): Min: 2.2, Avg: 2.9, Max: 3.3, Diff: 1.1, Sum: 22.8]
         [Processed Buffers: Min: 3, Avg: 3.6, Max: 4, Diff: 1, Sum: 29]
      [Scan RS (ms): Min: 1.9, Avg: 2.2, Max: 2.8, Diff: 0.9, Sum: 17.3]
      [Code Root Scanning (ms): Min: 0.0, Avg: 0.0, Max: 0.0, Diff: 0.0, Sum: 0.0]
      [Object Copy (ms): Min: 17.9, Avg: 18.0, Max: 18.1, Diff: 0.2, Sum: 144.0]
      [Termination (ms): Min: 0.0, Avg: 0.0, Max: 0.0, Diff: 0.0, Sum: 0.2]
         [Termination Attempts: Min: 1, Avg: 226.0, Max: 317, Diff: 316, Sum: 1808]
      [GC Worker Other (ms): Min: 0.0, Avg: 0.0, Max: 0.0, Diff: 0.0, Sum: 0.1]
      [GC Worker Total (ms): Min: 23.1, Avg: 23.2, Max: 23.2, Diff: 0.0, Sum: 185.3]
      [GC Worker End (ms): Min: 7194.4, Avg: 7194.4, Max: 7194.4, Diff: 0.0]
   [Code Root Fixup: 0.0 ms]
   [Code Root Purge: 0.0 ms]
   [Clear CT: 0.1 ms]
   [Other: 0.4 ms]
      [Choose CSet: 0.0 ms]
      [Ref Proc: 0.1 ms]
      [Ref Enq: 0.0 ms]
      [Redirty Cards: 0.1 ms]
      [Humongous Register: 0.0 ms]
      [Humongous Reclaim: 0.0 ms]
      [Free CSet: 0.2 ms]
   [Eden: 285.0M(285.0M)->0.0B(285.0M) Survivors: 22.0M->22.0M Heap: 366.8M(512.0M)->87.3M(512.0M)]
 [Times: user=0.25 sys=0.00, real=0.02 secs] 
2018-03-04T00:03:07.493+0300: 7.454: [GC pause (G1 Evacuation Pause) (young), 0.0363568 secs]
   [Parallel Time: 35.8 ms, GC Workers: 8]
      [GC Worker Start (ms): Min: 7454.4, Avg: 7454.4, Max: 7454.5, Diff: 0.1]
      [Ext Root Scanning (ms): Min: 0.1, Avg: 0.1, Max: 0.1, Diff: 0.0, Sum: 0.9]
      [Update RS (ms): Min: 0.0, Avg: 3.4, Max: 4.0, Diff: 4.0, Sum: 27.3]
         [Processed Buffers: Min: 0, Avg: 3.8, Max: 5, Diff: 5, Sum: 30]
      [Scan RS (ms): Min: 0.0, Avg: 4.2, Max: 5.5, Diff: 5.5, Sum: 33.4]
      [Code Root Scanning (ms): Min: 0.0, Avg: 0.0, Max: 0.0, Diff: 0.0, Sum: 0.0]
      [Object Copy (ms): Min: 25.3, Avg: 27.6, Max: 35.4, Diff: 10.0, Sum: 221.1]
      [Termination (ms): Min: 0.0, Avg: 0.3, Max: 1.6, Diff: 1.6, Sum: 2.4]
         [Termination Attempts: Min: 1, Avg: 633.0, Max: 1014, Diff: 1013, Sum: 5064]
      [GC Worker Other (ms): Min: 0.0, Avg: 0.0, Max: 0.0, Diff: 0.0, Sum: 0.1]
      [GC Worker Total (ms): Min: 35.6, Avg: 35.6, Max: 35.7, Diff: 0.1, Sum: 285.1]
      [GC Worker End (ms): Min: 7490.1, Avg: 7490.1, Max: 7490.1, Diff: 0.0]
   [Code Root Fixup: 0.0 ms]
   [Code Root Purge: 0.0 ms]
   [Clear CT: 0.1 ms]
   [Other: 0.5 ms]
      [Choose CSet: 0.0 ms]
      [Ref Proc: 0.1 ms]
      [Ref Enq: 0.0 ms]
      [Redirty Cards: 0.1 ms]
      [Humongous Register: 0.0 ms]
      [Humongous Reclaim: 0.0 ms]
      [Free CSet: 0.2 ms]
   [Eden: 285.0M(285.0M)->0.0B(285.0M) Survivors: 22.0M->22.0M Heap: 387.9M(512.0M)->109.4M(512.0M)]
 [Times: user=0.20 sys=0.00, real=0.04 secs] 
2018-03-04T00:03:08.777+0300: 8.738: [GC pause (G1 Evacuation Pause) (young), 0.0461572 secs]
   [Parallel Time: 45.7 ms, GC Workers: 8]
      [GC Worker Start (ms): Min: 8738.2, Avg: 8738.3, Max: 8738.4, Diff: 0.2]
      [Ext Root Scanning (ms): Min: 0.0, Avg: 0.1, Max: 0.2, Diff: 0.2, Sum: 0.8]
      [Update RS (ms): Min: 2.7, Avg: 3.4, Max: 3.7, Diff: 1.1, Sum: 27.2]
         [Processed Buffers: Min: 4, Avg: 4.1, Max: 5, Diff: 1, Sum: 33]
      [Scan RS (ms): Min: 3.2, Avg: 3.6, Max: 4.4, Diff: 1.1, Sum: 28.9]
      [Code Root Scanning (ms): Min: 0.0, Avg: 0.0, Max: 0.0, Diff: 0.0, Sum: 0.0]
      [Object Copy (ms): Min: 37.3, Avg: 37.9, Max: 38.4, Diff: 1.1, Sum: 302.8]
      [Termination (ms): Min: 0.0, Avg: 0.6, Max: 1.1, Diff: 1.0, Sum: 4.5]
         [Termination Attempts: Min: 1, Avg: 3723.9, Max: 5512, Diff: 5511, Sum: 29791]
      [GC Worker Other (ms): Min: 0.0, Avg: 0.0, Max: 0.0, Diff: 0.0, Sum: 0.1]
      [GC Worker Total (ms): Min: 45.4, Avg: 45.5, Max: 45.6, Diff: 0.2, Sum: 364.3]
      [GC Worker End (ms): Min: 8783.8, Avg: 8783.8, Max: 8783.9, Diff: 0.0]
   [Code Root Fixup: 0.0 ms]
   [Code Root Purge: 0.0 ms]
   [Clear CT: 0.1 ms]
   [Other: 0.4 ms]
      [Choose CSet: 0.0 ms]
      [Ref Proc: 0.0 ms]
      [Ref Enq: 0.0 ms]
      [Redirty Cards: 0.1 ms]
      [Humongous Register: 0.0 ms]
      [Humongous Reclaim: 0.0 ms]
      [Free CSet: 0.2 ms]
   [Eden: 285.0M(285.0M)->0.0B(285.0M) Survivors: 22.0M->22.0M Heap: 394.4M(512.0M)->116.1M(512.0M)]
 [Times: user=0.33 sys=0.02, real=0.05 secs] 
2018-03-04T00:03:09.073+0300: 9.034: [GC pause (G1 Evacuation Pause) (young), 0.0271615 secs]
   [Parallel Time: 26.6 ms, GC Workers: 8]
      [GC Worker Start (ms): Min: 9034.1, Avg: 9034.2, Max: 9034.3, Diff: 0.2]
      [Ext Root Scanning (ms): Min: 0.0, Avg: 0.1, Max: 0.1, Diff: 0.1, Sum: 0.9]
      [Update RS (ms): Min: 2.7, Avg: 3.4, Max: 3.8, Diff: 1.1, Sum: 27.3]
         [Processed Buffers: Min: 4, Avg: 4.4, Max: 6, Diff: 2, Sum: 35]
      [Scan RS (ms): Min: 2.5, Avg: 2.9, Max: 3.7, Diff: 1.1, Sum: 22.9]
      [Code Root Scanning (ms): Min: 0.0, Avg: 0.0, Max: 0.0, Diff: 0.0, Sum: 0.0]
      [Object Copy (ms): Min: 20.0, Avg: 20.1, Max: 20.2, Diff: 0.1, Sum: 160.8]
      [Termination (ms): Min: 0.0, Avg: 0.0, Max: 0.1, Diff: 0.1, Sum: 0.4]
         [Termination Attempts: Min: 1, Avg: 352.8, Max: 452, Diff: 451, Sum: 2822]
      [GC Worker Other (ms): Min: 0.0, Avg: 0.0, Max: 0.0, Diff: 0.0, Sum: 0.2]
      [GC Worker Total (ms): Min: 26.4, Avg: 26.5, Max: 26.6, Diff: 0.1, Sum: 212.4]
      [GC Worker End (ms): Min: 9060.7, Avg: 9060.7, Max: 9060.7, Diff: 0.0]
   [Code Root Fixup: 0.0 ms]
   [Code Root Purge: 0.0 ms]
   [Clear CT: 0.1 ms]
   [Other: 0.4 ms]
      [Choose CSet: 0.0 ms]
      [Ref Proc: 0.1 ms]
      [Ref Enq: 0.0 ms]
      [Redirty Cards: 0.1 ms]
      [Humongous Register: 0.0 ms]
      [Humongous Reclaim: 0.0 ms]
      [Free CSet: 0.2 ms]
   [Eden: 285.0M(285.0M)->0.0B(285.0M) Survivors: 22.0M->22.0M Heap: 401.1M(512.0M)->122.4M(512.0M)]
 [Times: user=0.25 sys=0.00, real=0.03 secs] 
2018-03-04T00:03:09.345+0300: 9.306: [GC pause (G1 Evacuation Pause) (young), 0.0263812 secs]
   [Parallel Time: 25.9 ms, GC Workers: 8]
      [GC Worker Start (ms): Min: 9306.4, Avg: 9306.5, Max: 9306.6, Diff: 0.1]
      [Ext Root Scanning (ms): Min: 0.0, Avg: 0.1, Max: 0.1, Diff: 0.1, Sum: 0.8]
      [Update RS (ms): Min: 1.6, Avg: 3.7, Max: 4.4, Diff: 2.8, Sum: 29.2]
         [Processed Buffers: Min: 2, Avg: 4.6, Max: 7, Diff: 5, Sum: 37]
      [Scan RS (ms): Min: 1.8, Avg: 2.2, Max: 2.9, Diff: 1.1, Sum: 17.9]
      [Code Root Scanning (ms): Min: 0.0, Avg: 0.0, Max: 0.0, Diff: 0.0, Sum: 0.0]
      [Object Copy (ms): Min: 19.3, Avg: 19.7, Max: 21.9, Diff: 2.6, Sum: 157.6]
      [Termination (ms): Min: 0.0, Avg: 0.1, Max: 0.1, Diff: 0.1, Sum: 0.7]
         [Termination Attempts: Min: 1, Avg: 694.0, Max: 1000, Diff: 999, Sum: 5552]
      [GC Worker Other (ms): Min: 0.0, Avg: 0.0, Max: 0.0, Diff: 0.0, Sum: 0.1]
      [GC Worker Total (ms): Min: 25.7, Avg: 25.8, Max: 25.8, Diff: 0.1, Sum: 206.3]
      [GC Worker End (ms): Min: 9332.2, Avg: 9332.2, Max: 9332.3, Diff: 0.0]
   [Code Root Fixup: 0.0 ms]
   [Code Root Purge: 0.0 ms]
   [Clear CT: 0.1 ms]
   [Other: 0.4 ms]
      [Choose CSet: 0.0 ms]
      [Ref Proc: 0.1 ms]
      [Ref Enq: 0.0 ms]
      [Redirty Cards: 0.1 ms]
      [Humongous Register: 0.0 ms]
      [Humongous Reclaim: 0.0 ms]
      [Free CSet: 0.2 ms]
   [Eden: 285.0M(285.0M)->0.0B(285.0M) Survivors: 22.0M->22.0M Heap: 407.4M(512.0M)->129.1M(512.0M)]
 [Times: user=0.13 sys=0.00, real=0.03 secs] 
2018-03-04T00:03:09.608+0300: 9.570: [GC pause (G1 Evacuation Pause) (young), 0.0260107 secs]
   [Parallel Time: 25.5 ms, GC Workers: 8]
      [GC Worker Start (ms): Min: 9569.5, Avg: 9569.6, Max: 9569.7, Diff: 0.1]
      [Ext Root Scanning (ms): Min: 0.0, Avg: 0.1, Max: 0.1, Diff: 0.1, Sum: 0.8]
      [Update RS (ms): Min: 3.3, Avg: 4.2, Max: 4.5, Diff: 1.2, Sum: 33.3]
         [Processed Buffers: Min: 4, Avg: 5.0, Max: 6, Diff: 2, Sum: 40]
      [Scan RS (ms): Min: 1.3, Avg: 1.6, Max: 2.4, Diff: 1.2, Sum: 13.1]
      [Code Root Scanning (ms): Min: 0.0, Avg: 0.0, Max: 0.0, Diff: 0.0, Sum: 0.0]
      [Object Copy (ms): Min: 19.3, Avg: 19.4, Max: 19.5, Diff: 0.1, Sum: 155.5]
      [Termination (ms): Min: 0.0, Avg: 0.0, Max: 0.0, Diff: 0.0, Sum: 0.2]
         [Termination Attempts: Min: 1, Avg: 150.1, Max: 197, Diff: 196, Sum: 1201]
      [GC Worker Other (ms): Min: 0.0, Avg: 0.0, Max: 0.0, Diff: 0.0, Sum: 0.2]
      [GC Worker Total (ms): Min: 25.3, Avg: 25.4, Max: 25.4, Diff: 0.1, Sum: 203.1]
      [GC Worker End (ms): Min: 9594.9, Avg: 9595.0, Max: 9595.0, Diff: 0.0]
   [Code Root Fixup: 0.0 ms]
   [Code Root Purge: 0.0 ms]
   [Clear CT: 0.1 ms]
   [Other: 0.5 ms]
      [Choose CSet: 0.0 ms]
      [Ref Proc: 0.1 ms]
      [Ref Enq: 0.0 ms]
      [Redirty Cards: 0.1 ms]
      [Humongous Register: 0.0 ms]
      [Humongous Reclaim: 0.0 ms]
      [Free CSet: 0.2 ms]
   [Eden: 285.0M(285.0M)->0.0B(284.0M) Survivors: 22.0M->23.0M Heap: 414.1M(512.0M)->134.9M(512.0M)]
 [Times: user=0.13 sys=0.00, real=0.03 secs] 
2018-03-04T00:03:09.877+0300: 9.839: [GC pause (G1 Evacuation Pause) (young), 0.0257349 secs]
   [Parallel Time: 25.3 ms, GC Workers: 8]
      [GC Worker Start (ms): Min: 9839.0, Avg: 9839.0, Max: 9839.0, Diff: 0.0]
      [Ext Root Scanning (ms): Min: 0.1, Avg: 0.1, Max: 0.1, Diff: 0.0, Sum: 0.9]
      [Update RS (ms): Min: 3.4, Avg: 4.3, Max: 4.7, Diff: 1.3, Sum: 34.1]
         [Processed Buffers: Min: 4, Avg: 5.4, Max: 7, Diff: 3, Sum: 43]
      [Scan RS (ms): Min: 1.0, Avg: 1.4, Max: 2.2, Diff: 1.1, Sum: 11.3]
      [Code Root Scanning (ms): Min: 0.0, Avg: 0.0, Max: 0.0, Diff: 0.0, Sum: 0.0]
      [Object Copy (ms): Min: 19.0, Avg: 19.3, Max: 19.7, Diff: 0.6, Sum: 154.2]
      [Termination (ms): Min: 0.0, Avg: 0.1, Max: 0.2, Diff: 0.2, Sum: 0.9]
         [Termination Attempts: Min: 1, Avg: 970.4, Max: 1340, Diff: 1339, Sum: 7763]
      [GC Worker Other (ms): Min: 0.0, Avg: 0.0, Max: 0.0, Diff: 0.0, Sum: 0.2]
      [GC Worker Total (ms): Min: 25.2, Avg: 25.2, Max: 25.2, Diff: 0.1, Sum: 201.6]
      [GC Worker End (ms): Min: 9864.2, Avg: 9864.2, Max: 9864.2, Diff: 0.0]
   [Code Root Fixup: 0.0 ms]
   [Code Root Purge: 0.0 ms]
   [Clear CT: 0.1 ms]
   [Other: 0.4 ms]
      [Choose CSet: 0.0 ms]
      [Ref Proc: 0.1 ms]
      [Ref Enq: 0.0 ms]
      [Redirty Cards: 0.0 ms]
      [Humongous Register: 0.0 ms]
      [Humongous Reclaim: 0.0 ms]
      [Free CSet: 0.2 ms]
   [Eden: 284.0M(284.0M)->0.0B(285.0M) Survivors: 23.0M->22.0M Heap: 418.9M(512.0M)->139.9M(512.0M)]
 [Times: user=0.13 sys=0.00, real=0.03 secs] 
2018-03-04T00:03:10.150+0300: 10.111: [GC pause (G1 Evacuation Pause) (young), 0.0249879 secs]
   [Parallel Time: 24.3 ms, GC Workers: 8]
      [GC Worker Start (ms): Min: 10111.4, Avg: 10111.4, Max: 10111.4, Diff: 0.0]
      [Ext Root Scanning (ms): Min: 0.1, Avg: 0.1, Max: 0.1, Diff: 0.0, Sum: 0.9]
      [Update RS (ms): Min: 1.6, Avg: 4.7, Max: 6.1, Diff: 4.5, Sum: 37.4]
         [Processed Buffers: Min: 2, Avg: 5.8, Max: 8, Diff: 6, Sum: 46]
      [Scan RS (ms): Min: 0.0, Avg: 0.9, Max: 1.5, Diff: 1.5, Sum: 7.1]
      [Code Root Scanning (ms): Min: 0.0, Avg: 0.0, Max: 0.0, Diff: 0.0, Sum: 0.0]
      [Object Copy (ms): Min: 17.9, Avg: 18.6, Max: 21.0, Diff: 3.1, Sum: 148.4]
      [Termination (ms): Min: 0.0, Avg: 0.0, Max: 0.0, Diff: 0.0, Sum: 0.2]
         [Termination Attempts: Min: 1, Avg: 197.1, Max: 254, Diff: 253, Sum: 1577]
      [GC Worker Other (ms): Min: 0.0, Avg: 0.0, Max: 0.0, Diff: 0.0, Sum: 0.2]
      [GC Worker Total (ms): Min: 24.2, Avg: 24.3, Max: 24.3, Diff: 0.1, Sum: 194.2]
      [GC Worker End (ms): Min: 10135.7, Avg: 10135.7, Max: 10135.7, Diff: 0.0]
   [Code Root Fixup: 0.0 ms]
   [Code Root Purge: 0.0 ms]
   [Clear CT: 0.1 ms]
   [Other: 0.6 ms]
      [Choose CSet: 0.0 ms]
      [Ref Proc: 0.2 ms]
      [Ref Enq: 0.0 ms]
      [Redirty Cards: 0.0 ms]
      [Humongous Register: 0.0 ms]
      [Humongous Reclaim: 0.0 ms]
      [Free CSet: 0.2 ms]
   [Eden: 285.0M(285.0M)->0.0B(284.0M) Survivors: 22.0M->23.0M Heap: 424.9M(512.0M)->147.6M(512.0M)]
 [Times: user=0.25 sys=0.00, real=0.02 secs] 
2018-03-04T00:03:11.434+0300: 11.396: [GC pause (G1 Evacuation Pause) (young), 0.0357369 secs]
   [Parallel Time: 35.1 ms, GC Workers: 8]
      [GC Worker Start (ms): Min: 11396.2, Avg: 11396.3, Max: 11396.4, Diff: 0.2]
      [Ext Root Scanning (ms): Min: 0.0, Avg: 0.1, Max: 0.2, Diff: 0.2, Sum: 0.9]
      [Update RS (ms): Min: 5.3, Avg: 6.5, Max: 10.4, Diff: 5.1, Sum: 52.3]
         [Processed Buffers: Min: 0, Avg: 5.6, Max: 7, Diff: 7, Sum: 45]
      [Scan RS (ms): Min: 0.0, Avg: 2.5, Max: 3.6, Diff: 3.6, Sum: 20.3]
      [Code Root Scanning (ms): Min: 0.0, Avg: 0.0, Max: 0.0, Diff: 0.0, Sum: 0.0]
      [Object Copy (ms): Min: 24.3, Avg: 25.7, Max: 26.0, Diff: 1.7, Sum: 205.3]
      [Termination (ms): Min: 0.0, Avg: 0.1, Max: 0.1, Diff: 0.1, Sum: 0.9]
         [Termination Attempts: Min: 1, Avg: 735.8, Max: 940, Diff: 939, Sum: 5886]
      [GC Worker Other (ms): Min: 0.0, Avg: 0.0, Max: 0.0, Diff: 0.0, Sum: 0.2]
      [GC Worker Total (ms): Min: 34.9, Avg: 35.0, Max: 35.1, Diff: 0.2, Sum: 279.9]
      [GC Worker End (ms): Min: 11431.3, Avg: 11431.3, Max: 11431.3, Diff: 0.0]
   [Code Root Fixup: 0.0 ms]
   [Code Root Purge: 0.0 ms]
   [Clear CT: 0.1 ms]
   [Other: 0.6 ms]
      [Choose CSet: 0.0 ms]
      [Ref Proc: 0.1 ms]
      [Ref Enq: 0.0 ms]
      [Redirty Cards: 0.1 ms]
      [Humongous Register: 0.0 ms]
      [Humongous Reclaim: 0.0 ms]
      [Free CSet: 0.3 ms]
   [Eden: 284.0M(284.0M)->0.0B(256.0M) Survivors: 23.0M->22.0M Heap: 455.1M(512.0M)->176.1M(512.0M)]
 [Times: user=0.36 sys=0.00, real=0.04 secs] 
2018-03-04T00:03:11.687+0300: 11.649: [GC pause (G1 Evacuation Pause) (young), 0.0299559 secs]
   [Parallel Time: 29.5 ms, GC Workers: 8]
      [GC Worker Start (ms): Min: 11648.9, Avg: 11648.9, Max: 11649.0, Diff: 0.0]
      [Ext Root Scanning (ms): Min: 0.1, Avg: 0.1, Max: 0.1, Diff: 0.0, Sum: 0.9]
      [Update RS (ms): Min: 4.5, Avg: 5.2, Max: 5.6, Diff: 1.1, Sum: 41.5]
         [Processed Buffers: Min: 6, Avg: 6.6, Max: 9, Diff: 3, Sum: 53]
      [Scan RS (ms): Min: 2.0, Avg: 2.4, Max: 3.1, Diff: 1.1, Sum: 19.2]
      [Code Root Scanning (ms): Min: 0.0, Avg: 0.0, Max: 0.0, Diff: 0.0, Sum: 0.0]
      [Object Copy (ms): Min: 21.5, Avg: 21.6, Max: 21.7, Diff: 0.2, Sum: 172.9]
      [Termination (ms): Min: 0.0, Avg: 0.1, Max: 0.1, Diff: 0.1, Sum: 0.9]
         [Termination Attempts: Min: 1, Avg: 789.3, Max: 1002, Diff: 1001, Sum: 6314]
      [GC Worker Other (ms): Min: 0.0, Avg: 0.0, Max: 0.0, Diff: 0.0, Sum: 0.2]
      [GC Worker Total (ms): Min: 29.4, Avg: 29.4, Max: 29.5, Diff: 0.0, Sum: 235.6]
      [GC Worker End (ms): Min: 11678.4, Avg: 11678.4, Max: 11678.4, Diff: 0.0]
   [Code Root Fixup: 0.0 ms]
   [Code Root Purge: 0.0 ms]
   [Clear CT: 0.1 ms]
   [Other: 0.4 ms]
      [Choose CSet: 0.0 ms]
      [Ref Proc: 0.1 ms]
      [Ref Enq: 0.0 ms]
      [Redirty Cards: 0.1 ms]
      [Humongous Register: 0.0 ms]
      [Humongous Reclaim: 0.0 ms]
      [Free CSet: 0.2 ms]
   [Eden: 256.0M(256.0M)->0.0B(250.0M) Survivors: 22.0M->22.0M Heap: 432.1M(512.0M)->182.4M(512.0M)]
 [Times: user=0.13 sys=0.01, real=0.03 secs] 
2018-03-04T00:03:11.930+0300: 11.892: [GC pause (G1 Evacuation Pause) (young), 0.0416724 secs]
   [Parallel Time: 41.2 ms, GC Workers: 8]
      [GC Worker Start (ms): Min: 11891.8, Avg: 11891.8, Max: 11891.9, Diff: 0.1]
      [Ext Root Scanning (ms): Min: 0.1, Avg: 0.1, Max: 0.2, Diff: 0.1, Sum: 0.9]
      [Update RS (ms): Min: 5.2, Avg: 5.8, Max: 6.2, Diff: 1.1, Sum: 46.2]
         [Processed Buffers: Min: 6, Avg: 7.1, Max: 8, Diff: 2, Sum: 57]
      [Scan RS (ms): Min: 1.5, Avg: 2.0, Max: 2.6, Diff: 1.1, Sum: 15.7]
      [Code Root Scanning (ms): Min: 0.0, Avg: 0.0, Max: 0.0, Diff: 0.0, Sum: 0.0]
      [Object Copy (ms): Min: 32.7, Avg: 32.8, Max: 33.2, Diff: 0.5, Sum: 262.8]
      [Termination (ms): Min: 0.1, Avg: 0.4, Max: 0.5, Diff: 0.5, Sum: 3.1]
         [Termination Attempts: Min: 1, Avg: 2712.1, Max: 3775, Diff: 3774, Sum: 21697]
      [GC Worker Other (ms): Min: 0.0, Avg: 0.0, Max: 0.0, Diff: 0.0, Sum: 0.1]
      [GC Worker Total (ms): Min: 41.0, Avg: 41.1, Max: 41.2, Diff: 0.1, Sum: 328.8]
      [GC Worker End (ms): Min: 11932.9, Avg: 11932.9, Max: 11933.0, Diff: 0.1]
   [Code Root Fixup: 0.0 ms]
   [Code Root Purge: 0.0 ms]
   [Clear CT: 0.1 ms]
   [Other: 0.4 ms]
      [Choose CSet: 0.0 ms]
      [Ref Proc: 0.1 ms]
      [Ref Enq: 0.0 ms]
      [Redirty Cards: 0.1 ms]
      [Humongous Register: 0.0 ms]
      [Humongous Reclaim: 0.0 ms]
      [Free CSet: 0.2 ms]
   [Eden: 250.0M(250.0M)->0.0B(243.0M) Survivors: 22.0M->22.0M Heap: 432.4M(512.0M)->189.4M(512.0M)]
 [Times: user=0.31 sys=0.00, real=0.04 secs] 
2018-03-04T00:03:12.178+0300: 12.140: [GC pause (G1 Evacuation Pause) (young), 0.0274151 secs]
   [Parallel Time: 27.0 ms, GC Workers: 8]
      [GC Worker Start (ms): Min: 12140.1, Avg: 12140.1, Max: 12140.2, Diff: 0.2]
      [Ext Root Scanning (ms): Min: 0.0, Avg: 0.1, Max: 0.1, Diff: 0.1, Sum: 0.7]
      [Update RS (ms): Min: 5.3, Avg: 6.2, Max: 7.3, Diff: 2.0, Sum: 49.7]
         [Processed Buffers: Min: 7, Avg: 7.5, Max: 8, Diff: 1, Sum: 60]
      [Scan RS (ms): Min: 0.1, Avg: 1.2, Max: 2.1, Diff: 1.9, Sum: 9.5]
      [Code Root Scanning (ms): Min: 0.0, Avg: 0.0, Max: 0.0, Diff: 0.0, Sum: 0.0]
      [Object Copy (ms): Min: 19.2, Avg: 19.3, Max: 19.4, Diff: 0.1, Sum: 154.3]
      [Termination (ms): Min: 0.0, Avg: 0.1, Max: 0.1, Diff: 0.1, Sum: 0.5]
         [Termination Attempts: Min: 1, Avg: 480.4, Max: 610, Diff: 609, Sum: 3843]
      [GC Worker Other (ms): Min: 0.0, Avg: 0.0, Max: 0.0, Diff: 0.0, Sum: 0.2]
      [GC Worker Total (ms): Min: 26.8, Avg: 26.9, Max: 26.9, Diff: 0.2, Sum: 214.9]
      [GC Worker End (ms): Min: 12167.0, Avg: 12167.0, Max: 12167.0, Diff: 0.0]
   [Code Root Fixup: 0.0 ms]
   [Code Root Purge: 0.0 ms]
   [Clear CT: 0.1 ms]
   [Other: 0.4 ms]
      [Choose CSet: 0.0 ms]
      [Ref Proc: 0.1 ms]
      [Ref Enq: 0.0 ms]
      [Redirty Cards: 0.1 ms]
      [Humongous Register: 0.0 ms]
      [Humongous Reclaim: 0.0 ms]
      [Free CSet: 0.2 ms]
   [Eden: 243.0M(243.0M)->0.0B(241.0M) Survivors: 22.0M->21.0M Heap: 432.4M(512.0M)->193.1M(512.0M)]
 [Times: user=0.17 sys=0.06, real=0.03 secs] 
2018-03-04T00:03:12.410+0300: 12.371: [GC pause (G1 Evacuation Pause) (young), 0.0262595 secs]
   [Parallel Time: 25.8 ms, GC Workers: 8]
      [GC Worker Start (ms): Min: 12371.5, Avg: 12371.6, Max: 12371.6, Diff: 0.0]
      [Ext Root Scanning (ms): Min: 0.1, Avg: 0.1, Max: 0.1, Diff: 0.0, Sum: 0.9]
      [Update RS (ms): Min: 6.0, Avg: 8.0, Max: 9.3, Diff: 3.3, Sum: 64.0]
         [Processed Buffers: Min: 9, Avg: 10.0, Max: 11, Diff: 2, Sum: 80]
      [Scan RS (ms): Min: 0.0, Avg: 0.0, Max: 0.1, Diff: 0.1, Sum: 0.1]
      [Code Root Scanning (ms): Min: 0.0, Avg: 0.0, Max: 0.0, Diff: 0.0, Sum: 0.0]
      [Object Copy (ms): Min: 16.3, Avg: 17.6, Max: 19.6, Diff: 3.3, Sum: 140.6]
      [Termination (ms): Min: 0.0, Avg: 0.0, Max: 0.0, Diff: 0.0, Sum: 0.1]
         [Termination Attempts: Min: 1, Avg: 145.0, Max: 195, Diff: 194, Sum: 1160]
      [GC Worker Other (ms): Min: 0.0, Avg: 0.0, Max: 0.0, Diff: 0.0, Sum: 0.2]
      [GC Worker Total (ms): Min: 25.7, Avg: 25.8, Max: 25.8, Diff: 0.1, Sum: 206.0]
      [GC Worker End (ms): Min: 12397.3, Avg: 12397.3, Max: 12397.3, Diff: 0.0]
   [Code Root Fixup: 0.0 ms]
   [Code Root Purge: 0.0 ms]
   [Clear CT: 0.1 ms]
   [Other: 0.4 ms]
      [Choose CSet: 0.0 ms]
      [Ref Proc: 0.1 ms]
      [Ref Enq: 0.0 ms]
      [Redirty Cards: 0.1 ms]
      [Humongous Register: 0.0 ms]
      [Humongous Reclaim: 0.0 ms]
      [Free CSet: 0.1 ms]
   [Eden: 241.0M(241.0M)->0.0B(238.0M) Survivors: 21.0M->20.0M Heap: 434.1M(512.0M)->196.3M(512.0M)]
 [Times: user=0.20 sys=0.02, real=0.03 secs] 
2018-03-04T00:03:12.643+0300: 12.604: [GC pause (G1 Evacuation Pause) (young), 0.0265591 secs]
   [Parallel Time: 26.1 ms, GC Workers: 8]
      [GC Worker Start (ms): Min: 12604.6, Avg: 12604.6, Max: 12604.7, Diff: 0.2]
      [Ext Root Scanning (ms): Min: 0.0, Avg: 0.1, Max: 0.1, Diff: 0.1, Sum: 0.8]
      [Update RS (ms): Min: 0.0, Avg: 7.1, Max: 8.6, Diff: 8.6, Sum: 56.5]
         [Processed Buffers: Min: 0, Avg: 9.0, Max: 11, Diff: 11, Sum: 72]
      [Scan RS (ms): Min: 0.0, Avg: 0.0, Max: 0.1, Diff: 0.1, Sum: 0.2]
      [Code Root Scanning (ms): Min: 0.0, Avg: 0.0, Max: 0.0, Diff: 0.0, Sum: 0.0]
      [Object Copy (ms): Min: 17.1, Avg: 18.6, Max: 25.8, Diff: 8.6, Sum: 149.2]
      [Termination (ms): Min: 0.0, Avg: 0.1, Max: 0.1, Diff: 0.1, Sum: 0.7]
         [Termination Attempts: Min: 1, Avg: 235.4, Max: 335, Diff: 334, Sum: 1883]
      [GC Worker Other (ms): Min: 0.0, Avg: 0.0, Max: 0.0, Diff: 0.0, Sum: 0.1]
      [GC Worker Total (ms): Min: 25.8, Avg: 25.9, Max: 26.0, Diff: 0.2, Sum: 207.4]
      [GC Worker End (ms): Min: 12630.5, Avg: 12630.5, Max: 12630.6, Diff: 0.0]
   [Code Root Fixup: 0.0 ms]
   [Code Root Purge: 0.0 ms]
   [Clear CT: 0.1 ms]
   [Other: 0.4 ms]
      [Choose CSet: 0.0 ms]
      [Ref Proc: 0.1 ms]
      [Ref Enq: 0.0 ms]
      [Redirty Cards: 0.0 ms]
      [Humongous Register: 0.0 ms]
      [Humongous Reclaim: 0.0 ms]
      [Free CSet: 0.2 ms]
   [Eden: 238.0M(238.0M)->0.0B(232.0M) Survivors: 20.0M->20.0M Heap: 434.3M(512.0M)->202.0M(512.0M)]
 [Times: user=0.11 sys=0.00, real=0.03 secs] 
2018-03-04T00:03:13.872+0300: 13.834: [GC pause (G1 Evacuation Pause) (young), 0.0233308 secs]
   [Parallel Time: 22.8 ms, GC Workers: 8]
      [GC Worker Start (ms): Min: 13833.9, Avg: 13833.9, Max: 13834.0, Diff: 0.2]
      [Ext Root Scanning (ms): Min: 0.0, Avg: 0.1, Max: 0.1, Diff: 0.1, Sum: 0.7]
      [Update RS (ms): Min: 5.8, Avg: 6.5, Max: 6.9, Diff: 1.1, Sum: 51.7]
         [Processed Buffers: Min: 7, Avg: 8.3, Max: 10, Diff: 3, Sum: 66]
      [Scan RS (ms): Min: 0.0, Avg: 0.0, Max: 0.1, Diff: 0.1, Sum: 0.1]
      [Code Root Scanning (ms): Min: 0.0, Avg: 0.0, Max: 0.0, Diff: 0.0, Sum: 0.0]
      [Object Copy (ms): Min: 15.6, Avg: 16.0, Max: 16.6, Diff: 1.0, Sum: 128.4]
      [Termination (ms): Min: 0.0, Avg: 0.1, Max: 0.1, Diff: 0.1, Sum: 0.5]
         [Termination Attempts: Min: 1, Avg: 484.5, Max: 639, Diff: 638, Sum: 3876]
      [GC Worker Other (ms): Min: 0.0, Avg: 0.0, Max: 0.0, Diff: 0.0, Sum: 0.2]
      [GC Worker Total (ms): Min: 22.6, Avg: 22.7, Max: 22.8, Diff: 0.2, Sum: 181.5]
      [GC Worker End (ms): Min: 13856.6, Avg: 13856.6, Max: 13856.6, Diff: 0.0]
   [Code Root Fixup: 0.0 ms]
   [Code Root Purge: 0.0 ms]
   [Clear CT: 0.1 ms]
   [Other: 0.4 ms]
      [Choose CSet: 0.0 ms]
      [Ref Proc: 0.1 ms]
      [Ref Enq: 0.0 ms]
      [Redirty Cards: 0.0 ms]
      [Humongous Register: 0.0 ms]
      [Humongous Reclaim: 0.0 ms]
      [Free CSet: 0.2 ms]
   [Eden: 232.0M(232.0M)->0.0B(226.0M) Survivors: 20.0M->20.0M Heap: 434.0M(512.0M)->208.9M(512.0M)]
 [Times: user=0.25 sys=0.00, real=0.02 secs] 
2018-03-04T00:03:14.090+0300: 14.051: [GC pause (G1 Evacuation Pause) (young), 0.0270266 secs]
   [Parallel Time: 26.6 ms, GC Workers: 8]
      [GC Worker Start (ms): Min: 14051.5, Avg: 14051.6, Max: 14051.7, Diff: 0.2]
      [Ext Root Scanning (ms): Min: 0.0, Avg: 0.1, Max: 0.1, Diff: 0.1, Sum: 0.8]
      [Update RS (ms): Min: 6.8, Avg: 12.0, Max: 26.3, Diff: 19.5, Sum: 96.3]
         [Processed Buffers: Min: 0, Avg: 7.8, Max: 12, Diff: 12, Sum: 62]
      [Scan RS (ms): Min: 0.0, Avg: 0.0, Max: 0.1, Diff: 0.1, Sum: 0.2]
      [Code Root Scanning (ms): Min: 0.0, Avg: 0.0, Max: 0.0, Diff: 0.0, Sum: 0.0]
      [Object Copy (ms): Min: 0.0, Avg: 14.2, Max: 19.3, Diff: 19.3, Sum: 113.7]
      [Termination (ms): Min: 0.0, Avg: 0.1, Max: 0.2, Diff: 0.2, Sum: 0.9]
         [Termination Attempts: Min: 1, Avg: 334.6, Max: 528, Diff: 527, Sum: 2677]
      [GC Worker Other (ms): Min: 0.0, Avg: 0.0, Max: 0.0, Diff: 0.0, Sum: 0.1]
      [GC Worker Total (ms): Min: 26.4, Avg: 26.5, Max: 26.6, Diff: 0.1, Sum: 212.0]
      [GC Worker End (ms): Min: 14078.0, Avg: 14078.1, Max: 14078.1, Diff: 0.1]
   [Code Root Fixup: 0.0 ms]
   [Code Root Purge: 0.0 ms]
   [Clear CT: 0.1 ms]
   [Other: 0.4 ms]
      [Choose CSet: 0.0 ms]
      [Ref Proc: 0.1 ms]
      [Ref Enq: 0.0 ms]
      [Redirty Cards: 0.0 ms]
      [Humongous Register: 0.0 ms]
      [Humongous Reclaim: 0.0 ms]
      [Free CSet: 0.1 ms]
   [Eden: 226.0M(226.0M)->0.0B(222.0M) Survivors: 20.0M->19.0M Heap: 434.9M(512.0M)->213.6M(512.0M)]
 [Times: user=0.19 sys=0.00, real=0.03 secs] 
2018-03-04T00:03:14.309+0300: 14.270: [GC pause (G1 Evacuation Pause) (young), 0.0182292 secs]
   [Parallel Time: 17.7 ms, GC Workers: 8]
      [GC Worker Start (ms): Min: 14270.2, Avg: 14270.2, Max: 14270.2, Diff: 0.0]
      [Ext Root Scanning (ms): Min: 0.1, Avg: 0.1, Max: 0.1, Diff: 0.0, Sum: 0.8]
      [Update RS (ms): Min: 4.4, Avg: 4.9, Max: 5.6, Diff: 1.2, Sum: 39.3]
         [Processed Buffers: Min: 5, Avg: 6.8, Max: 8, Diff: 3, Sum: 54]
      [Scan RS (ms): Min: 0.0, Avg: 0.0, Max: 0.1, Diff: 0.1, Sum: 0.1]
      [Code Root Scanning (ms): Min: 0.0, Avg: 0.0, Max: 0.0, Diff: 0.0, Sum: 0.0]
      [Object Copy (ms): Min: 11.9, Avg: 12.6, Max: 13.1, Diff: 1.1, Sum: 100.6]
      [Termination (ms): Min: 0.0, Avg: 0.0, Max: 0.0, Diff: 0.0, Sum: 0.1]
         [Termination Attempts: Min: 1, Avg: 62.1, Max: 82, Diff: 81, Sum: 497]
      [GC Worker Other (ms): Min: 0.0, Avg: 0.0, Max: 0.0, Diff: 0.0, Sum: 0.1]
      [GC Worker Total (ms): Min: 17.6, Avg: 17.6, Max: 17.6, Diff: 0.0, Sum: 141.0]
      [GC Worker End (ms): Min: 14287.8, Avg: 14287.8, Max: 14287.8, Diff: 0.0]
   [Code Root Fixup: 0.0 ms]
   [Code Root Purge: 0.0 ms]
   [Clear CT: 0.1 ms]
   [Other: 0.4 ms]
      [Choose CSet: 0.0 ms]
      [Ref Proc: 0.1 ms]
      [Ref Enq: 0.0 ms]
      [Redirty Cards: 0.0 ms]
      [Humongous Register: 0.0 ms]
      [Humongous Reclaim: 0.0 ms]
      [Free CSet: 0.2 ms]
   [Eden: 222.0M(222.0M)->0.0B(217.0M) Survivors: 19.0M->19.0M Heap: 435.6M(512.0M)->218.9M(512.0M)]
 [Times: user=0.14 sys=0.00, real=0.02 secs] 
2018-03-04T00:03:14.510+0300: 14.472: [GC pause (G1 Evacuation Pause) (young), 0.0177770 secs]
   [Parallel Time: 17.4 ms, GC Workers: 8]
      [GC Worker Start (ms): Min: 14471.8, Avg: 14471.8, Max: 14471.8, Diff: 0.0]
      [Ext Root Scanning (ms): Min: 0.1, Avg: 0.1, Max: 0.1, Diff: 0.0, Sum: 0.9]
      [Update RS (ms): Min: 3.8, Avg: 4.3, Max: 4.9, Diff: 1.1, Sum: 34.5]
         [Processed Buffers: Min: 5, Avg: 6.0, Max: 8, Diff: 3, Sum: 48]
      [Scan RS (ms): Min: 0.0, Avg: 0.0, Max: 0.0, Diff: 0.0, Sum: 0.1]
      [Code Root Scanning (ms): Min: 0.0, Avg: 0.0, Max: 0.0, Diff: 0.0, Sum: 0.0]
      [Object Copy (ms): Min: 12.2, Avg: 12.8, Max: 13.3, Diff: 1.1, Sum: 102.4]
      [Termination (ms): Min: 0.0, Avg: 0.0, Max: 0.0, Diff: 0.0, Sum: 0.2]
         [Termination Attempts: Min: 1, Avg: 197.9, Max: 268, Diff: 267, Sum: 1583]
      [GC Worker Other (ms): Min: 0.0, Avg: 0.0, Max: 0.0, Diff: 0.0, Sum: 0.2]
      [GC Worker Total (ms): Min: 17.3, Avg: 17.3, Max: 17.3, Diff: 0.1, Sum: 138.3]
      [GC Worker End (ms): Min: 14489.1, Avg: 14489.1, Max: 14489.1, Diff: 0.0]
   [Code Root Fixup: 0.0 ms]
   [Code Root Purge: 0.0 ms]
   [Clear CT: 0.1 ms]
   [Other: 0.3 ms]
      [Choose CSet: 0.0 ms]
      [Ref Proc: 0.1 ms]
      [Ref Enq: 0.0 ms]
      [Redirty Cards: 0.0 ms]
      [Humongous Register: 0.0 ms]
      [Humongous Reclaim: 0.0 ms]
      [Free CSet: 0.1 ms]
   [Eden: 217.0M(217.0M)->0.0B(213.0M) Survivors: 19.0M->19.0M Heap: 435.9M(512.0M)->222.4M(512.0M)]
 [Times: user=0.13 sys=0.00, real=0.02 secs] 
2018-03-04T00:03:14.713+0300: 14.675: [GC pause (G1 Evacuation Pause) (young), 0.0164964 secs]
   [Parallel Time: 16.1 ms, GC Workers: 8]
      [GC Worker Start (ms): Min: 14674.5, Avg: 14674.6, Max: 14674.6, Diff: 0.1]
      [Ext Root Scanning (ms): Min: 0.1, Avg: 0.1, Max: 0.1, Diff: 0.0, Sum: 0.8]
      [Update RS (ms): Min: 3.7, Avg: 4.3, Max: 4.7, Diff: 1.1, Sum: 34.7]
         [Processed Buffers: Min: 5, Avg: 5.8, Max: 6, Diff: 1, Sum: 46]
      [Scan RS (ms): Min: 0.0, Avg: 0.0, Max: 0.1, Diff: 0.1, Sum: 0.1]
      [Code Root Scanning (ms): Min: 0.0, Avg: 0.0, Max: 0.0, Diff: 0.0, Sum: 0.0]
      [Object Copy (ms): Min: 11.2, Avg: 11.5, Max: 12.1, Diff: 1.0, Sum: 92.4]
      [Termination (ms): Min: 0.0, Avg: 0.0, Max: 0.0, Diff: 0.0, Sum: 0.0]
         [Termination Attempts: Min: 1, Avg: 2.0, Max: 4, Diff: 3, Sum: 16]
      [GC Worker Other (ms): Min: 0.0, Avg: 0.0, Max: 0.0, Diff: 0.0, Sum: 0.2]
      [GC Worker Total (ms): Min: 16.0, Avg: 16.0, Max: 16.1, Diff: 0.1, Sum: 128.2]
      [GC Worker End (ms): Min: 14690.6, Avg: 14690.6, Max: 14690.6, Diff: 0.0]
   [Code Root Fixup: 0.0 ms]
   [Code Root Purge: 0.0 ms]
   [Clear CT: 0.1 ms]
   [Other: 0.3 ms]
      [Choose CSet: 0.0 ms]
      [Ref Proc: 0.1 ms]
      [Ref Enq: 0.0 ms]
      [Redirty Cards: 0.0 ms]
      [Humongous Register: 0.0 ms]
      [Humongous Reclaim: 0.0 ms]
      [Free CSet: 0.1 ms]
   [Eden: 213.0M(213.0M)->0.0B(211.0M) Survivors: 19.0M->18.0M Heap: 435.4M(512.0M)->225.5M(512.0M)]
 [Times: user=0.11 sys=0.00, real=0.02 secs] 
2018-03-04T00:03:14.913+0300: 14.874: [GC pause (G1 Evacuation Pause) (young), 0.0171883 secs]
   [Parallel Time: 16.8 ms, GC Workers: 8]
      [GC Worker Start (ms): Min: 14874.2, Avg: 14874.3, Max: 14874.3, Diff: 0.1]
      [Ext Root Scanning (ms): Min: 0.0, Avg: 0.1, Max: 0.1, Diff: 0.1, Sum: 0.7]
      [Update RS (ms): Min: 3.6, Avg: 4.1, Max: 4.7, Diff: 1.2, Sum: 33.0]
         [Processed Buffers: Min: 5, Avg: 5.8, Max: 6, Diff: 1, Sum: 46]
      [Scan RS (ms): Min: 0.0, Avg: 0.0, Max: 0.1, Diff: 0.1, Sum: 0.1]
      [Code Root Scanning (ms): Min: 0.0, Avg: 0.0, Max: 0.0, Diff: 0.0, Sum: 0.0]
      [Object Copy (ms): Min: 11.8, Avg: 12.4, Max: 12.9, Diff: 1.1, Sum: 99.3]
      [Termination (ms): Min: 0.0, Avg: 0.0, Max: 0.0, Diff: 0.0, Sum: 0.1]
         [Termination Attempts: Min: 1, Avg: 108.8, Max: 139, Diff: 138, Sum: 870]
      [GC Worker Other (ms): Min: 0.0, Avg: 0.0, Max: 0.0, Diff: 0.0, Sum: 0.1]
      [GC Worker Total (ms): Min: 16.6, Avg: 16.7, Max: 16.7, Diff: 0.1, Sum: 133.4]
      [GC Worker End (ms): Min: 14890.9, Avg: 14890.9, Max: 14890.9, Diff: 0.0]
   [Code Root Fixup: 0.0 ms]
   [Code Root Purge: 0.0 ms]
   [Clear CT: 0.1 ms]
   [Other: 0.3 ms]
      [Choose CSet: 0.0 ms]
      [Ref Proc: 0.1 ms]
      [Ref Enq: 0.0 ms]
      [Redirty Cards: 0.0 ms]
      [Humongous Register: 0.0 ms]
      [Humongous Reclaim: 0.0 ms]
      [Free CSet: 0.1 ms]
   [Eden: 211.0M(211.0M)->0.0B(207.0M) Survivors: 18.0M->18.0M Heap: 436.5M(512.0M)->229.0M(512.0M)]
 [Times: user=0.13 sys=0.00, real=0.02 secs] 
2018-03-04T00:03:15.106+0300: 15.068: [GC pause (G1 Evacuation Pause) (young), 0.0165601 secs]
   [Parallel Time: 16.0 ms, GC Workers: 8]
      [GC Worker Start (ms): Min: 15067.7, Avg: 15067.8, Max: 15067.8, Diff: 0.1]
      [Ext Root Scanning (ms): Min: 0.1, Avg: 0.1, Max: 0.2, Diff: 0.1, Sum: 0.9]
      [Update RS (ms): Min: 3.6, Avg: 4.2, Max: 4.8, Diff: 1.2, Sum: 33.5]
         [Processed Buffers: Min: 5, Avg: 5.8, Max: 7, Diff: 2, Sum: 46]
      [Scan RS (ms): Min: 0.0, Avg: 0.0, Max: 0.1, Diff: 0.1, Sum: 0.1]
      [Code Root Scanning (ms): Min: 0.0, Avg: 0.0, Max: 0.0, Diff: 0.0, Sum: 0.0]
      [Object Copy (ms): Min: 11.0, Avg: 11.6, Max: 12.1, Diff: 1.1, Sum: 92.8]
      [Termination (ms): Min: 0.0, Avg: 0.0, Max: 0.0, Diff: 0.0, Sum: 0.0]
         [Termination Attempts: Min: 1, Avg: 23.6, Max: 33, Diff: 32, Sum: 189]
      [GC Worker Other (ms): Min: 0.0, Avg: 0.0, Max: 0.0, Diff: 0.0, Sum: 0.1]
      [GC Worker Total (ms): Min: 15.9, Avg: 15.9, Max: 16.0, Diff: 0.1, Sum: 127.5]
      [GC Worker End (ms): Min: 15083.7, Avg: 15083.7, Max: 15083.7, Diff: 0.0]
   [Code Root Fixup: 0.0 ms]
   [Code Root Purge: 0.0 ms]
   [Clear CT: 0.1 ms]
   [Other: 0.4 ms]
      [Choose CSet: 0.0 ms]
      [Ref Proc: 0.1 ms]
      [Ref Enq: 0.0 ms]
      [Redirty Cards: 0.1 ms]
      [Humongous Register: 0.0 ms]
      [Humongous Reclaim: 0.0 ms]
      [Free CSet: 0.2 ms]
   [Eden: 207.0M(207.0M)->0.0B(205.0M) Survivors: 18.0M->17.0M Heap: 436.0M(512.0M)->232.5M(512.0M)]
 [Times: user=0.13 sys=0.00, real=0.02 secs] 
2018-03-04T00:03:16.303+0300: 16.265: [GC pause (G1 Evacuation Pause) (young), 0.0209577 secs]
   [Parallel Time: 20.6 ms, GC Workers: 8]
      [GC Worker Start (ms): Min: 16265.4, Avg: 16265.4, Max: 16265.6, Diff: 0.2]
      [Ext Root Scanning (ms): Min: 0.0, Avg: 0.1, Max: 0.2, Diff: 0.2, Sum: 0.9]
      [Update RS (ms): Min: 3.8, Avg: 6.3, Max: 19.2, Diff: 15.3, Sum: 50.7]
         [Processed Buffers: Min: 1, Avg: 5.6, Max: 7, Diff: 6, Sum: 45]
      [Scan RS (ms): Min: 0.0, Avg: 0.0, Max: 0.1, Diff: 0.1, Sum: 0.2]
      [Code Root Scanning (ms): Min: 0.0, Avg: 0.0, Max: 0.0, Diff: 0.0, Sum: 0.0]
      [Object Copy (ms): Min: 1.1, Avg: 13.7, Max: 16.2, Diff: 15.1, Sum: 110.0]
      [Termination (ms): Min: 0.0, Avg: 0.2, Max: 0.3, Diff: 0.3, Sum: 1.5]
         [Termination Attempts: Min: 1, Avg: 648.5, Max: 830, Diff: 829, Sum: 5188]
      [GC Worker Other (ms): Min: 0.0, Avg: 0.0, Max: 0.0, Diff: 0.0, Sum: 0.2]
      [GC Worker Total (ms): Min: 20.3, Avg: 20.4, Max: 20.5, Diff: 0.2, Sum: 163.4]
      [GC Worker End (ms): Min: 16285.9, Avg: 16285.9, Max: 16285.9, Diff: 0.0]
   [Code Root Fixup: 0.0 ms]
   [Code Root Purge: 0.0 ms]
   [Clear CT: 0.1 ms]
   [Other: 0.3 ms]
      [Choose CSet: 0.0 ms]
      [Ref Proc: 0.1 ms]
      [Ref Enq: 0.0 ms]
      [Redirty Cards: 0.0 ms]
      [Humongous Register: 0.0 ms]
      [Humongous Reclaim: 0.0 ms]
      [Free CSet: 0.1 ms]
   [Eden: 205.0M(205.0M)->0.0B(201.0M) Survivors: 17.0M->17.0M Heap: 437.5M(512.0M)->236.5M(512.0M)]
 [Times: user=0.11 sys=0.00, real=0.02 secs] 
2018-03-04T00:03:16.383+0300: 16.344: [GC pause (G1 Humongous Allocation) (young) (initial-mark), 0.0158137 secs]
   [Parallel Time: 15.4 ms, GC Workers: 8]
      [GC Worker Start (ms): Min: 16344.5, Avg: 16344.6, Max: 16344.7, Diff: 0.1]
      [Ext Root Scanning (ms): Min: 0.0, Avg: 0.2, Max: 0.2, Diff: 0.2, Sum: 1.2]
      [Update RS (ms): Min: 3.2, Avg: 3.7, Max: 4.4, Diff: 1.2, Sum: 29.3]
         [Processed Buffers: Min: 5, Avg: 5.3, Max: 6, Diff: 1, Sum: 42]
      [Scan RS (ms): Min: 0.0, Avg: 0.0, Max: 0.0, Diff: 0.0, Sum: 0.1]
      [Code Root Scanning (ms): Min: 0.0, Avg: 0.0, Max: 0.0, Diff: 0.0, Sum: 0.0]
      [Object Copy (ms): Min: 10.8, Avg: 11.5, Max: 11.9, Diff: 1.1, Sum: 91.7]
      [Termination (ms): Min: 0.0, Avg: 0.0, Max: 0.1, Diff: 0.1, Sum: 0.3]
         [Termination Attempts: Min: 1, Avg: 328.6, Max: 475, Diff: 474, Sum: 2629]
      [GC Worker Other (ms): Min: 0.0, Avg: 0.0, Max: 0.0, Diff: 0.0, Sum: 0.1]
      [GC Worker Total (ms): Min: 15.2, Avg: 15.3, Max: 15.4, Diff: 0.2, Sum: 122.7]
      [GC Worker End (ms): Min: 16359.9, Avg: 16359.9, Max: 16359.9, Diff: 0.0]
   [Code Root Fixup: 0.0 ms]
   [Code Root Purge: 0.0 ms]
   [Clear CT: 0.0 ms]
   [Other: 0.3 ms]
      [Choose CSet: 0.0 ms]
      [Ref Proc: 0.1 ms]
      [Ref Enq: 0.0 ms]
      [Redirty Cards: 0.1 ms]
      [Humongous Register: 0.0 ms]
      [Humongous Reclaim: 0.0 ms]
      [Free CSet: 0.1 ms]
   [Eden: 68.0M(201.0M)->0.0B(199.0M) Survivors: 17.0M->16.0M Heap: 304.0M(512.0M)->239.0M(512.0M)]
 [Times: user=0.13 sys=0.00, real=0.02 secs] 
2018-03-04T00:03:16.399+0300: 16.360: [GC concurrent-root-region-scan-start]
2018-03-04T00:03:16.405+0300: 16.366: [GC concurrent-root-region-scan-end, 0.0057002 secs]
2018-03-04T00:03:16.405+0300: 16.366: [GC concurrent-mark-start]
2018-03-04T00:03:16.721+0300: 16.683: [GC pause (G1 Evacuation Pause) (young), 0.0255152 secs]
   [Parallel Time: 25.1 ms, GC Workers: 8]
      [GC Worker Start (ms): Min: 16682.9, Avg: 16682.9, Max: 16682.9, Diff: 0.0]
      [Ext Root Scanning (ms): Min: 0.1, Avg: 0.1, Max: 0.1, Diff: 0.0, Sum: 0.8]
      [Update RS (ms): Min: 6.8, Avg: 7.4, Max: 8.0, Diff: 1.3, Sum: 59.0]
         [Processed Buffers: Min: 9, Avg: 9.8, Max: 11, Diff: 2, Sum: 78]
      [Scan RS (ms): Min: 0.9, Avg: 1.6, Max: 2.2, Diff: 1.3, Sum: 12.9]
      [Code Root Scanning (ms): Min: 0.0, Avg: 0.0, Max: 0.0, Diff: 0.0, Sum: 0.0]
      [Object Copy (ms): Min: 15.8, Avg: 15.9, Max: 15.9, Diff: 0.1, Sum: 127.1]
      [Termination (ms): Min: 0.0, Avg: 0.1, Max: 0.1, Diff: 0.1, Sum: 0.5]
         [Termination Attempts: Min: 1, Avg: 474.6, Max: 601, Diff: 600, Sum: 3797]
      [GC Worker Other (ms): Min: 0.0, Avg: 0.0, Max: 0.0, Diff: 0.0, Sum: 0.1]
      [GC Worker Total (ms): Min: 25.0, Avg: 25.1, Max: 25.1, Diff: 0.0, Sum: 200.5]
      [GC Worker End (ms): Min: 16708.0, Avg: 16708.0, Max: 16708.0, Diff: 0.0]
   [Code Root Fixup: 0.0 ms]
   [Code Root Purge: 0.0 ms]
   [Clear CT: 0.1 ms]
   [Other: 0.3 ms]
      [Choose CSet: 0.0 ms]
      [Ref Proc: 0.1 ms]
      [Ref Enq: 0.0 ms]
      [Redirty Cards: 0.0 ms]
      [Humongous Register: 0.0 ms]
      [Humongous Reclaim: 0.0 ms]
      [Free CSet: 0.1 ms]
   [Eden: 199.0M(199.0M)->0.0B(159.0M) Survivors: 16.0M->18.0M Heap: 473.2M(512.0M)->276.2M(512.0M)]
 [Times: user=0.13 sys=0.00, real=0.03 secs] 
2018-03-04T00:03:16.790+0300: 16.752: [GC concurrent-mark-end, 0.3854801 secs]
2018-03-04T00:03:16.790+0300: 16.752: [GC remark 2018-03-04T00:03:16.790+0300: 16.752: [Finalize Marking, 0.0000784 secs] 2018-03-04T00:03:16.790+0300: 16.752: [GC ref-proc, 0.0001202 secs] 2018-03-04T00:03:16.790+0300: 16.752: [Unloading, 0.0004741 secs], 0.0010739 secs]
 [Times: user=0.00 sys=0.00, real=0.00 secs] 
2018-03-04T00:03:16.791+0300: 16.753: [GC cleanup 318M->272M(512M), 0.0003663 secs]
 [Times: user=0.00 sys=0.00, real=0.00 secs] 
2018-03-04T00:03:16.792+0300: 16.753: [GC concurrent-cleanup-start]
2018-03-04T00:03:16.792+0300: 16.753: [GC concurrent-cleanup-end, 0.0000255 secs]
2018-03-04T00:03:16.888+0300: 16.850: [GC pause (G1 Evacuation Pause) (young), 0.0247190 secs]
   [Parallel Time: 24.3 ms, GC Workers: 8]
      [GC Worker Start (ms): Min: 16849.8, Avg: 16849.8, Max: 16849.8, Diff: 0.0]
      [Ext Root Scanning (ms): Min: 0.1, Avg: 0.1, Max: 0.1, Diff: 0.0, Sum: 0.9]
      [Update RS (ms): Min: 6.9, Avg: 7.5, Max: 8.2, Diff: 1.2, Sum: 59.7]
         [Processed Buffers: Min: 3, Avg: 8.4, Max: 10, Diff: 7, Sum: 67]
      [Scan RS (ms): Min: 0.0, Avg: 0.0, Max: 0.0, Diff: 0.0, Sum: 0.1]
      [Code Root Scanning (ms): Min: 0.0, Avg: 0.0, Max: 0.0, Diff: 0.0, Sum: 0.0]
      [Object Copy (ms): Min: 16.0, Avg: 16.6, Max: 17.1, Diff: 1.1, Sum: 133.0]
      [Termination (ms): Min: 0.0, Avg: 0.0, Max: 0.0, Diff: 0.0, Sum: 0.3]
         [Termination Attempts: Min: 1, Avg: 214.0, Max: 271, Diff: 270, Sum: 1712]
      [GC Worker Other (ms): Min: 0.0, Avg: 0.0, Max: 0.0, Diff: 0.0, Sum: 0.1]
      [GC Worker Total (ms): Min: 24.2, Avg: 24.2, Max: 24.3, Diff: 0.1, Sum: 194.0]
      [GC Worker End (ms): Min: 16874.0, Avg: 16874.0, Max: 16874.0, Diff: 0.0]
   [Code Root Fixup: 0.0 ms]
   [Code Root Purge: 0.0 ms]
   [Clear CT: 0.1 ms]
   [Other: 0.3 ms]
      [Choose CSet: 0.0 ms]
      [Ref Proc: 0.1 ms]
      [Ref Enq: 0.0 ms]
      [Redirty Cards: 0.1 ms]
      [Humongous Register: 0.0 ms]
      [Humongous Reclaim: 0.0 ms]
      [Free CSet: 0.1 ms]
   [Eden: 159.0M(159.0M)->0.0B(10.0M) Survivors: 18.0M->15.0M Heap: 389.5M(512.0M)->232.7M(512.0M)]
 [Times: user=0.22 sys=0.00, real=0.03 secs] 
2018-03-04T00:03:16.922+0300: 16.883: [GC pause (G1 Evacuation Pause) (mixed), 0.0317972 secs]
   [Parallel Time: 31.3 ms, GC Workers: 8]
      [GC Worker Start (ms): Min: 16883.6, Avg: 16883.6, Max: 16883.7, Diff: 0.1]
      [Ext Root Scanning (ms): Min: 0.0, Avg: 0.1, Max: 0.1, Diff: 0.1, Sum: 0.8]
      [Update RS (ms): Min: 5.6, Avg: 6.0, Max: 6.4, Diff: 0.8, Sum: 48.2]
         [Processed Buffers: Min: 8, Avg: 8.5, Max: 10, Diff: 2, Sum: 68]
      [Scan RS (ms): Min: 3.1, Avg: 3.4, Max: 3.8, Diff: 0.7, Sum: 26.9]
      [Code Root Scanning (ms): Min: 0.0, Avg: 0.0, Max: 0.0, Diff: 0.0, Sum: 0.0]
      [Object Copy (ms): Min: 21.6, Avg: 21.8, Max: 21.8, Diff: 0.2, Sum: 174.0]
      [Termination (ms): Min: 0.0, Avg: 0.0, Max: 0.0, Diff: 0.0, Sum: 0.3]
         [Termination Attempts: Min: 1, Avg: 316.1, Max: 396, Diff: 395, Sum: 2529]
      [GC Worker Other (ms): Min: 0.0, Avg: 0.0, Max: 0.0, Diff: 0.0, Sum: 0.1]
      [GC Worker Total (ms): Min: 31.2, Avg: 31.3, Max: 31.3, Diff: 0.1, Sum: 250.3]
      [GC Worker End (ms): Min: 16914.9, Avg: 16914.9, Max: 16914.9, Diff: 0.0]
   [Code Root Fixup: 0.0 ms]
   [Code Root Purge: 0.0 ms]
   [Clear CT: 0.1 ms]
   [Other: 0.4 ms]
      [Choose CSet: 0.0 ms]
      [Ref Proc: 0.1 ms]
      [Ref Enq: 0.0 ms]
      [Redirty Cards: 0.1 ms]
      [Humongous Register: 0.0 ms]
      [Humongous Reclaim: 0.0 ms]
      [Free CSet: 0.1 ms]
   [Eden: 10.0M(10.0M)->0.0B(21.0M) Survivors: 15.0M->4096.0K Heap: 242.7M(512.0M)->200.1M(512.0M)]
 [Times: user=0.23 sys=0.00, real=0.03 secs] 
2018-03-04T00:03:16.972+0300: 16.934: [GC pause (G1 Evacuation Pause) (mixed), 0.0187391 secs]
   [Parallel Time: 18.4 ms, GC Workers: 8]
      [GC Worker Start (ms): Min: 16933.7, Avg: 16933.8, Max: 16933.8, Diff: 0.0]
      [Ext Root Scanning (ms): Min: 0.1, Avg: 0.1, Max: 0.1, Diff: 0.0, Sum: 0.9]
      [Update RS (ms): Min: 9.2, Avg: 9.5, Max: 9.8, Diff: 0.6, Sum: 75.8]
         [Processed Buffers: Min: 12, Avg: 13.3, Max: 14, Diff: 2, Sum: 106]
      [Scan RS (ms): Min: 0.8, Avg: 1.2, Max: 1.5, Diff: 0.7, Sum: 9.6]
      [Code Root Scanning (ms): Min: 0.0, Avg: 0.0, Max: 0.0, Diff: 0.0, Sum: 0.0]
      [Object Copy (ms): Min: 7.5, Avg: 7.5, Max: 7.6, Diff: 0.1, Sum: 60.4]
      [Termination (ms): Min: 0.0, Avg: 0.0, Max: 0.0, Diff: 0.0, Sum: 0.1]
         [Termination Attempts: Min: 1, Avg: 73.8, Max: 99, Diff: 98, Sum: 590]
      [GC Worker Other (ms): Min: 0.0, Avg: 0.0, Max: 0.0, Diff: 0.0, Sum: 0.1]
      [GC Worker Total (ms): Min: 18.3, Avg: 18.4, Max: 18.4, Diff: 0.0, Sum: 146.8]
      [GC Worker End (ms): Min: 16952.1, Avg: 16952.1, Max: 16952.1, Diff: 0.0]
   [Code Root Fixup: 0.0 ms]
   [Code Root Purge: 0.0 ms]
   [Clear CT: 0.0 ms]
   [Other: 0.3 ms]
      [Choose CSet: 0.0 ms]
      [Ref Proc: 0.1 ms]
      [Ref Enq: 0.0 ms]
      [Redirty Cards: 0.0 ms]
      [Humongous Register: 0.0 ms]
      [Humongous Reclaim: 0.0 ms]
      [Free CSet: 0.1 ms]
   [Eden: 21.0M(21.0M)->0.0B(260.0M) Survivors: 4096.0K->4096.0K Heap: 221.1M(512.0M)->194.7M(512.0M)]
 [Times: user=0.13 sys=0.00, real=0.02 secs] 
2018-03-04T00:03:17.215+0300: 17.177: [GC pause (G1 Evacuation Pause) (young), 0.0100309 secs]
   [Parallel Time: 9.6 ms, GC Workers: 8]
      [GC Worker Start (ms): Min: 17177.2, Avg: 17177.3, Max: 17177.3, Diff: 0.0]
      [Ext Root Scanning (ms): Min: 0.1, Avg: 0.1, Max: 0.1, Diff: 0.0, Sum: 0.8]
      [Update RS (ms): Min: 3.4, Avg: 3.8, Max: 4.1, Diff: 0.8, Sum: 30.7]
         [Processed Buffers: Min: 4, Avg: 5.4, Max: 7, Diff: 3, Sum: 43]
      [Scan RS (ms): Min: 0.0, Avg: 0.0, Max: 0.1, Diff: 0.1, Sum: 0.1]
      [Code Root Scanning (ms): Min: 0.0, Avg: 0.0, Max: 0.0, Diff: 0.0, Sum: 0.0]
      [Object Copy (ms): Min: 5.2, Avg: 5.5, Max: 5.9, Diff: 0.7, Sum: 44.2]
      [Termination (ms): Min: 0.0, Avg: 0.1, Max: 0.1, Diff: 0.1, Sum: 0.4]
         [Termination Attempts: Min: 1, Avg: 440.3, Max: 645, Diff: 644, Sum: 3522]
      [GC Worker Other (ms): Min: 0.0, Avg: 0.0, Max: 0.0, Diff: 0.0, Sum: 0.1]
      [GC Worker Total (ms): Min: 9.5, Avg: 9.6, Max: 9.6, Diff: 0.0, Sum: 76.5]
      [GC Worker End (ms): Min: 17186.8, Avg: 17186.8, Max: 17186.8, Diff: 0.0]
   [Code Root Fixup: 0.0 ms]
   [Code Root Purge: 0.0 ms]
   [Clear CT: 0.1 ms]
   [Other: 0.3 ms]
      [Choose CSet: 0.0 ms]
      [Ref Proc: 0.1 ms]
      [Ref Enq: 0.0 ms]
      [Redirty Cards: 0.0 ms]
      [Humongous Register: 0.0 ms]
      [Humongous Reclaim: 0.0 ms]
      [Free CSet: 0.2 ms]
   [Eden: 260.0M(260.0M)->0.0B(254.0M) Survivors: 4096.0K->7168.0K Heap: 454.7M(512.0M)->196.9M(512.0M)]
 [Times: user=0.13 sys=0.00, real=0.01 secs] 
2018-03-04T00:03:17.443+0300: 17.404: [GC pause (G1 Evacuation Pause) (young), 0.0082734 secs]
   [Parallel Time: 7.7 ms, GC Workers: 8]
      [GC Worker Start (ms): Min: 17404.5, Avg: 17404.5, Max: 17404.6, Diff: 0.1]
      [Ext Root Scanning (ms): Min: 0.0, Avg: 0.1, Max: 0.1, Diff: 0.1, Sum: 0.8]
      [Update RS (ms): Min: 0.0, Avg: 1.6, Max: 2.2, Diff: 2.2, Sum: 13.0]
         [Processed Buffers: Min: 0, Avg: 2.9, Max: 4, Diff: 4, Sum: 23]
      [Scan RS (ms): Min: 0.0, Avg: 0.0, Max: 0.1, Diff: 0.1, Sum: 0.1]
      [Code Root Scanning (ms): Min: 0.0, Avg: 0.0, Max: 0.0, Diff: 0.0, Sum: 0.0]
      [Object Copy (ms): Min: 5.3, Avg: 5.9, Max: 7.5, Diff: 2.2, Sum: 46.9]
      [Termination (ms): Min: 0.0, Avg: 0.0, Max: 0.0, Diff: 0.0, Sum: 0.0]
         [Termination Attempts: Min: 1, Avg: 16.5, Max: 26, Diff: 25, Sum: 132]
      [GC Worker Other (ms): Min: 0.0, Avg: 0.0, Max: 0.0, Diff: 0.0, Sum: 0.2]
      [GC Worker Total (ms): Min: 7.5, Avg: 7.6, Max: 7.7, Diff: 0.2, Sum: 61.0]
      [GC Worker End (ms): Min: 17412.1, Avg: 17412.2, Max: 17412.2, Diff: 0.0]
   [Code Root Fixup: 0.0 ms]
   [Code Root Purge: 0.0 ms]
   [Clear CT: 0.1 ms]
   [Other: 0.5 ms]
      [Choose CSet: 0.0 ms]
      [Ref Proc: 0.1 ms]
      [Ref Enq: 0.0 ms]
      [Redirty Cards: 0.2 ms]
      [Humongous Register: 0.0 ms]
      [Humongous Reclaim: 0.0 ms]
      [Free CSet: 0.1 ms]
   [Eden: 254.0M(254.0M)->0.0B(248.0M) Survivors: 7168.0K->10.0M Heap: 450.9M(512.0M)->200.2M(512.0M)]
 [Times: user=0.00 sys=0.00, real=0.01 secs] 
2018-03-04T00:03:17.662+0300: 17.624: [GC pause (G1 Evacuation Pause) (young), 0.0098957 secs]
   [Parallel Time: 9.5 ms, GC Workers: 8]
      [GC Worker Start (ms): Min: 17624.0, Avg: 17624.1, Max: 17624.2, Diff: 0.2]
      [Ext Root Scanning (ms): Min: 0.0, Avg: 0.1, Max: 0.2, Diff: 0.2, Sum: 0.9]
      [Update RS (ms): Min: 1.5, Avg: 2.1, Max: 2.5, Diff: 1.1, Sum: 16.5]
         [Processed Buffers: Min: 2, Avg: 2.9, Max: 3, Diff: 1, Sum: 23]
      [Scan RS (ms): Min: 0.0, Avg: 0.0, Max: 0.1, Diff: 0.0, Sum: 0.1]
      [Code Root Scanning (ms): Min: 0.0, Avg: 0.0, Max: 0.0, Diff: 0.0, Sum: 0.0]
      [Object Copy (ms): Min: 6.7, Avg: 7.2, Max: 7.7, Diff: 1.0, Sum: 57.5]
      [Termination (ms): Min: 0.0, Avg: 0.0, Max: 0.0, Diff: 0.0, Sum: 0.0]
         [Termination Attempts: Min: 1, Avg: 37.6, Max: 53, Diff: 52, Sum: 301]
      [GC Worker Other (ms): Min: 0.0, Avg: 0.0, Max: 0.0, Diff: 0.0, Sum: 0.1]
      [GC Worker Total (ms): Min: 9.3, Avg: 9.4, Max: 9.5, Diff: 0.2, Sum: 75.2]
      [GC Worker End (ms): Min: 17633.5, Avg: 17633.5, Max: 17633.5, Diff: 0.0]
   [Code Root Fixup: 0.0 ms]
   [Code Root Purge: 0.0 ms]
   [Clear CT: 0.1 ms]
   [Other: 0.3 ms]
      [Choose CSet: 0.0 ms]
      [Ref Proc: 0.1 ms]
      [Ref Enq: 0.0 ms]
      [Redirty Cards: 0.1 ms]
      [Humongous Register: 0.0 ms]
      [Humongous Reclaim: 0.0 ms]
      [Free CSet: 0.1 ms]
   [Eden: 248.0M(248.0M)->0.0B(244.0M) Survivors: 10.0M->12.0M Heap: 448.2M(512.0M)->202.7M(512.0M)]
 [Times: user=0.13 sys=0.00, real=0.01 secs] 
2018-03-04T00:03:18.882+0300: 18.844: [GC pause (G1 Evacuation Pause) (young), 0.0149381 secs]
   [Parallel Time: 14.5 ms, GC Workers: 8]
      [GC Worker Start (ms): Min: 18843.8, Avg: 18843.9, Max: 18844.0, Diff: 0.2]
      [Ext Root Scanning (ms): Min: 0.0, Avg: 0.1, Max: 0.2, Diff: 0.2, Sum: 0.8]
      [Update RS (ms): Min: 2.1, Avg: 4.1, Max: 13.1, Diff: 11.0, Sum: 32.5]
         [Processed Buffers: Min: 1, Avg: 3.8, Max: 5, Diff: 4, Sum: 30]
      [Scan RS (ms): Min: 0.0, Avg: 0.0, Max: 0.1, Diff: 0.1, Sum: 0.2]
      [Code Root Scanning (ms): Min: 0.0, Avg: 0.0, Max: 0.0, Diff: 0.0, Sum: 0.0]
      [Object Copy (ms): Min: 1.1, Avg: 9.6, Max: 12.0, Diff: 10.9, Sum: 77.0]
      [Termination (ms): Min: 0.0, Avg: 0.5, Max: 3.1, Diff: 3.1, Sum: 4.3]
         [Termination Attempts: Min: 1, Avg: 407.1, Max: 635, Diff: 634, Sum: 3257]
      [GC Worker Other (ms): Min: 0.0, Avg: 0.0, Max: 0.0, Diff: 0.0, Sum: 0.1]
      [GC Worker Total (ms): Min: 14.2, Avg: 14.4, Max: 14.5, Diff: 0.2, Sum: 114.9]
      [GC Worker End (ms): Min: 18858.3, Avg: 18858.3, Max: 18858.3, Diff: 0.0]
   [Code Root Fixup: 0.0 ms]
   [Code Root Purge: 0.0 ms]
   [Clear CT: 0.1 ms]
   [Other: 0.3 ms]
      [Choose CSet: 0.0 ms]
      [Ref Proc: 0.1 ms]
      [Ref Enq: 0.0 ms]
      [Redirty Cards: 0.1 ms]
      [Humongous Register: 0.0 ms]
      [Humongous Reclaim: 0.0 ms]
      [Free CSet: 0.1 ms]
   [Eden: 244.0M(244.0M)->0.0B(238.0M) Survivors: 12.0M->15.0M Heap: 446.7M(512.0M)->205.2M(512.0M)]
 [Times: user=0.11 sys=0.00, real=0.02 secs] 
2018-03-04T00:03:19.105+0300: 19.067: [GC pause (G1 Evacuation Pause) (young), 0.0142248 secs]
   [Parallel Time: 13.8 ms, GC Workers: 8]
      [GC Worker Start (ms): Min: 19066.8, Avg: 19067.1, Max: 19068.8, Diff: 2.0]
      [Ext Root Scanning (ms): Min: 0.0, Avg: 0.1, Max: 0.1, Diff: 0.1, Sum: 0.6]
      [Update RS (ms): Min: 2.0, Avg: 3.0, Max: 3.7, Diff: 1.8, Sum: 24.4]
         [Processed Buffers: Min: 4, Avg: 4.5, Max: 6, Diff: 2, Sum: 36]
      [Scan RS (ms): Min: 0.0, Avg: 0.0, Max: 0.1, Diff: 0.1, Sum: 0.1]
      [Code Root Scanning (ms): Min: 0.0, Avg: 0.0, Max: 0.0, Diff: 0.0, Sum: 0.0]
      [Object Copy (ms): Min: 9.7, Avg: 10.2, Max: 10.9, Diff: 1.2, Sum: 81.7]
      [Termination (ms): Min: 0.0, Avg: 0.0, Max: 0.1, Diff: 0.1, Sum: 0.3]
         [Termination Attempts: Min: 1, Avg: 9.4, Max: 15, Diff: 14, Sum: 75]
      [GC Worker Other (ms): Min: 0.0, Avg: 0.0, Max: 0.0, Diff: 0.0, Sum: 0.1]
      [GC Worker Total (ms): Min: 11.7, Avg: 13.4, Max: 13.7, Diff: 2.0, Sum: 107.2]
      [GC Worker End (ms): Min: 19080.5, Avg: 19080.5, Max: 19080.6, Diff: 0.0]
   [Code Root Fixup: 0.0 ms]
   [Code Root Purge: 0.0 ms]
   [Clear CT: 0.1 ms]
   [Other: 0.4 ms]
      [Choose CSet: 0.0 ms]
      [Ref Proc: 0.1 ms]
      [Ref Enq: 0.0 ms]
      [Redirty Cards: 0.0 ms]
      [Humongous Register: 0.0 ms]
      [Humongous Reclaim: 0.0 ms]
      [Free CSet: 0.2 ms]
   [Eden: 238.0M(238.0M)->0.0B(236.0M) Survivors: 15.0M->16.0M Heap: 443.2M(512.0M)->206.2M(512.0M)]
 [Times: user=0.13 sys=0.00, real=0.01 secs] 
2018-03-04T00:03:19.321+0300: 19.283: [GC pause (G1 Evacuation Pause) (young), 0.0159660 secs]
   [Parallel Time: 15.5 ms, GC Workers: 8]
      [GC Worker Start (ms): Min: 19283.1, Avg: 19283.2, Max: 19283.2, Diff: 0.1]
      [Ext Root Scanning (ms): Min: 0.1, Avg: 0.1, Max: 0.2, Diff: 0.1, Sum: 0.9]
      [Update RS (ms): Min: 0.8, Avg: 3.5, Max: 4.2, Diff: 3.4, Sum: 27.7]
         [Processed Buffers: Min: 1, Avg: 4.6, Max: 6, Diff: 5, Sum: 37]
      [Scan RS (ms): Min: 0.0, Avg: 0.0, Max: 0.1, Diff: 0.1, Sum: 0.1]
      [Code Root Scanning (ms): Min: 0.0, Avg: 0.0, Max: 0.0, Diff: 0.0, Sum: 0.0]
      [Object Copy (ms): Min: 11.0, Avg: 11.8, Max: 14.4, Diff: 3.4, Sum: 94.2]
      [Termination (ms): Min: 0.0, Avg: 0.0, Max: 0.0, Diff: 0.0, Sum: 0.0]
         [Termination Attempts: Min: 1, Avg: 18.8, Max: 28, Diff: 27, Sum: 150]
      [GC Worker Other (ms): Min: 0.0, Avg: 0.0, Max: 0.0, Diff: 0.0, Sum: 0.2]
      [GC Worker Total (ms): Min: 15.4, Avg: 15.4, Max: 15.5, Diff: 0.1, Sum: 123.1]
      [GC Worker End (ms): Min: 19298.6, Avg: 19298.6, Max: 19298.6, Diff: 0.0]
   [Code Root Fixup: 0.0 ms]
   [Code Root Purge: 0.0 ms]
   [Clear CT: 0.1 ms]
   [Other: 0.4 ms]
      [Choose CSet: 0.0 ms]
      [Ref Proc: 0.0 ms]
      [Ref Enq: 0.0 ms]
      [Redirty Cards: 0.0 ms]
      [Humongous Register: 0.0 ms]
      [Humongous Reclaim: 0.0 ms]
      [Free CSet: 0.2 ms]
   [Eden: 236.0M(236.0M)->0.0B(230.0M) Survivors: 16.0M->19.0M Heap: 442.2M(512.0M)->209.7M(512.0M)]
 [Times: user=0.11 sys=0.00, real=0.02 secs] 
2018-03-04T00:03:19.532+0300: 19.494: [GC pause (G1 Evacuation Pause) (young), 0.0174915 secs]
   [Parallel Time: 17.0 ms, GC Workers: 8]
      [GC Worker Start (ms): Min: 19493.8, Avg: 19493.9, Max: 19493.9, Diff: 0.0]
      [Ext Root Scanning (ms): Min: 0.1, Avg: 0.1, Max: 0.1, Diff: 0.0, Sum: 0.8]
      [Update RS (ms): Min: 3.3, Avg: 4.1, Max: 4.5, Diff: 1.2, Sum: 32.5]
         [Processed Buffers: Min: 4, Avg: 5.5, Max: 6, Diff: 2, Sum: 44]
      [Scan RS (ms): Min: 0.0, Avg: 0.0, Max: 0.1, Diff: 0.1, Sum: 0.1]
      [Code Root Scanning (ms): Min: 0.0, Avg: 0.0, Max: 0.0, Diff: 0.0, Sum: 0.1]
      [Object Copy (ms): Min: 12.3, Avg: 12.7, Max: 13.4, Diff: 1.0, Sum: 101.8]
      [Termination (ms): Min: 0.0, Avg: 0.0, Max: 0.0, Diff: 0.0, Sum: 0.2]
         [Termination Attempts: Min: 1, Avg: 201.6, Max: 256, Diff: 255, Sum: 1613]
      [GC Worker Other (ms): Min: 0.0, Avg: 0.0, Max: 0.0, Diff: 0.0, Sum: 0.2]
      [GC Worker Total (ms): Min: 17.0, Avg: 17.0, Max: 17.0, Diff: 0.0, Sum: 135.7]
      [GC Worker End (ms): Min: 19510.8, Avg: 19510.8, Max: 19510.8, Diff: 0.0]
   [Code Root Fixup: 0.0 ms]
   [Code Root Purge: 0.0 ms]
   [Clear CT: 0.1 ms]
   [Other: 0.4 ms]
      [Choose CSet: 0.0 ms]
      [Ref Proc: 0.1 ms]
      [Ref Enq: 0.0 ms]
      [Redirty Cards: 0.0 ms]
      [Humongous Register: 0.0 ms]
      [Humongous Reclaim: 0.0 ms]
      [Free CSet: 0.1 ms]
   [Eden: 230.0M(230.0M)->0.0B(228.0M) Survivors: 19.0M->19.0M Heap: 439.7M(512.0M)->211.3M(512.0M)]
 [Times: user=0.11 sys=0.02, real=0.02 secs] 
2018-03-04T00:03:19.745+0300: 19.707: [GC pause (G1 Evacuation Pause) (young), 0.0303846 secs]
   [Parallel Time: 29.9 ms, GC Workers: 8]
      [GC Worker Start (ms): Min: 19706.8, Avg: 19706.9, Max: 19706.9, Diff: 0.0]
      [Ext Root Scanning (ms): Min: 0.1, Avg: 0.1, Max: 0.1, Diff: 0.0, Sum: 0.9]
      [Update RS (ms): Min: 3.8, Avg: 4.4, Max: 4.9, Diff: 1.1, Sum: 35.5]
         [Processed Buffers: Min: 5, Avg: 5.8, Max: 7, Diff: 2, Sum: 46]
      [Scan RS (ms): Min: 0.0, Avg: 0.0, Max: 0.0, Diff: 0.0, Sum: 0.2]
      [Code Root Scanning (ms): Min: 0.0, Avg: 3.1, Max: 24.7, Diff: 24.7, Sum: 24.7]
      [Object Copy (ms): Min: 1.0, Avg: 21.5, Max: 25.5, Diff: 24.4, Sum: 172.2]
      [Termination (ms): Min: 0.0, Avg: 0.6, Max: 1.4, Diff: 1.4, Sum: 4.6]
         [Termination Attempts: Min: 1, Avg: 2277.3, Max: 2809, Diff: 2808, Sum: 18218]
      [GC Worker Other (ms): Min: 0.0, Avg: 0.0, Max: 0.0, Diff: 0.0, Sum: 0.2]
      [GC Worker Total (ms): Min: 29.8, Avg: 29.8, Max: 29.8, Diff: 0.0, Sum: 238.3]
      [GC Worker End (ms): Min: 19736.6, Avg: 19736.6, Max: 19736.7, Diff: 0.0]
   [Code Root Fixup: 0.0 ms]
   [Code Root Purge: 0.0 ms]
   [Clear CT: 0.1 ms]
   [Other: 0.4 ms]
      [Choose CSet: 0.0 ms]
      [Ref Proc: 0.1 ms]
      [Ref Enq: 0.0 ms]
      [Redirty Cards: 0.1 ms]
      [Humongous Register: 0.0 ms]
      [Humongous Reclaim: 0.0 ms]
      [Free CSet: 0.2 ms]
   [Eden: 228.0M(228.0M)->0.0B(224.0M) Survivors: 19.0M->19.0M Heap: 439.3M(512.0M)->214.8M(512.0M)]
 [Times: user=0.22 sys=0.00, real=0.03 secs] 
2018-03-04T00:03:19.969+0300: 19.931: [GC pause (G1 Evacuation Pause) (young), 0.0185429 secs]
   [Parallel Time: 18.1 ms, GC Workers: 8]
      [GC Worker Start (ms): Min: 19930.6, Avg: 19930.7, Max: 19930.7, Diff: 0.1]
      [Ext Root Scanning (ms): Min: 0.0, Avg: 0.1, Max: 0.1, Diff: 0.1, Sum: 0.8]
      [Update RS (ms): Min: 3.9, Avg: 4.7, Max: 5.3, Diff: 1.3, Sum: 37.3]
         [Processed Buffers: Min: 5, Avg: 6.3, Max: 8, Diff: 3, Sum: 50]
      [Scan RS (ms): Min: 0.0, Avg: 0.0, Max: 0.1, Diff: 0.1, Sum: 0.1]
      [Code Root Scanning (ms): Min: 0.0, Avg: 0.0, Max: 0.0, Diff: 0.0, Sum: 0.0]
      [Object Copy (ms): Min: 12.6, Avg: 13.2, Max: 13.9, Diff: 1.2, Sum: 105.8]
      [Termination (ms): Min: 0.0, Avg: 0.0, Max: 0.0, Diff: 0.0, Sum: 0.1]
         [Termination Attempts: Min: 1, Avg: 134.4, Max: 184, Diff: 183, Sum: 1075]
      [GC Worker Other (ms): Min: 0.0, Avg: 0.0, Max: 0.0, Diff: 0.0, Sum: 0.2]
      [GC Worker Total (ms): Min: 18.0, Avg: 18.0, Max: 18.1, Diff: 0.1, Sum: 144.3]
      [GC Worker End (ms): Min: 19948.7, Avg: 19948.7, Max: 19948.7, Diff: 0.0]
   [Code Root Fixup: 0.0 ms]
   [Code Root Purge: 0.0 ms]
   [Clear CT: 0.1 ms]
   [Other: 0.3 ms]
      [Choose CSet: 0.0 ms]
      [Ref Proc: 0.1 ms]
      [Ref Enq: 0.0 ms]
      [Redirty Cards: 0.0 ms]
      [Humongous Register: 0.0 ms]
      [Humongous Reclaim: 0.0 ms]
      [Free CSet: 0.2 ms]
   [Eden: 224.0M(224.0M)->0.0B(222.0M) Survivors: 19.0M->18.0M Heap: 438.8M(512.0M)->218.3M(512.0M)]
 [Times: user=0.13 sys=0.00, real=0.02 secs] 
2018-03-04T00:03:20.180+0300: 20.141: [GC pause (G1 Evacuation Pause) (young), 0.0340056 secs]
   [Parallel Time: 33.6 ms, GC Workers: 8]
      [GC Worker Start (ms): Min: 20141.3, Avg: 20146.3, Max: 20171.8, Diff: 30.4]
      [Ext Root Scanning (ms): Min: 0.0, Avg: 0.1, Max: 0.1, Diff: 0.1, Sum: 0.7]
      [Update RS (ms): Min: 0.0, Avg: 4.5, Max: 6.5, Diff: 6.5, Sum: 35.9]
         [Processed Buffers: Min: 0, Avg: 6.0, Max: 9, Diff: 9, Sum: 48]
      [Scan RS (ms): Min: 0.0, Avg: 0.0, Max: 0.1, Diff: 0.1, Sum: 0.2]
      [Code Root Scanning (ms): Min: 0.0, Avg: 0.0, Max: 0.0, Diff: 0.0, Sum: 0.0]
      [Object Copy (ms): Min: 3.0, Avg: 23.1, Max: 27.1, Diff: 24.2, Sum: 184.8]
      [Termination (ms): Min: 0.0, Avg: 0.8, Max: 3.3, Diff: 3.3, Sum: 6.5]
         [Termination Attempts: Min: 1, Avg: 1509.3, Max: 2121, Diff: 2120, Sum: 12074]
      [GC Worker Other (ms): Min: 0.0, Avg: 0.0, Max: 0.0, Diff: 0.0, Sum: 0.2]
      [GC Worker Total (ms): Min: 3.1, Avg: 28.5, Max: 33.5, Diff: 30.4, Sum: 228.2]
      [GC Worker End (ms): Min: 20174.8, Avg: 20174.8, Max: 20174.8, Diff: 0.0]
   [Code Root Fixup: 0.0 ms]
   [Code Root Purge: 0.0 ms]
   [Clear CT: 0.1 ms]
   [Other: 0.3 ms]
      [Choose CSet: 0.0 ms]
      [Ref Proc: 0.1 ms]
      [Ref Enq: 0.0 ms]
      [Redirty Cards: 0.1 ms]
      [Humongous Register: 0.0 ms]
      [Humongous Reclaim: 0.0 ms]
      [Free CSet: 0.1 ms]
   [Eden: 222.0M(222.0M)->0.0B(216.0M) Survivors: 18.0M->19.0M Heap: 440.3M(512.0M)->223.6M(512.0M)]
 [Times: user=0.19 sys=0.00, real=0.03 secs] 
2018-03-04T00:03:21.400+0300: 21.362: [GC pause (G1 Evacuation Pause) (young), 0.0197679 secs]
   [Parallel Time: 19.3 ms, GC Workers: 8]
      [GC Worker Start (ms): Min: 21361.6, Avg: 21361.7, Max: 21361.7, Diff: 0.1]
      [Ext Root Scanning (ms): Min: 0.1, Avg: 0.1, Max: 0.1, Diff: 0.0, Sum: 0.9]
      [Update RS (ms): Min: 4.4, Avg: 5.1, Max: 5.7, Diff: 1.3, Sum: 40.6]
         [Processed Buffers: Min: 0, Avg: 6.1, Max: 9, Diff: 9, Sum: 49]
      [Scan RS (ms): Min: 0.0, Avg: 0.0, Max: 0.1, Diff: 0.1, Sum: 0.1]
      [Code Root Scanning (ms): Min: 0.0, Avg: 0.0, Max: 0.0, Diff: 0.0, Sum: 0.0]
      [Object Copy (ms): Min: 13.4, Avg: 14.0, Max: 14.7, Diff: 1.2, Sum: 112.2]
      [Termination (ms): Min: 0.0, Avg: 0.0, Max: 0.0, Diff: 0.0, Sum: 0.1]
         [Termination Attempts: Min: 1, Avg: 92.1, Max: 132, Diff: 131, Sum: 737]
      [GC Worker Other (ms): Min: 0.0, Avg: 0.0, Max: 0.0, Diff: 0.0, Sum: 0.2]
      [GC Worker Total (ms): Min: 19.2, Avg: 19.3, Max: 19.3, Diff: 0.1, Sum: 154.1]
      [GC Worker End (ms): Min: 21380.9, Avg: 21380.9, Max: 21380.9, Diff: 0.0]
   [Code Root Fixup: 0.0 ms]
   [Code Root Purge: 0.0 ms]
   [Clear CT: 0.1 ms]
   [Other: 0.4 ms]
      [Choose CSet: 0.0 ms]
      [Ref Proc: 0.1 ms]
      [Ref Enq: 0.0 ms]
      [Redirty Cards: 0.0 ms]
      [Humongous Register: 0.0 ms]
      [Humongous Reclaim: 0.0 ms]
      [Free CSet: 0.1 ms]
   [Eden: 216.0M(216.0M)->0.0B(214.0M) Survivors: 19.0M->18.0M Heap: 439.6M(512.0M)->226.6M(512.0M)]
 [Times: user=0.09 sys=0.02, real=0.02 secs] 
2018-03-04T00:03:21.603+0300: 21.565: [GC pause (G1 Evacuation Pause) (young), 0.0171823 secs]
   [Parallel Time: 16.8 ms, GC Workers: 8]
      [GC Worker Start (ms): Min: 21564.6, Avg: 21564.7, Max: 21564.7, Diff: 0.0]
      [Ext Root Scanning (ms): Min: 0.1, Avg: 0.1, Max: 0.1, Diff: 0.0, Sum: 0.8]
      [Update RS (ms): Min: 3.6, Avg: 4.3, Max: 4.9, Diff: 1.2, Sum: 34.0]
         [Processed Buffers: Min: 5, Avg: 5.9, Max: 7, Diff: 2, Sum: 47]
      [Scan RS (ms): Min: 0.0, Avg: 0.0, Max: 0.1, Diff: 0.1, Sum: 0.1]
      [Code Root Scanning (ms): Min: 0.0, Avg: 0.0, Max: 0.0, Diff: 0.0, Sum: 0.0]
      [Object Copy (ms): Min: 11.7, Avg: 12.3, Max: 12.9, Diff: 1.1, Sum: 98.7]
      [Termination (ms): Min: 0.0, Avg: 0.0, Max: 0.0, Diff: 0.0, Sum: 0.0]
         [Termination Attempts: Min: 1, Avg: 29.3, Max: 38, Diff: 37, Sum: 234]
      [GC Worker Other (ms): Min: 0.0, Avg: 0.0, Max: 0.0, Diff: 0.0, Sum: 0.1]
      [GC Worker Total (ms): Min: 16.7, Avg: 16.7, Max: 16.7, Diff: 0.0, Sum: 133.8]
      [GC Worker End (ms): Min: 21581.4, Avg: 21581.4, Max: 21581.4, Diff: 0.0]
   [Code Root Fixup: 0.0 ms]
   [Code Root Purge: 0.0 ms]
   [Clear CT: 0.1 ms]
   [Other: 0.3 ms]
      [Choose CSet: 0.0 ms]
      [Ref Proc: 0.1 ms]
      [Ref Enq: 0.0 ms]
      [Redirty Cards: 0.0 ms]
      [Humongous Register: 0.0 ms]
      [Humongous Reclaim: 0.0 ms]
      [Free CSet: 0.1 ms]
   [Eden: 214.0M(214.0M)->0.0B(210.0M) Survivors: 18.0M->18.0M Heap: 440.6M(512.0M)->230.6M(512.0M)]
 [Times: user=0.11 sys=0.00, real=0.02 secs] 
2018-03-04T00:03:21.803+0300: 21.765: [GC pause (G1 Evacuation Pause) (young), 0.0175125 secs]
   [Parallel Time: 17.1 ms, GC Workers: 8]
      [GC Worker Start (ms): Min: 21765.0, Avg: 21765.0, Max: 21765.0, Diff: 0.0]
      [Ext Root Scanning (ms): Min: 0.1, Avg: 0.1, Max: 0.1, Diff: 0.0, Sum: 0.8]
      [Update RS (ms): Min: 3.8, Avg: 4.4, Max: 5.3, Diff: 1.6, Sum: 35.2]
         [Processed Buffers: Min: 4, Avg: 5.8, Max: 7, Diff: 3, Sum: 46]
      [Scan RS (ms): Min: 0.0, Avg: 0.0, Max: 0.1, Diff: 0.1, Sum: 0.1]
      [Code Root Scanning (ms): Min: 0.0, Avg: 0.0, Max: 0.0, Diff: 0.0, Sum: 0.0]
      [Object Copy (ms): Min: 11.6, Avg: 12.5, Max: 13.1, Diff: 1.5, Sum: 100.0]
      [Termination (ms): Min: 0.0, Avg: 0.0, Max: 0.0, Diff: 0.0, Sum: 0.2]
         [Termination Attempts: Min: 1, Avg: 144.1, Max: 182, Diff: 181, Sum: 1153]
      [GC Worker Other (ms): Min: 0.0, Avg: 0.0, Max: 0.0, Diff: 0.0, Sum: 0.1]
      [GC Worker Total (ms): Min: 17.0, Avg: 17.0, Max: 17.1, Diff: 0.0, Sum: 136.3]
      [GC Worker End (ms): Min: 21782.0, Avg: 21782.0, Max: 21782.0, Diff: 0.0]
   [Code Root Fixup: 0.0 ms]
   [Code Root Purge: 0.0 ms]
   [Clear CT: 0.1 ms]
   [Other: 0.3 ms]
      [Choose CSet: 0.0 ms]
      [Ref Proc: 0.1 ms]
      [Ref Enq: 0.0 ms]
      [Redirty Cards: 0.0 ms]
      [Humongous Register: 0.0 ms]
      [Humongous Reclaim: 0.0 ms]
      [Free CSet: 0.1 ms]
   [Eden: 210.0M(210.0M)->0.0B(208.0M) Survivors: 18.0M->17.0M Heap: 440.6M(512.0M)->233.6M(512.0M)]
 [Times: user=0.11 sys=0.01, real=0.02 secs] 
2018-03-04T00:03:22.002+0300: 21.964: [GC pause (G1 Evacuation Pause) (young), 0.0206506 secs]
   [Parallel Time: 20.3 ms, GC Workers: 8]
      [GC Worker Start (ms): Min: 21964.0, Avg: 21964.1, Max: 21964.2, Diff: 0.2]
      [Ext Root Scanning (ms): Min: 0.0, Avg: 0.1, Max: 0.2, Diff: 0.2, Sum: 0.9]
      [Update RS (ms): Min: 3.9, Avg: 4.5, Max: 5.0, Diff: 1.1, Sum: 35.8]
         [Processed Buffers: Min: 1, Avg: 5.8, Max: 7, Diff: 6, Sum: 46]
      [Scan RS (ms): Min: 0.0, Avg: 0.0, Max: 0.1, Diff: 0.1, Sum: 0.1]
      [Code Root Scanning (ms): Min: 0.0, Avg: 0.0, Max: 0.0, Diff: 0.0, Sum: 0.0]
      [Object Copy (ms): Min: 15.0, Avg: 15.5, Max: 15.9, Diff: 1.0, Sum: 123.6]
      [Termination (ms): Min: 0.0, Avg: 0.1, Max: 0.1, Diff: 0.1, Sum: 0.5]
         [Termination Attempts: Min: 1, Avg: 596.8, Max: 762, Diff: 761, Sum: 4774]
      [GC Worker Other (ms): Min: 0.0, Avg: 0.0, Max: 0.0, Diff: 0.0, Sum: 0.1]
      [GC Worker Total (ms): Min: 20.0, Avg: 20.1, Max: 20.2, Diff: 0.2, Sum: 161.1]
      [GC Worker End (ms): Min: 21984.2, Avg: 21984.3, Max: 21984.3, Diff: 0.0]
   [Code Root Fixup: 0.0 ms]
   [Code Root Purge: 0.0 ms]
   [Clear CT: 0.1 ms]
   [Other: 0.3 ms]
      [Choose CSet: 0.0 ms]
      [Ref Proc: 0.1 ms]
      [Ref Enq: 0.0 ms]
      [Redirty Cards: 0.0 ms]
      [Humongous Register: 0.0 ms]
      [Humongous Reclaim: 0.0 ms]
      [Free CSet: 0.1 ms]
   [Eden: 208.0M(208.0M)->0.0B(204.0M) Survivors: 17.0M->17.0M Heap: 441.6M(512.0M)->237.3M(512.0M)]
 [Times: user=0.13 sys=0.00, real=0.02 secs] 
2018-03-04T00:03:22.197+0300: 22.159: [GC pause (G1 Evacuation Pause) (young), 0.0170997 secs]
   [Parallel Time: 16.7 ms, GC Workers: 8]
      [GC Worker Start (ms): Min: 22159.1, Avg: 22159.1, Max: 22159.1, Diff: 0.1]
      [Ext Root Scanning (ms): Min: 0.1, Avg: 0.1, Max: 0.1, Diff: 0.0, Sum: 0.9]
      [Update RS (ms): Min: 3.6, Avg: 4.2, Max: 5.4, Diff: 1.8, Sum: 33.5]
         [Processed Buffers: Min: 5, Avg: 5.5, Max: 8, Diff: 3, Sum: 44]
      [Scan RS (ms): Min: 0.0, Avg: 0.0, Max: 0.1, Diff: 0.1, Sum: 0.1]
      [Code Root Scanning (ms): Min: 0.0, Avg: 0.0, Max: 0.0, Diff: 0.0, Sum: 0.0]
      [Object Copy (ms): Min: 11.0, Avg: 12.2, Max: 12.7, Diff: 1.7, Sum: 97.7]
      [Termination (ms): Min: 0.0, Avg: 0.0, Max: 0.0, Diff: 0.0, Sum: 0.2]
         [Termination Attempts: Min: 1, Avg: 185.6, Max: 231, Diff: 230, Sum: 1485]
      [GC Worker Other (ms): Min: 0.0, Avg: 0.0, Max: 0.0, Diff: 0.0, Sum: 0.2]
      [GC Worker Total (ms): Min: 16.5, Avg: 16.6, Max: 16.6, Diff: 0.1, Sum: 132.6]
      [GC Worker End (ms): Min: 22175.7, Avg: 22175.7, Max: 22175.7, Diff: 0.0]
   [Code Root Fixup: 0.0 ms]
   [Code Root Purge: 0.0 ms]
   [Clear CT: 0.1 ms]
   [Other: 0.4 ms]
      [Choose CSet: 0.0 ms]
      [Ref Proc: 0.1 ms]
      [Ref Enq: 0.0 ms]
      [Redirty Cards: 0.0 ms]
      [Humongous Register: 0.0 ms]
      [Humongous Reclaim: 0.0 ms]
      [Free CSet: 0.1 ms]
   [Eden: 204.0M(204.0M)->0.0B(198.0M) Survivors: 17.0M->18.0M Heap: 441.3M(512.0M)->241.8M(512.0M)]
 [Times: user=0.13 sys=0.00, real=0.02 secs] 
2018-03-04T00:03:22.391+0300: 22.352: [GC pause (G1 Evacuation Pause) (young), 0.0166977 secs]
   [Parallel Time: 16.3 ms, GC Workers: 8]
      [GC Worker Start (ms): Min: 22352.5, Avg: 22352.5, Max: 22352.5, Diff: 0.1]
      [Ext Root Scanning (ms): Min: 0.1, Avg: 0.1, Max: 0.1, Diff: 0.1, Sum: 0.8]
      [Update RS (ms): Min: 3.3, Avg: 3.9, Max: 4.5, Diff: 1.1, Sum: 31.2]
         [Processed Buffers: Min: 5, Avg: 5.6, Max: 6, Diff: 1, Sum: 45]
      [Scan RS (ms): Min: 0.0, Avg: 0.0, Max: 0.0, Diff: 0.0, Sum: 0.1]
      [Code Root Scanning (ms): Min: 0.0, Avg: 0.0, Max: 0.0, Diff: 0.0, Sum: 0.0]
      [Object Copy (ms): Min: 11.6, Avg: 12.2, Max: 12.7, Diff: 1.1, Sum: 97.2]
      [Termination (ms): Min: 0.0, Avg: 0.0, Max: 0.0, Diff: 0.0, Sum: 0.1]
         [Termination Attempts: Min: 1, Avg: 86.0, Max: 122, Diff: 121, Sum: 688]
      [GC Worker Other (ms): Min: 0.0, Avg: 0.0, Max: 0.0, Diff: 0.0, Sum: 0.2]
      [GC Worker Total (ms): Min: 16.2, Avg: 16.2, Max: 16.2, Diff: 0.0, Sum: 129.6]
      [GC Worker End (ms): Min: 22368.7, Avg: 22368.7, Max: 22368.7, Diff: 0.0]
   [Code Root Fixup: 0.0 ms]
   [Code Root Purge: 0.0 ms]
   [Clear CT: 0.1 ms]
   [Other: 0.3 ms]
      [Choose CSet: 0.0 ms]
      [Ref Proc: 0.1 ms]
      [Ref Enq: 0.0 ms]
      [Redirty Cards: 0.0 ms]
      [Humongous Register: 0.0 ms]
      [Humongous Reclaim: 0.0 ms]
      [Free CSet: 0.1 ms]
   [Eden: 198.0M(198.0M)->0.0B(196.0M) Survivors: 18.0M->17.0M Heap: 439.8M(512.0M)->244.8M(512.0M)]
 [Times: user=0.13 sys=0.00, real=0.02 secs] 
2018-03-04T00:03:22.578+0300: 22.539: [GC pause (G1 Evacuation Pause) (young), 0.0175083 secs]
   [Parallel Time: 17.1 ms, GC Workers: 8]
      [GC Worker Start (ms): Min: 22539.4, Avg: 22539.5, Max: 22539.9, Diff: 0.6]
      [Ext Root Scanning (ms): Min: 0.0, Avg: 0.1, Max: 0.4, Diff: 0.4, Sum: 1.0]
      [Update RS (ms): Min: 3.0, Avg: 3.8, Max: 4.4, Diff: 1.4, Sum: 30.5]
         [Processed Buffers: Min: 4, Avg: 5.5, Max: 7, Diff: 3, Sum: 44]
      [Scan RS (ms): Min: 0.0, Avg: 0.0, Max: 0.1, Diff: 0.1, Sum: 0.1]
      [Code Root Scanning (ms): Min: 0.0, Avg: 0.0, Max: 0.0, Diff: 0.0, Sum: 0.0]
      [Object Copy (ms): Min: 12.4, Avg: 12.9, Max: 13.4, Diff: 0.9, Sum: 103.2]
      [Termination (ms): Min: 0.0, Avg: 0.0, Max: 0.1, Diff: 0.1, Sum: 0.4]
         [Termination Attempts: Min: 1, Avg: 376.6, Max: 463, Diff: 462, Sum: 3013]
      [GC Worker Other (ms): Min: 0.0, Avg: 0.0, Max: 0.0, Diff: 0.0, Sum: 0.2]
      [GC Worker Total (ms): Min: 16.5, Avg: 16.9, Max: 17.1, Diff: 0.6, Sum: 135.3]
      [GC Worker End (ms): Min: 22556.4, Avg: 22556.4, Max: 22556.4, Diff: 0.0]
   [Code Root Fixup: 0.0 ms]
   [Code Root Purge: 0.0 ms]
   [Clear CT: 0.1 ms]
   [Other: 0.3 ms]
      [Choose CSet: 0.0 ms]
      [Ref Proc: 0.1 ms]
      [Ref Enq: 0.0 ms]
      [Redirty Cards: 0.0 ms]
      [Humongous Register: 0.0 ms]
      [Humongous Reclaim: 0.0 ms]
      [Free CSet: 0.1 ms]
   [Eden: 196.0M(196.0M)->0.0B(192.0M) Survivors: 17.0M->17.0M Heap: 440.8M(512.0M)->249.2M(512.0M)]
 [Times: user=0.13 sys=0.00, real=0.02 secs] 
2018-03-04T00:03:23.761+0300: 23.722: [GC pause (G1 Evacuation Pause) (young) (initial-mark), 0.0176700 secs]
   [Parallel Time: 17.2 ms, GC Workers: 8]
      [GC Worker Start (ms): Min: 23722.5, Avg: 23722.5, Max: 23722.6, Diff: 0.2]
      [Ext Root Scanning (ms): Min: 0.0, Avg: 0.1, Max: 0.2, Diff: 0.2, Sum: 0.9]
      [Update RS (ms): Min: 0.0, Avg: 3.8, Max: 4.8, Diff: 4.8, Sum: 30.0]
         [Processed Buffers: Min: 0, Avg: 5.6, Max: 8, Diff: 8, Sum: 45]
      [Scan RS (ms): Min: 0.0, Avg: 0.0, Max: 0.1, Diff: 0.1, Sum: 0.1]
      [Code Root Scanning (ms): Min: 0.0, Avg: 0.0, Max: 0.0, Diff: 0.0, Sum: 0.0]
      [Object Copy (ms): Min: 12.1, Avg: 13.1, Max: 16.9, Diff: 4.8, Sum: 105.1]
      [Termination (ms): Min: 0.0, Avg: 0.1, Max: 0.1, Diff: 0.1, Sum: 0.4]
         [Termination Attempts: Min: 1, Avg: 224.8, Max: 333, Diff: 332, Sum: 1798]
      [GC Worker Other (ms): Min: 0.0, Avg: 0.0, Max: 0.0, Diff: 0.0, Sum: 0.1]
      [GC Worker Total (ms): Min: 17.0, Avg: 17.1, Max: 17.2, Diff: 0.2, Sum: 136.6]
      [GC Worker End (ms): Min: 23739.6, Avg: 23739.6, Max: 23739.6, Diff: 0.0]
   [Code Root Fixup: 0.0 ms]
   [Code Root Purge: 0.0 ms]
   [Clear CT: 0.1 ms]
   [Other: 0.4 ms]
      [Choose CSet: 0.0 ms]
      [Ref Proc: 0.1 ms]
      [Ref Enq: 0.0 ms]
      [Redirty Cards: 0.0 ms]
      [Humongous Register: 0.0 ms]
      [Humongous Reclaim: 0.0 ms]
      [Free CSet: 0.2 ms]
   [Eden: 192.0M(192.0M)->0.0B(190.0M) Survivors: 17.0M->16.0M Heap: 441.2M(512.0M)->252.2M(512.0M)]
 [Times: user=0.11 sys=0.00, real=0.02 secs] 
2018-03-04T00:03:23.778+0300: 23.740: [GC concurrent-root-region-scan-start]
2018-03-04T00:03:23.784+0300: 23.746: [GC concurrent-root-region-scan-end, 0.0057251 secs]
2018-03-04T00:03:23.784+0300: 23.746: [GC concurrent-mark-start]
2018-03-04T00:03:24.259+0300: 24.221: [GC pause (G1 Evacuation Pause) (young), 0.0150466 secs]
   [Parallel Time: 14.6 ms, GC Workers: 8]
      [GC Worker Start (ms): Min: 24220.7, Avg: 24220.7, Max: 24220.7, Diff: 0.0]
      [Ext Root Scanning (ms): Min: 0.1, Avg: 0.1, Max: 0.1, Diff: 0.0, Sum: 0.9]
      [Update RS (ms): Min: 3.0, Avg: 3.7, Max: 4.2, Diff: 1.2, Sum: 29.3]
         [Processed Buffers: Min: 4, Avg: 5.4, Max: 7, Diff: 3, Sum: 43]
      [Scan RS (ms): Min: 0.0, Avg: 0.0, Max: 0.1, Diff: 0.1, Sum: 0.1]
      [Code Root Scanning (ms): Min: 0.0, Avg: 0.0, Max: 0.0, Diff: 0.0, Sum: 0.0]
      [Object Copy (ms): Min: 10.2, Avg: 10.7, Max: 11.3, Diff: 1.1, Sum: 85.5]
      [Termination (ms): Min: 0.0, Avg: 0.0, Max: 0.0, Diff: 0.0, Sum: 0.0]
         [Termination Attempts: Min: 1, Avg: 2.3, Max: 4, Diff: 3, Sum: 18]
      [GC Worker Other (ms): Min: 0.0, Avg: 0.0, Max: 0.0, Diff: 0.0, Sum: 0.2]
      [GC Worker Total (ms): Min: 14.5, Avg: 14.5, Max: 14.5, Diff: 0.0, Sum: 116.0]
      [GC Worker End (ms): Min: 24235.2, Avg: 24235.2, Max: 24235.2, Diff: 0.0]
   [Code Root Fixup: 0.0 ms]
   [Code Root Purge: 0.0 ms]
   [Clear CT: 0.1 ms]
   [Other: 0.4 ms]
      [Choose CSet: 0.0 ms]
      [Ref Proc: 0.1 ms]
      [Ref Enq: 0.0 ms]
      [Redirty Cards: 0.0 ms]
      [Humongous Register: 0.0 ms]
      [Humongous Reclaim: 0.0 ms]
      [Free CSet: 0.1 ms]
   [Eden: 190.0M(190.0M)->0.0B(186.0M) Survivors: 16.0M->16.0M Heap: 442.2M(512.0M)->256.2M(512.0M)]
 [Times: user=0.13 sys=0.00, real=0.01 secs] 
2018-03-04T00:03:24.274+0300: 24.236: [GC concurrent-mark-reset-for-overflow]
2018-03-04T00:03:24.465+0300: 24.426: [GC concurrent-mark-end, 0.6802975 secs]
2018-03-04T00:03:24.465+0300: 24.426: [GC remark 2018-03-04T00:03:24.465+0300: 24.426: [Finalize Marking, 0.0001145 secs] 2018-03-04T00:03:24.465+0300: 24.427: [GC ref-proc, 0.0001202 secs] 2018-03-04T00:03:24.465+0300: 24.427: [Unloading, 0.0004765 secs], 0.0015766 secs]
 [Times: user=0.00 sys=0.00, real=0.00 secs] 
2018-03-04T00:03:24.466+0300: 24.428: [GC cleanup 469M->445M(512M), 0.0003119 secs]
 [Times: user=0.00 sys=0.00, real=0.00 secs] 
2018-03-04T00:03:24.467+0300: 24.428: [GC concurrent-cleanup-start]
2018-03-04T00:03:24.467+0300: 24.428: [GC concurrent-cleanup-end, 0.0000168 secs]
2018-03-04T00:03:24.489+0300: 24.450: [GC pause (G1 Evacuation Pause) (young), 0.0436095 secs]
   [Parallel Time: 43.1 ms, GC Workers: 8]
      [GC Worker Start (ms): Min: 24450.4, Avg: 24450.7, Max: 24452.8, Diff: 2.3]
      [Ext Root Scanning (ms): Min: 0.0, Avg: 0.1, Max: 0.1, Diff: 0.1, Sum: 0.7]
      [Update RS (ms): Min: 7.1, Avg: 8.5, Max: 9.3, Diff: 2.2, Sum: 67.8]
         [Processed Buffers: Min: 9, Avg: 11.4, Max: 13, Diff: 4, Sum: 91]
      [Scan RS (ms): Min: 1.2, Avg: 1.8, Max: 2.3, Diff: 1.0, Sum: 14.2]
      [Code Root Scanning (ms): Min: 0.0, Avg: 0.0, Max: 0.0, Diff: 0.0, Sum: 0.0]
      [Object Copy (ms): Min: 28.7, Avg: 31.6, Max: 32.4, Diff: 3.7, Sum: 252.4]
      [Termination (ms): Min: 0.0, Avg: 0.9, Max: 3.7, Diff: 3.7, Sum: 6.9]
         [Termination Attempts: Min: 1, Avg: 3484.8, Max: 4499, Diff: 4498, Sum: 27878]
      [GC Worker Other (ms): Min: 0.0, Avg: 0.0, Max: 0.0, Diff: 0.0, Sum: 0.1]
      [GC Worker Total (ms): Min: 40.7, Avg: 42.8, Max: 43.1, Diff: 2.3, Sum: 342.2]
      [GC Worker End (ms): Min: 24493.5, Avg: 24493.5, Max: 24493.5, Diff: 0.0]
   [Code Root Fixup: 0.0 ms]
   [Code Root Purge: 0.0 ms]
   [Clear CT: 0.1 ms]
   [Other: 0.4 ms]
      [Choose CSet: 0.0 ms]
      [Ref Proc: 0.1 ms]
      [Ref Enq: 0.0 ms]
      [Redirty Cards: 0.0 ms]
      [Humongous Register: 0.0 ms]
      [Humongous Reclaim: 0.0 ms]
      [Free CSet: 0.2 ms]
   [Eden: 186.0M(186.0M)->0.0B(9216.0K) Survivors: 16.0M->16.0M Heap: 471.6M(512.0M)->288.8M(512.0M)]
 [Times: user=0.36 sys=0.00, real=0.04 secs] 
2018-03-04T00:03:24.541+0300: 24.502: [GC pause (G1 Evacuation Pause) (mixed), 0.0461998 secs]
   [Parallel Time: 45.7 ms, GC Workers: 8]
      [GC Worker Start (ms): Min: 24502.3, Avg: 24502.3, Max: 24502.3, Diff: 0.0]
      [Ext Root Scanning (ms): Min: 0.1, Avg: 0.1, Max: 0.1, Diff: 0.0, Sum: 0.9]
      [Update RS (ms): Min: 1.0, Avg: 8.0, Max: 23.0, Diff: 22.0, Sum: 64.2]
         [Processed Buffers: Min: 2, Avg: 8.6, Max: 13, Diff: 11, Sum: 69]
      [Scan RS (ms): Min: 0.0, Avg: 4.6, Max: 5.5, Diff: 5.5, Sum: 37.0]
      [Code Root Scanning (ms): Min: 0.0, Avg: 0.0, Max: 0.0, Diff: 0.0, Sum: 0.0]
      [Object Copy (ms): Min: 22.5, Avg: 32.9, Max: 39.1, Diff: 16.5, Sum: 263.0]
      [Termination (ms): Min: 0.0, Avg: 0.0, Max: 0.0, Diff: 0.0, Sum: 0.1]
         [Termination Attempts: Min: 1, Avg: 113.1, Max: 173, Diff: 172, Sum: 905]
      [GC Worker Other (ms): Min: 0.0, Avg: 0.0, Max: 0.0, Diff: 0.0, Sum: 0.1]
      [GC Worker Total (ms): Min: 45.6, Avg: 45.7, Max: 45.7, Diff: 0.1, Sum: 365.4]
      [GC Worker End (ms): Min: 24548.0, Avg: 24548.0, Max: 24548.0, Diff: 0.0]
   [Code Root Fixup: 0.0 ms]
   [Code Root Purge: 0.0 ms]
   [Clear CT: 0.0 ms]
   [Other: 0.4 ms]
      [Choose CSet: 0.0 ms]
      [Ref Proc: 0.1 ms]
      [Ref Enq: 0.0 ms]
      [Redirty Cards: 0.1 ms]
      [Humongous Register: 0.0 ms]
      [Humongous Reclaim: 0.0 ms]
      [Free CSet: 0.2 ms]
   [Eden: 9216.0K(9216.0K)->0.0B(179.0M) Survivors: 16.0M->4096.0K Heap: 297.8M(512.0M)->275.8M(512.0M)]
 [Times: user=0.30 sys=0.01, real=0.05 secs] 
2018-03-04T00:03:24.737+0300: 24.699: [GC pause (G1 Evacuation Pause) (young), 0.0181126 secs]
   [Parallel Time: 17.7 ms, GC Workers: 8]
      [GC Worker Start (ms): Min: 24698.9, Avg: 24699.0, Max: 24699.1, Diff: 0.1]
      [Ext Root Scanning (ms): Min: 0.0, Avg: 0.1, Max: 0.1, Diff: 0.1, Sum: 0.7]
      [Update RS (ms): Min: 12.8, Avg: 13.2, Max: 13.9, Diff: 1.2, Sum: 106.0]
         [Processed Buffers: Min: 17, Avg: 17.8, Max: 18, Diff: 1, Sum: 142]
      [Scan RS (ms): Min: 0.0, Avg: 0.0, Max: 0.0, Diff: 0.0, Sum: 0.1]
      [Code Root Scanning (ms): Min: 0.0, Avg: 0.0, Max: 0.0, Diff: 0.0, Sum: 0.0]
      [Object Copy (ms): Min: 3.6, Avg: 4.3, Max: 4.7, Diff: 1.1, Sum: 34.2]
      [Termination (ms): Min: 0.0, Avg: 0.0, Max: 0.0, Diff: 0.0, Sum: 0.1]
         [Termination Attempts: Min: 1, Avg: 64.1, Max: 88, Diff: 87, Sum: 513]
      [GC Worker Other (ms): Min: 0.0, Avg: 0.0, Max: 0.0, Diff: 0.0, Sum: 0.1]
      [GC Worker Total (ms): Min: 17.5, Avg: 17.7, Max: 17.7, Diff: 0.1, Sum: 141.2]
      [GC Worker End (ms): Min: 24716.6, Avg: 24716.6, Max: 24716.6, Diff: 0.0]
   [Code Root Fixup: 0.0 ms]
   [Code Root Purge: 0.0 ms]
   [Clear CT: 0.1 ms]
   [Other: 0.3 ms]
      [Choose CSet: 0.0 ms]
      [Ref Proc: 0.1 ms]
      [Ref Enq: 0.0 ms]
      [Redirty Cards: 0.0 ms]
      [Humongous Register: 0.0 ms]
      [Humongous Reclaim: 0.0 ms]
      [Free CSet: 0.1 ms]
   [Eden: 179.0M(179.0M)->0.0B(175.0M) Survivors: 4096.0K->6144.0K Heap: 454.8M(512.0M)->277.3M(512.0M)]
 [Times: user=0.13 sys=0.00, real=0.02 secs] 
2018-03-04T00:03:24.903+0300: 24.865: [GC pause (G1 Evacuation Pause) (young) (initial-mark), 0.0072482 secs]
   [Parallel Time: 6.8 ms, GC Workers: 8]
      [GC Worker Start (ms): Min: 24865.4, Avg: 24865.5, Max: 24865.5, Diff: 0.0]
      [Ext Root Scanning (ms): Min: 0.1, Avg: 0.1, Max: 0.1, Diff: 0.0, Sum: 0.9]
      [Update RS (ms): Min: 0.9, Avg: 1.6, Max: 2.4, Diff: 1.5, Sum: 12.5]
         [Processed Buffers: Min: 1, Avg: 2.3, Max: 4, Diff: 3, Sum: 18]
      [Scan RS (ms): Min: 0.0, Avg: 0.0, Max: 0.1, Diff: 0.1, Sum: 0.1]
      [Code Root Scanning (ms): Min: 0.0, Avg: 0.0, Max: 0.0, Diff: 0.0, Sum: 0.0]
      [Object Copy (ms): Min: 4.2, Avg: 5.1, Max: 5.7, Diff: 1.4, Sum: 40.4]
      [Termination (ms): Min: 0.0, Avg: 0.0, Max: 0.0, Diff: 0.0, Sum: 0.1]
         [Termination Attempts: Min: 1, Avg: 62.4, Max: 83, Diff: 82, Sum: 499]
      [GC Worker Other (ms): Min: 0.0, Avg: 0.0, Max: 0.0, Diff: 0.0, Sum: 0.1]
      [GC Worker Total (ms): Min: 6.7, Avg: 6.8, Max: 6.8, Diff: 0.1, Sum: 54.1]
      [GC Worker End (ms): Min: 24872.2, Avg: 24872.2, Max: 24872.2, Diff: 0.0]
   [Code Root Fixup: 0.0 ms]
   [Code Root Purge: 0.0 ms]
   [Clear CT: 0.1 ms]
   [Other: 0.3 ms]
      [Choose CSet: 0.0 ms]
      [Ref Proc: 0.1 ms]
      [Ref Enq: 0.0 ms]
      [Redirty Cards: 0.1 ms]
      [Humongous Register: 0.0 ms]
      [Humongous Reclaim: 0.0 ms]
      [Free CSet: 0.1 ms]
   [Eden: 175.0M(175.0M)->0.0B(171.0M) Survivors: 6144.0K->8192.0K Heap: 452.3M(512.0M)->279.3M(512.0M)]
 [Times: user=0.11 sys=0.00, real=0.01 secs] 
2018-03-04T00:03:24.911+0300: 24.873: [GC concurrent-root-region-scan-start]
2018-03-04T00:03:24.914+0300: 24.875: [GC concurrent-root-region-scan-end, 0.0026751 secs]
2018-03-04T00:03:24.914+0300: 24.875: [GC concurrent-mark-start]
2018-03-04T00:03:25.413+0300: 25.375: [GC pause (G1 Evacuation Pause) (young), 0.0104620 secs]
   [Parallel Time: 9.9 ms, GC Workers: 8]
      [GC Worker Start (ms): Min: 25375.1, Avg: 25375.1, Max: 25375.2, Diff: 0.1]
      [Ext Root Scanning (ms): Min: 0.0, Avg: 0.1, Max: 0.1, Diff: 0.1, Sum: 0.6]
      [Update RS (ms): Min: 1.3, Avg: 2.6, Max: 8.0, Diff: 6.7, Sum: 20.6]
         [Processed Buffers: Min: 1, Avg: 2.8, Max: 4, Diff: 3, Sum: 22]
      [Scan RS (ms): Min: 0.0, Avg: 0.0, Max: 0.1, Diff: 0.1, Sum: 0.1]
      [Code Root Scanning (ms): Min: 0.0, Avg: 0.0, Max: 0.0, Diff: 0.0, Sum: 0.0]
      [Object Copy (ms): Min: 1.7, Avg: 7.1, Max: 8.3, Diff: 6.6, Sum: 56.9]
      [Termination (ms): Min: 0.0, Avg: 0.1, Max: 0.1, Diff: 0.1, Sum: 0.5]
         [Termination Attempts: Min: 1, Avg: 431.3, Max: 542, Diff: 541, Sum: 3450]
      [GC Worker Other (ms): Min: 0.0, Avg: 0.0, Max: 0.0, Diff: 0.0, Sum: 0.1]
      [GC Worker Total (ms): Min: 9.8, Avg: 9.9, Max: 9.9, Diff: 0.1, Sum: 78.8]
      [GC Worker End (ms): Min: 25385.0, Avg: 25385.0, Max: 25385.0, Diff: 0.0]
   [Code Root Fixup: 0.0 ms]
   [Code Root Purge: 0.0 ms]
   [Clear CT: 0.1 ms]
   [Other: 0.4 ms]
      [Choose CSet: 0.0 ms]
      [Ref Proc: 0.1 ms]
      [Ref Enq: 0.0 ms]
      [Redirty Cards: 0.1 ms]
      [Humongous Register: 0.0 ms]
      [Humongous Reclaim: 0.0 ms]
      [Free CSet: 0.2 ms]
   [Eden: 171.0M(171.0M)->0.0B(167.0M) Survivors: 8192.0K->10.0M Heap: 450.3M(512.0M)->281.8M(512.0M)]
 [Times: user=0.11 sys=0.00, real=0.01 secs] 
2018-03-04T00:03:25.424+0300: 25.386: [GC concurrent-mark-reset-for-overflow]
2018-03-04T00:03:25.624+0300: 25.586: [GC pause (G1 Evacuation Pause) (young), 0.0099272 secs]
   [Parallel Time: 9.5 ms, GC Workers: 8]
      [GC Worker Start (ms): Min: 25586.0, Avg: 25586.0, Max: 25586.0, Diff: 0.0]
      [Ext Root Scanning (ms): Min: 0.1, Avg: 0.1, Max: 0.1, Diff: 0.0, Sum: 0.8]
      [Update RS (ms): Min: 1.5, Avg: 2.0, Max: 2.6, Diff: 1.1, Sum: 16.0]
         [Processed Buffers: Min: 2, Avg: 3.4, Max: 6, Diff: 4, Sum: 27]
      [Scan RS (ms): Min: 0.0, Avg: 0.0, Max: 0.0, Diff: 0.0, Sum: 0.1]
      [Code Root Scanning (ms): Min: 0.0, Avg: 0.0, Max: 0.0, Diff: 0.0, Sum: 0.0]
      [Object Copy (ms): Min: 6.7, Avg: 7.3, Max: 7.7, Diff: 1.1, Sum: 58.2]
      [Termination (ms): Min: 0.0, Avg: 0.0, Max: 0.0, Diff: 0.0, Sum: 0.1]
         [Termination Attempts: Min: 1, Avg: 127.5, Max: 168, Diff: 167, Sum: 1020]
      [GC Worker Other (ms): Min: 0.0, Avg: 0.0, Max: 0.0, Diff: 0.0, Sum: 0.1]
      [GC Worker Total (ms): Min: 9.4, Avg: 9.4, Max: 9.4, Diff: 0.0, Sum: 75.4]
      [GC Worker End (ms): Min: 25595.4, Avg: 25595.4, Max: 25595.4, Diff: 0.0]
   [Code Root Fixup: 0.0 ms]
   [Code Root Purge: 0.0 ms]
   [Clear CT: 0.1 ms]
   [Other: 0.4 ms]
      [Choose CSet: 0.0 ms]
      [Ref Proc: 0.1 ms]
      [Ref Enq: 0.0 ms]
      [Redirty Cards: 0.1 ms]
      [Humongous Register: 0.0 ms]
      [Humongous Reclaim: 0.0 ms]
      [Free CSet: 0.1 ms]
   [Eden: 167.0M(167.0M)->0.0B(163.0M) Survivors: 10.0M->12.0M Heap: 448.8M(512.0M)->283.8M(512.0M)]
 [Times: user=0.00 sys=0.00, real=0.01 secs] 
2018-03-04T00:03:25.634+0300: 25.596: [GC concurrent-mark-end, 0.7205612 secs]
2018-03-04T00:03:25.634+0300: 25.596: [GC remark 2018-03-04T00:03:25.634+0300: 25.596: [Finalize Marking, 0.0000667 secs] 2018-03-04T00:03:25.634+0300: 25.596: [GC ref-proc, 0.0001436 secs] 2018-03-04T00:03:25.635+0300: 25.596: [Unloading, 0.0005243 secs], 0.0014501 secs]
 [Times: user=0.00 sys=0.00, real=0.00 secs] 
2018-03-04T00:03:25.636+0300: 25.598: [GC cleanup 284M->249M(512M), 0.0003849 secs]
 [Times: user=0.00 sys=0.00, real=0.00 secs] 
2018-03-04T00:03:25.636+0300: 25.598: [GC concurrent-cleanup-start]
2018-03-04T00:03:25.636+0300: 25.598: [GC concurrent-cleanup-end, 0.0000601 secs]
2018-03-04T00:03:25.776+0300: 25.738: [GC pause (G1 Evacuation Pause) (young), 0.0110468 secs]
   [Parallel Time: 10.6 ms, GC Workers: 8]
      [GC Worker Start (ms): Min: 25737.9, Avg: 25738.0, Max: 25738.1, Diff: 0.1]
      [Ext Root Scanning (ms): Min: 0.0, Avg: 0.1, Max: 0.1, Diff: 0.1, Sum: 0.8]
      [Update RS (ms): Min: 1.8, Avg: 2.2, Max: 2.8, Diff: 1.0, Sum: 17.7]
         [Processed Buffers: Min: 3, Avg: 3.6, Max: 5, Diff: 2, Sum: 29]
      [Scan RS (ms): Min: 0.0, Avg: 0.0, Max: 0.1, Diff: 0.1, Sum: 0.1]
      [Code Root Scanning (ms): Min: 0.0, Avg: 0.0, Max: 0.0, Diff: 0.0, Sum: 0.0]
      [Object Copy (ms): Min: 7.7, Avg: 8.2, Max: 8.6, Diff: 0.9, Sum: 65.7]
      [Termination (ms): Min: 0.0, Avg: 0.0, Max: 0.0, Diff: 0.0, Sum: 0.1]
         [Termination Attempts: Min: 1, Avg: 48.5, Max: 65, Diff: 64, Sum: 388]
      [GC Worker Other (ms): Min: 0.0, Avg: 0.0, Max: 0.0, Diff: 0.0, Sum: 0.1]
      [GC Worker Total (ms): Min: 10.5, Avg: 10.6, Max: 10.6, Diff: 0.1, Sum: 84.5]
      [GC Worker End (ms): Min: 25748.5, Avg: 25748.5, Max: 25748.5, Diff: 0.0]
   [Code Root Fixup: 0.0 ms]
   [Code Root Purge: 0.0 ms]
   [Clear CT: 0.1 ms]
   [Other: 0.3 ms]
      [Choose CSet: 0.0 ms]
      [Ref Proc: 0.1 ms]
      [Ref Enq: 0.0 ms]
      [Redirty Cards: 0.0 ms]
      [Humongous Register: 0.0 ms]
      [Humongous Reclaim: 0.0 ms]
      [Free CSet: 0.1 ms]
   [Eden: 163.0M(163.0M)->0.0B(13.0M) Survivors: 12.0M->12.0M Heap: 411.6M(512.0M)->248.6M(512.0M)]
 [Times: user=0.13 sys=0.00, real=0.01 secs] 
2018-03-04T00:03:25.798+0300: 25.760: [GC pause (G1 Evacuation Pause) (mixed), 0.0232055 secs]
   [Parallel Time: 22.8 ms, GC Workers: 8]
      [GC Worker Start (ms): Min: 25760.0, Avg: 25760.1, Max: 25760.2, Diff: 0.1]
      [Ext Root Scanning (ms): Min: 0.0, Avg: 0.1, Max: 0.1, Diff: 0.1, Sum: 0.8]
      [Update RS (ms): Min: 1.9, Avg: 2.0, Max: 2.1, Diff: 0.2, Sum: 16.2]
         [Processed Buffers: Min: 3, Avg: 3.3, Max: 4, Diff: 1, Sum: 26]
      [Scan RS (ms): Min: 2.1, Avg: 2.1, Max: 2.2, Diff: 0.2, Sum: 16.9]
      [Code Root Scanning (ms): Min: 0.0, Avg: 0.0, Max: 0.0, Diff: 0.0, Sum: 0.0]
      [Object Copy (ms): Min: 18.4, Avg: 18.5, Max: 18.5, Diff: 0.1, Sum: 147.9]
      [Termination (ms): Min: 0.0, Avg: 0.0, Max: 0.1, Diff: 0.1, Sum: 0.4]
         [Termination Attempts: Min: 1, Avg: 388.5, Max: 483, Diff: 482, Sum: 3108]
      [GC Worker Other (ms): Min: 0.0, Avg: 0.0, Max: 0.0, Diff: 0.0, Sum: 0.1]
      [GC Worker Total (ms): Min: 22.7, Avg: 22.8, Max: 22.8, Diff: 0.1, Sum: 182.2]
      [GC Worker End (ms): Min: 25782.8, Avg: 25782.8, Max: 25782.9, Diff: 0.0]
   [Code Root Fixup: 0.0 ms]
   [Code Root Purge: 0.0 ms]
   [Clear CT: 0.0 ms]
   [Other: 0.3 ms]
      [Choose CSet: 0.0 ms]
      [Ref Proc: 0.1 ms]
      [Ref Enq: 0.0 ms]
      [Redirty Cards: 0.1 ms]
      [Humongous Register: 0.0 ms]
      [Humongous Reclaim: 0.0 ms]
      [Free CSet: 0.1 ms]
   [Eden: 13.0M(13.0M)->0.0B(218.0M) Survivors: 12.0M->4096.0K Heap: 261.6M(512.0M)->237.8M(512.0M)]
 [Times: user=0.13 sys=0.00, real=0.02 secs] 
2018-03-04T00:03:27.006+0300: 26.967: [GC pause (G1 Evacuation Pause) (young), 0.0125290 secs]
   [Parallel Time: 12.1 ms, GC Workers: 8]
      [GC Worker Start (ms): Min: 26967.5, Avg: 26967.5, Max: 26967.6, Diff: 0.2]
      [Ext Root Scanning (ms): Min: 0.0, Avg: 0.1, Max: 0.1, Diff: 0.1, Sum: 0.8]
      [Update RS (ms): Min: 6.2, Avg: 6.7, Max: 7.2, Diff: 1.0, Sum: 53.8]
         [Processed Buffers: Min: 3, Avg: 8.5, Max: 10, Diff: 7, Sum: 68]
      [Scan RS (ms): Min: 0.0, Avg: 0.0, Max: 0.0, Diff: 0.0, Sum: 0.1]
      [Code Root Scanning (ms): Min: 0.0, Avg: 0.0, Max: 0.0, Diff: 0.0, Sum: 0.0]
      [Object Copy (ms): Min: 4.7, Avg: 5.1, Max: 5.7, Diff: 1.0, Sum: 40.9]
      [Termination (ms): Min: 0.0, Avg: 0.0, Max: 0.1, Diff: 0.1, Sum: 0.4]
         [Termination Attempts: Min: 1, Avg: 137.5, Max: 199, Diff: 198, Sum: 1100]
      [GC Worker Other (ms): Min: 0.0, Avg: 0.0, Max: 0.0, Diff: 0.0, Sum: 0.1]
      [GC Worker Total (ms): Min: 11.9, Avg: 12.0, Max: 12.1, Diff: 0.2, Sum: 96.0]
      [GC Worker End (ms): Min: 26979.5, Avg: 26979.5, Max: 26979.5, Diff: 0.0]
   [Code Root Fixup: 0.0 ms]
   [Code Root Purge: 0.0 ms]
   [Clear CT: 0.1 ms]
   [Other: 0.3 ms]
      [Choose CSet: 0.0 ms]
      [Ref Proc: 0.1 ms]
      [Ref Enq: 0.0 ms]
      [Redirty Cards: 0.0 ms]
      [Humongous Register: 0.0 ms]
      [Humongous Reclaim: 0.0 ms]
      [Free CSet: 0.1 ms]
   [Eden: 218.0M(218.0M)->0.0B(210.0M) Survivors: 4096.0K->8192.0K Heap: 455.8M(512.0M)->241.2M(512.0M)]
 [Times: user=0.11 sys=0.00, real=0.01 secs] 
2018-03-04T00:03:27.203+0300: 27.164: [GC pause (G1 Evacuation Pause) (young) (initial-mark), 0.0075340 secs]
   [Parallel Time: 7.2 ms, GC Workers: 8]
      [GC Worker Start (ms): Min: 27164.6, Avg: 27164.6, Max: 27164.6, Diff: 0.0]
      [Ext Root Scanning (ms): Min: 0.1, Avg: 1.0, Max: 7.1, Diff: 7.0, Sum: 8.0]
      [Update RS (ms): Min: 0.0, Avg: 1.3, Max: 1.9, Diff: 1.9, Sum: 10.8]
         [Processed Buffers: Min: 0, Avg: 2.3, Max: 3, Diff: 3, Sum: 18]
      [Scan RS (ms): Min: 0.0, Avg: 0.0, Max: 0.1, Diff: 0.1, Sum: 0.1]
      [Code Root Scanning (ms): Min: 0.0, Avg: 0.0, Max: 0.0, Diff: 0.0, Sum: 0.0]
      [Object Copy (ms): Min: 0.0, Avg: 4.7, Max: 5.8, Diff: 5.8, Sum: 37.3]
      [Termination (ms): Min: 0.0, Avg: 0.1, Max: 0.1, Diff: 0.1, Sum: 0.4]
         [Termination Attempts: Min: 1, Avg: 27.3, Max: 45, Diff: 44, Sum: 218]
      [GC Worker Other (ms): Min: 0.0, Avg: 0.0, Max: 0.0, Diff: 0.0, Sum: 0.1]
      [GC Worker Total (ms): Min: 7.1, Avg: 7.1, Max: 7.1, Diff: 0.1, Sum: 56.7]
      [GC Worker End (ms): Min: 27171.7, Avg: 27171.7, Max: 27171.7, Diff: 0.0]
   [Code Root Fixup: 0.0 ms]
   [Code Root Purge: 0.0 ms]
   [Clear CT: 0.1 ms]
   [Other: 0.3 ms]
      [Choose CSet: 0.0 ms]
      [Ref Proc: 0.1 ms]
      [Ref Enq: 0.0 ms]
      [Redirty Cards: 0.0 ms]
      [Humongous Register: 0.0 ms]
      [Humongous Reclaim: 0.0 ms]
      [Free CSet: 0.1 ms]
   [Eden: 210.0M(210.0M)->0.0B(212.0M) Survivors: 8192.0K->7168.0K Heap: 451.2M(512.0M)->240.7M(512.0M)]
 [Times: user=0.00 sys=0.00, real=0.01 secs] 
2018-03-04T00:03:27.211+0300: 27.172: [GC concurrent-root-region-scan-start]
2018-03-04T00:03:27.214+0300: 27.175: [GC concurrent-root-region-scan-end, 0.0029052 secs]
2018-03-04T00:03:27.214+0300: 27.175: [GC concurrent-mark-start]
2018-03-04T00:03:27.776+0300: 27.738: [GC pause (G1 Evacuation Pause) (young), 0.0098163 secs]
   [Parallel Time: 9.4 ms, GC Workers: 8]
      [GC Worker Start (ms): Min: 27737.7, Avg: 27737.7, Max: 27737.9, Diff: 0.2]
      [Ext Root Scanning (ms): Min: 0.0, Avg: 0.1, Max: 0.1, Diff: 0.1, Sum: 0.8]
      [Update RS (ms): Min: 1.3, Avg: 1.8, Max: 2.9, Diff: 1.6, Sum: 14.4]
         [Processed Buffers: Min: 2, Avg: 2.5, Max: 3, Diff: 1, Sum: 20]
      [Scan RS (ms): Min: 0.0, Avg: 0.0, Max: 0.1, Diff: 0.1, Sum: 0.1]
      [Code Root Scanning (ms): Min: 0.0, Avg: 0.0, Max: 0.0, Diff: 0.0, Sum: 0.0]
      [Object Copy (ms): Min: 6.3, Avg: 7.3, Max: 7.8, Diff: 1.5, Sum: 58.7]
      [Termination (ms): Min: 0.0, Avg: 0.1, Max: 0.1, Diff: 0.1, Sum: 0.6]
         [Termination Attempts: Min: 1, Avg: 320.6, Max: 397, Diff: 396, Sum: 2565]
      [GC Worker Other (ms): Min: 0.0, Avg: 0.0, Max: 0.0, Diff: 0.0, Sum: 0.1]
      [GC Worker Total (ms): Min: 9.2, Avg: 9.3, Max: 9.4, Diff: 0.1, Sum: 74.8]
      [GC Worker End (ms): Min: 27747.1, Avg: 27747.1, Max: 27747.1, Diff: 0.0]
   [Code Root Fixup: 0.0 ms]
   [Code Root Purge: 0.0 ms]
   [Clear CT: 0.1 ms]
   [Other: 0.3 ms]
      [Choose CSet: 0.0 ms]
      [Ref Proc: 0.1 ms]
      [Ref Enq: 0.0 ms]
      [Redirty Cards: 0.0 ms]
      [Humongous Register: 0.0 ms]
      [Humongous Reclaim: 0.0 ms]
      [Free CSet: 0.1 ms]
   [Eden: 212.0M(212.0M)->0.0B(204.0M) Survivors: 7168.0K->11.0M Heap: 452.7M(512.0M)->244.3M(512.0M)]
 [Times: user=0.13 sys=0.00, real=0.01 secs] 
2018-03-04T00:03:27.786+0300: 27.748: [GC concurrent-mark-reset-for-overflow]
2018-03-04T00:03:27.993+0300: 27.954: [GC pause (G1 Evacuation Pause) (young), 0.0102151 secs]
   [Parallel Time: 9.8 ms, GC Workers: 8]
      [GC Worker Start (ms): Min: 27954.5, Avg: 27954.5, Max: 27954.5, Diff: 0.0]
      [Ext Root Scanning (ms): Min: 0.1, Avg: 0.1, Max: 0.1, Diff: 0.0, Sum: 0.8]
      [Update RS (ms): Min: 1.5, Avg: 2.1, Max: 2.7, Diff: 1.1, Sum: 17.1]
         [Processed Buffers: Min: 3, Avg: 3.5, Max: 7, Diff: 4, Sum: 28]
      [Scan RS (ms): Min: 0.0, Avg: 0.0, Max: 0.1, Diff: 0.1, Sum: 0.1]
      [Code Root Scanning (ms): Min: 0.0, Avg: 0.0, Max: 0.0, Diff: 0.0, Sum: 0.0]
      [Object Copy (ms): Min: 6.9, Avg: 7.5, Max: 8.0, Diff: 1.1, Sum: 59.7]
      [Termination (ms): Min: 0.0, Avg: 0.0, Max: 0.0, Diff: 0.0, Sum: 0.1]
         [Termination Attempts: Min: 1, Avg: 51.4, Max: 71, Diff: 70, Sum: 411]
      [GC Worker Other (ms): Min: 0.0, Avg: 0.0, Max: 0.0, Diff: 0.0, Sum: 0.1]
      [GC Worker Total (ms): Min: 9.7, Avg: 9.7, Max: 9.8, Diff: 0.0, Sum: 77.9]
      [GC Worker End (ms): Min: 27964.2, Avg: 27964.2, Max: 27964.2, Diff: 0.0]
   [Code Root Fixup: 0.0 ms]
   [Code Root Purge: 0.0 ms]
   [Clear CT: 0.1 ms]
   [Other: 0.3 ms]
      [Choose CSet: 0.0 ms]
      [Ref Proc: 0.1 ms]
      [Ref Enq: 0.0 ms]
      [Redirty Cards: 0.0 ms]
      [Humongous Register: 0.0 ms]
      [Humongous Reclaim: 0.0 ms]
      [Free CSet: 0.1 ms]
   [Eden: 204.0M(204.0M)->0.0B(202.0M) Survivors: 11.0M->12.0M Heap: 448.3M(512.0M)->245.8M(512.0M)]
 [Times: user=0.13 sys=0.00, real=0.01 secs] 
2018-03-04T00:03:28.003+0300: 27.965: [GC concurrent-mark-end, 0.7899158 secs]
2018-03-04T00:03:28.003+0300: 27.965: [GC remark 2018-03-04T00:03:28.003+0300: 27.965: [Finalize Marking, 0.0000745 secs] 2018-03-04T00:03:28.004+0300: 27.965: [GC ref-proc, 0.0001421 secs] 2018-03-04T00:03:28.004+0300: 27.965: [Unloading, 0.0004303 secs], 0.0014101 secs]
 [Times: user=0.00 sys=0.00, real=0.00 secs] 
2018-03-04T00:03:28.005+0300: 27.967: [GC cleanup 246M->246M(512M), 0.0003675 secs]
 [Times: user=0.00 sys=0.00, real=0.00 secs] 
2018-03-04T00:03:28.178+0300: 28.140: [GC pause (G1 Evacuation Pause) (young), 0.0136122 secs]
   [Parallel Time: 13.3 ms, GC Workers: 8]
      [GC Worker Start (ms): Min: 28140.2, Avg: 28140.2, Max: 28140.3, Diff: 0.1]
      [Ext Root Scanning (ms): Min: 0.0, Avg: 0.1, Max: 0.1, Diff: 0.1, Sum: 0.8]
      [Update RS (ms): Min: 2.2, Avg: 2.8, Max: 3.4, Diff: 1.2, Sum: 22.1]
         [Processed Buffers: Min: 0, Avg: 3.8, Max: 5, Diff: 5, Sum: 30]
      [Scan RS (ms): Min: 0.0, Avg: 0.0, Max: 0.1, Diff: 0.1, Sum: 0.1]
      [Code Root Scanning (ms): Min: 0.0, Avg: 0.0, Max: 0.0, Diff: 0.0, Sum: 0.0]
      [Object Copy (ms): Min: 9.6, Avg: 10.3, Max: 10.8, Diff: 1.1, Sum: 82.1]
      [Termination (ms): Min: 0.0, Avg: 0.0, Max: 0.0, Diff: 0.0, Sum: 0.1]
         [Termination Attempts: Min: 1, Avg: 128.3, Max: 163, Diff: 162, Sum: 1026]
      [GC Worker Other (ms): Min: 0.0, Avg: 0.0, Max: 0.0, Diff: 0.0, Sum: 0.1]
      [GC Worker Total (ms): Min: 13.1, Avg: 13.2, Max: 13.2, Diff: 0.1, Sum: 105.5]
      [GC Worker End (ms): Min: 28153.4, Avg: 28153.4, Max: 28153.4, Diff: 0.0]
   [Code Root Fixup: 0.0 ms]
   [Code Root Purge: 0.0 ms]
   [Clear CT: 0.1 ms]
   [Other: 0.3 ms]
      [Choose CSet: 0.0 ms]
      [Ref Proc: 0.1 ms]
      [Ref Enq: 0.0 ms]
      [Redirty Cards: 0.0 ms]
      [Humongous Register: 0.0 ms]
      [Humongous Reclaim: 0.0 ms]
      [Free CSet: 0.1 ms]
   [Eden: 202.0M(202.0M)->0.0B(11.0M) Survivors: 12.0M->14.0M Heap: 447.8M(512.0M)->247.8M(512.0M)]
 [Times: user=0.11 sys=0.00, real=0.01 secs] 
2018-03-04T00:03:28.203+0300: 28.164: [GC pause (G1 Evacuation Pause) (mixed), 0.0117538 secs]
   [Parallel Time: 11.4 ms, GC Workers: 8]
      [GC Worker Start (ms): Min: 28164.3, Avg: 28164.3, Max: 28164.4, Diff: 0.1]
      [Ext Root Scanning (ms): Min: 0.0, Avg: 0.1, Max: 0.2, Diff: 0.2, Sum: 0.8]
      [Update RS (ms): Min: 2.1, Avg: 2.3, Max: 2.8, Diff: 0.7, Sum: 18.8]
         [Processed Buffers: Min: 3, Avg: 3.6, Max: 4, Diff: 1, Sum: 29]
      [Scan RS (ms): Min: 0.0, Avg: 0.1, Max: 0.1, Diff: 0.1, Sum: 0.5]
      [Code Root Scanning (ms): Min: 0.0, Avg: 0.0, Max: 0.0, Diff: 0.0, Sum: 0.0]
      [Object Copy (ms): Min: 8.5, Avg: 8.8, Max: 9.1, Diff: 0.6, Sum: 70.7]
      [Termination (ms): Min: 0.0, Avg: 0.0, Max: 0.0, Diff: 0.0, Sum: 0.1]
         [Termination Attempts: Min: 1, Avg: 83.8, Max: 122, Diff: 121, Sum: 670]
      [GC Worker Other (ms): Min: 0.0, Avg: 0.0, Max: 0.0, Diff: 0.0, Sum: 0.1]
      [GC Worker Total (ms): Min: 11.3, Avg: 11.4, Max: 11.4, Diff: 0.1, Sum: 90.9]
      [GC Worker End (ms): Min: 28175.7, Avg: 28175.7, Max: 28175.7, Diff: 0.0]
   [Code Root Fixup: 0.0 ms]
   [Code Root Purge: 0.0 ms]
   [Clear CT: 0.1 ms]
   [Other: 0.3 ms]
      [Choose CSet: 0.0 ms]
      [Ref Proc: 0.1 ms]
      [Ref Enq: 0.0 ms]
      [Redirty Cards: 0.1 ms]
      [Humongous Register: 0.0 ms]
      [Humongous Reclaim: 0.0 ms]
      [Free CSet: 0.0 ms]
   [Eden: 11.0M(11.0M)->0.0B(210.0M) Survivors: 14.0M->1024.0K Heap: 258.8M(512.0M)->246.5M(512.0M)]
 [Times: user=0.00 sys=0.00, real=0.01 secs] 
2018-03-04T00:03:28.393+0300: 28.355: [GC pause (G1 Evacuation Pause) (young), 0.0067966 secs]
   [Parallel Time: 6.4 ms, GC Workers: 8]
      [GC Worker Start (ms): Min: 28355.2, Avg: 28355.3, Max: 28355.3, Diff: 0.1]
      [Ext Root Scanning (ms): Min: 0.1, Avg: 0.1, Max: 0.2, Diff: 0.1, Sum: 0.9]
      [Update RS (ms): Min: 2.5, Avg: 3.1, Max: 3.7, Diff: 1.2, Sum: 24.6]
         [Processed Buffers: Min: 4, Avg: 4.6, Max: 5, Diff: 1, Sum: 37]
      [Scan RS (ms): Min: 0.0, Avg: 0.0, Max: 0.0, Diff: 0.0, Sum: 0.1]
      [Code Root Scanning (ms): Min: 0.0, Avg: 0.0, Max: 0.0, Diff: 0.0, Sum: 0.0]
      [Object Copy (ms): Min: 2.5, Avg: 3.0, Max: 3.6, Diff: 1.1, Sum: 24.3]
      [Termination (ms): Min: 0.0, Avg: 0.0, Max: 0.1, Diff: 0.1, Sum: 0.3]
         [Termination Attempts: Min: 1, Avg: 30.4, Max: 39, Diff: 38, Sum: 243]
      [GC Worker Other (ms): Min: 0.0, Avg: 0.0, Max: 0.0, Diff: 0.0, Sum: 0.1]
      [GC Worker Total (ms): Min: 6.3, Avg: 6.3, Max: 6.4, Diff: 0.1, Sum: 50.3]
      [GC Worker End (ms): Min: 28361.6, Avg: 28361.6, Max: 28361.6, Diff: 0.0]
   [Code Root Fixup: 0.0 ms]
   [Code Root Purge: 0.0 ms]
   [Clear CT: 0.1 ms]
   [Other: 0.3 ms]
      [Choose CSet: 0.0 ms]
      [Ref Proc: 0.0 ms]
      [Ref Enq: 0.0 ms]
      [Redirty Cards: 0.0 ms]
      [Humongous Register: 0.0 ms]
      [Humongous Reclaim: 0.0 ms]
      [Free CSet: 0.1 ms]
   [Eden: 210.0M(210.0M)->0.0B(204.0M) Survivors: 1024.0K->5120.0K Heap: 456.5M(512.0M)->250.2M(512.0M)]
 [Times: user=0.00 sys=0.00, real=0.01 secs] 
2018-03-04T00:03:28.573+0300: 28.535: [GC pause (G1 Evacuation Pause) (young) (initial-mark), 0.0069357 secs]
   [Parallel Time: 6.4 ms, GC Workers: 8]
      [GC Worker Start (ms): Min: 28535.2, Avg: 28535.2, Max: 28535.3, Diff: 0.1]
      [Ext Root Scanning (ms): Min: 0.1, Avg: 0.1, Max: 0.2, Diff: 0.1, Sum: 1.0]
      [Update RS (ms): Min: 0.5, Avg: 1.0, Max: 1.6, Diff: 1.1, Sum: 8.1]
         [Processed Buffers: Min: 1, Avg: 1.6, Max: 2, Diff: 1, Sum: 13]
      [Scan RS (ms): Min: 0.0, Avg: 0.0, Max: 0.1, Diff: 0.1, Sum: 0.1]
      [Code Root Scanning (ms): Min: 0.0, Avg: 0.0, Max: 0.0, Diff: 0.0, Sum: 0.0]
      [Object Copy (ms): Min: 4.5, Avg: 5.1, Max: 5.6, Diff: 1.1, Sum: 40.6]
      [Termination (ms): Min: 0.0, Avg: 0.0, Max: 0.0, Diff: 0.0, Sum: 0.3]
         [Termination Attempts: Min: 1, Avg: 97.5, Max: 121, Diff: 120, Sum: 780]
      [GC Worker Other (ms): Min: 0.0, Avg: 0.0, Max: 0.0, Diff: 0.0, Sum: 0.1]
      [GC Worker Total (ms): Min: 6.2, Avg: 6.3, Max: 6.3, Diff: 0.1, Sum: 50.2]
      [GC Worker End (ms): Min: 28541.5, Avg: 28541.5, Max: 28541.5, Diff: 0.0]
   [Code Root Fixup: 0.0 ms]
   [Code Root Purge: 0.0 ms]
   [Clear CT: 0.1 ms]
   [Other: 0.4 ms]
      [Choose CSet: 0.0 ms]
      [Ref Proc: 0.1 ms]
      [Ref Enq: 0.0 ms]
      [Redirty Cards: 0.1 ms]
      [Humongous Register: 0.0 ms]
      [Humongous Reclaim: 0.0 ms]
      [Free CSet: 0.2 ms]
   [Eden: 204.0M(204.0M)->0.0B(200.0M) Survivors: 5120.0K->7168.0K Heap: 454.2M(512.0M)->252.4M(512.0M)]
 [Times: user=0.11 sys=0.00, real=0.01 secs] 
2018-03-04T00:03:28.581+0300: 28.542: [GC concurrent-root-region-scan-start]
2018-03-04T00:03:28.583+0300: 28.544: [GC concurrent-root-region-scan-end, 0.0020534 secs]
2018-03-04T00:03:28.583+0300: 28.544: [GC concurrent-mark-start]
2018-03-04T00:03:29.158+0300: 29.120: [GC pause (G1 Evacuation Pause) (young), 0.0078302 secs]
   [Parallel Time: 7.5 ms, GC Workers: 8]
      [GC Worker Start (ms): Min: 29119.6, Avg: 29119.6, Max: 29119.7, Diff: 0.1]
      [Ext Root Scanning (ms): Min: 0.0, Avg: 0.1, Max: 0.2, Diff: 0.1, Sum: 0.9]
      [Update RS (ms): Min: 0.8, Avg: 1.4, Max: 1.9, Diff: 1.1, Sum: 11.2]
         [Processed Buffers: Min: 2, Avg: 2.5, Max: 5, Diff: 3, Sum: 20]
      [Scan RS (ms): Min: 0.0, Avg: 0.0, Max: 0.1, Diff: 0.1, Sum: 0.1]
      [Code Root Scanning (ms): Min: 0.0, Avg: 0.0, Max: 0.0, Diff: 0.0, Sum: 0.0]
      [Object Copy (ms): Min: 5.3, Avg: 5.8, Max: 6.4, Diff: 1.1, Sum: 46.8]
      [Termination (ms): Min: 0.0, Avg: 0.0, Max: 0.0, Diff: 0.0, Sum: 0.2]
         [Termination Attempts: Min: 1, Avg: 159.8, Max: 212, Diff: 211, Sum: 1278]
      [GC Worker Other (ms): Min: 0.0, Avg: 0.0, Max: 0.0, Diff: 0.0, Sum: 0.1]
      [GC Worker Total (ms): Min: 7.3, Avg: 7.4, Max: 7.4, Diff: 0.1, Sum: 59.3]
      [GC Worker End (ms): Min: 29127.0, Avg: 29127.0, Max: 29127.0, Diff: 0.0]
   [Code Root Fixup: 0.0 ms]
   [Code Root Purge: 0.0 ms]
   [Clear CT: 0.1 ms]
   [Other: 0.3 ms]
      [Choose CSet: 0.0 ms]
      [Ref Proc: 0.1 ms]
      [Ref Enq: 0.0 ms]
      [Redirty Cards: 0.0 ms]
      [Humongous Register: 0.0 ms]
      [Humongous Reclaim: 0.0 ms]
      [Free CSet: 0.1 ms]
   [Eden: 200.0M(200.0M)->0.0B(198.0M) Survivors: 7168.0K->8192.0K Heap: 452.4M(512.0M)->253.5M(512.0M)]
 [Times: user=0.00 sys=0.00, real=0.01 secs] 
2018-03-04T00:03:29.166+0300: 29.128: [GC concurrent-mark-reset-for-overflow]
2018-03-04T00:03:29.383+0300: 29.344: [GC concurrent-mark-end, 0.7996805 secs]
2018-03-04T00:03:29.383+0300: 29.344: [GC remark 2018-03-04T00:03:29.383+0300: 29.344: [Finalize Marking, 0.0000760 secs] 2018-03-04T00:03:29.383+0300: 29.344: [GC ref-proc, 0.0001340 secs] 2018-03-04T00:03:29.383+0300: 29.344: [Unloading, 0.0004801 secs], 0.0014050 secs]
 [Times: user=0.00 sys=0.00, real=0.00 secs] 
2018-03-04T00:03:29.384+0300: 29.346: [GC cleanup 316M->316M(512M), 0.0003275 secs]
 [Times: user=0.00 sys=0.00, real=0.00 secs] 
2018-03-04T00:03:30.345+0300: 30.307: [GC pause (G1 Evacuation Pause) (young), 0.0100327 secs]
   [Parallel Time: 9.6 ms, GC Workers: 8]
      [GC Worker Start (ms): Min: 30307.0, Avg: 30307.1, Max: 30307.2, Diff: 0.2]
      [Ext Root Scanning (ms): Min: 0.0, Avg: 0.1, Max: 0.2, Diff: 0.2, Sum: 0.7]
      [Update RS (ms): Min: 1.4, Avg: 2.2, Max: 2.7, Diff: 1.3, Sum: 17.2]
         [Processed Buffers: Min: 1, Avg: 2.6, Max: 4, Diff: 3, Sum: 21]
      [Scan RS (ms): Min: 0.0, Avg: 0.0, Max: 0.1, Diff: 0.1, Sum: 0.1]
      [Code Root Scanning (ms): Min: 0.0, Avg: 0.0, Max: 0.0, Diff: 0.0, Sum: 0.0]
      [Object Copy (ms): Min: 6.7, Avg: 7.2, Max: 7.9, Diff: 1.2, Sum: 57.5]
      [Termination (ms): Min: 0.0, Avg: 0.0, Max: 0.0, Diff: 0.0, Sum: 0.2]
         [Termination Attempts: Min: 1, Avg: 162.4, Max: 209, Diff: 208, Sum: 1299]
      [GC Worker Other (ms): Min: 0.0, Avg: 0.0, Max: 0.0, Diff: 0.0, Sum: 0.1]
      [GC Worker Total (ms): Min: 9.4, Avg: 9.5, Max: 9.6, Diff: 0.2, Sum: 75.9]
      [GC Worker End (ms): Min: 30316.5, Avg: 30316.5, Max: 30316.6, Diff: 0.0]
   [Code Root Fixup: 0.0 ms]
   [Code Root Purge: 0.0 ms]
   [Clear CT: 0.1 ms]
   [Other: 0.3 ms]
      [Choose CSet: 0.0 ms]
      [Ref Proc: 0.1 ms]
      [Ref Enq: 0.0 ms]
      [Redirty Cards: 0.0 ms]
      [Humongous Register: 0.0 ms]
      [Humongous Reclaim: 0.0 ms]
      [Free CSet: 0.1 ms]
   [Eden: 198.0M(198.0M)->0.0B(192.0M) Survivors: 8192.0K->11.0M Heap: 451.5M(512.0M)->256.0M(512.0M)]
 [Times: user=0.00 sys=0.00, real=0.01 secs] 
2018-03-04T00:03:30.523+0300: 30.485: [GC pause (G1 Evacuation Pause) (young), 0.0146560 secs]
   [Parallel Time: 14.2 ms, GC Workers: 8]
      [GC Worker Start (ms): Min: 30485.1, Avg: 30485.2, Max: 30485.2, Diff: 0.1]
      [Ext Root Scanning (ms): Min: 0.0, Avg: 0.1, Max: 0.2, Diff: 0.1, Sum: 0.8]
      [Update RS (ms): Min: 1.5, Avg: 2.1, Max: 2.8, Diff: 1.2, Sum: 17.0]
         [Processed Buffers: Min: 3, Avg: 3.3, Max: 4, Diff: 1, Sum: 26]
      [Scan RS (ms): Min: 0.0, Avg: 0.0, Max: 0.1, Diff: 0.1, Sum: 0.1]
      [Code Root Scanning (ms): Min: 0.0, Avg: 0.0, Max: 0.0, Diff: 0.0, Sum: 0.0]
      [Object Copy (ms): Min: 11.1, Avg: 11.7, Max: 12.4, Diff: 1.3, Sum: 93.8]
      [Termination (ms): Min: 0.0, Avg: 0.1, Max: 0.2, Diff: 0.2, Sum: 0.9]
         [Termination Attempts: Min: 1, Avg: 814.8, Max: 1071, Diff: 1070, Sum: 6518]
      [GC Worker Other (ms): Min: 0.0, Avg: 0.0, Max: 0.0, Diff: 0.0, Sum: 0.1]
      [GC Worker Total (ms): Min: 14.0, Avg: 14.1, Max: 14.2, Diff: 0.1, Sum: 112.7]
      [GC Worker End (ms): Min: 30499.3, Avg: 30499.3, Max: 30499.3, Diff: 0.0]
   [Code Root Fixup: 0.0 ms]
   [Code Root Purge: 0.0 ms]
   [Clear CT: 0.1 ms]
   [Other: 0.4 ms]
      [Choose CSet: 0.0 ms]
      [Ref Proc: 0.1 ms]
      [Ref Enq: 0.0 ms]
      [Redirty Cards: 0.0 ms]
      [Humongous Register: 0.0 ms]
      [Humongous Reclaim: 0.0 ms]
      [Free CSet: 0.2 ms]
   [Eden: 192.0M(192.0M)->0.0B(190.0M) Survivors: 11.0M->12.0M Heap: 448.0M(512.0M)->257.0M(512.0M)]
 [Times: user=0.11 sys=0.00, real=0.02 secs] 
2018-03-04T00:03:30.708+0300: 30.670: [GC pause (G1 Evacuation Pause) (young) (initial-mark), 0.0127303 secs]
   [Parallel Time: 12.3 ms, GC Workers: 8]
      [GC Worker Start (ms): Min: 30669.9, Avg: 30669.9, Max: 30670.0, Diff: 0.1]
      [Ext Root Scanning (ms): Min: 0.0, Avg: 0.4, Max: 1.5, Diff: 1.5, Sum: 3.4]
      [Update RS (ms): Min: 0.7, Avg: 2.5, Max: 3.4, Diff: 2.6, Sum: 19.7]
         [Processed Buffers: Min: 2, Avg: 3.4, Max: 4, Diff: 2, Sum: 27]
      [Scan RS (ms): Min: 0.0, Avg: 0.0, Max: 0.0, Diff: 0.0, Sum: 0.1]
      [Code Root Scanning (ms): Min: 0.0, Avg: 0.0, Max: 0.0, Diff: 0.0, Sum: 0.0]
      [Object Copy (ms): Min: 8.8, Avg: 9.3, Max: 9.8, Diff: 1.1, Sum: 74.7]
      [Termination (ms): Min: 0.0, Avg: 0.0, Max: 0.0, Diff: 0.0, Sum: 0.0]
         [Termination Attempts: Min: 1, Avg: 1.0, Max: 1, Diff: 0, Sum: 8]
      [GC Worker Other (ms): Min: 0.0, Avg: 0.0, Max: 0.0, Diff: 0.0, Sum: 0.1]
      [GC Worker Total (ms): Min: 12.1, Avg: 12.3, Max: 12.3, Diff: 0.2, Sum: 98.0]
      [GC Worker End (ms): Min: 30682.1, Avg: 30682.1, Max: 30682.2, Diff: 0.0]
   [Code Root Fixup: 0.0 ms]
   [Code Root Purge: 0.0 ms]
   [Clear CT: 0.1 ms]
   [Other: 0.3 ms]
      [Choose CSet: 0.0 ms]
      [Ref Proc: 0.1 ms]
      [Ref Enq: 0.0 ms]
      [Redirty Cards: 0.0 ms]
      [Humongous Register: 0.0 ms]
      [Humongous Reclaim: 0.0 ms]
      [Free CSet: 0.1 ms]
   [Eden: 190.0M(190.0M)->0.0B(184.0M) Survivors: 12.0M->15.0M Heap: 447.0M(512.0M)->260.5M(512.0M)]
 [Times: user=0.13 sys=0.00, real=0.01 secs] 
2018-03-04T00:03:30.721+0300: 30.683: [GC concurrent-root-region-scan-start]
2018-03-04T00:03:30.726+0300: 30.687: [GC concurrent-root-region-scan-end, 0.0046044 secs]
2018-03-04T00:03:30.726+0300: 30.687: [GC concurrent-mark-start]
2018-03-04T00:03:31.297+0300: 31.259: [GC pause (G1 Evacuation Pause) (young), 0.0135364 secs]
   [Parallel Time: 13.1 ms, GC Workers: 8]
      [GC Worker Start (ms): Min: 31259.2, Avg: 31259.3, Max: 31259.4, Diff: 0.1]
      [Ext Root Scanning (ms): Min: 0.0, Avg: 0.1, Max: 0.1, Diff: 0.1, Sum: 0.8]
      [Update RS (ms): Min: 2.3, Avg: 2.8, Max: 3.4, Diff: 1.1, Sum: 22.6]
         [Processed Buffers: Min: 3, Avg: 4.4, Max: 6, Diff: 3, Sum: 35]
      [Scan RS (ms): Min: 0.0, Avg: 0.0, Max: 0.0, Diff: 0.0, Sum: 0.1]
      [Code Root Scanning (ms): Min: 0.0, Avg: 0.0, Max: 0.0, Diff: 0.0, Sum: 0.0]
      [Object Copy (ms): Min: 9.5, Avg: 10.1, Max: 10.6, Diff: 1.1, Sum: 80.9]
      [Termination (ms): Min: 0.0, Avg: 0.0, Max: 0.0, Diff: 0.0, Sum: 0.1]
         [Termination Attempts: Min: 1, Avg: 85.3, Max: 116, Diff: 115, Sum: 682]
      [GC Worker Other (ms): Min: 0.0, Avg: 0.0, Max: 0.0, Diff: 0.0, Sum: 0.1]
      [GC Worker Total (ms): Min: 13.0, Avg: 13.1, Max: 13.1, Diff: 0.2, Sum: 104.6]
      [GC Worker End (ms): Min: 31272.3, Avg: 31272.3, Max: 31272.3, Diff: 0.0]
   [Code Root Fixup: 0.0 ms]
   [Code Root Purge: 0.0 ms]
   [Clear CT: 0.1 ms]
   [Other: 0.3 ms]
      [Choose CSet: 0.0 ms]
      [Ref Proc: 0.1 ms]
      [Ref Enq: 0.0 ms]
      [Redirty Cards: 0.0 ms]
      [Humongous Register: 0.0 ms]
      [Humongous Reclaim: 0.0 ms]
      [Free CSet: 0.1 ms]
   [Eden: 184.0M(184.0M)->0.0B(182.0M) Survivors: 15.0M->16.0M Heap: 444.5M(512.0M)->261.5M(512.0M)]
 [Times: user=0.13 sys=0.00, real=0.01 secs] 
2018-03-04T00:03:31.311+0300: 31.273: [GC concurrent-mark-reset-for-overflow]
2018-03-04T00:03:31.542+0300: 31.504: [GC pause (G1 Evacuation Pause) (young), 0.0183091 secs]
   [Parallel Time: 17.9 ms, GC Workers: 8]
      [GC Worker Start (ms): Min: 31503.6, Avg: 31506.5, Max: 31521.5, Diff: 17.8]
      [Ext Root Scanning (ms): Min: 0.0, Avg: 0.1, Max: 0.1, Diff: 0.1, Sum: 0.6]
      [Update RS (ms): Min: 0.0, Avg: 3.1, Max: 4.6, Diff: 4.6, Sum: 25.0]
         [Processed Buffers: Min: 0, Avg: 4.8, Max: 7, Diff: 7, Sum: 38]
      [Scan RS (ms): Min: 0.0, Avg: 0.0, Max: 0.1, Diff: 0.1, Sum: 0.1]
      [Code Root Scanning (ms): Min: 0.0, Avg: 0.0, Max: 0.0, Diff: 0.0, Sum: 0.0]
      [Object Copy (ms): Min: 0.0, Avg: 11.7, Max: 14.2, Diff: 14.2, Sum: 93.9]
      [Termination (ms): Min: 0.0, Avg: 0.1, Max: 0.1, Diff: 0.1, Sum: 0.7]
         [Termination Attempts: Min: 1, Avg: 61.3, Max: 94, Diff: 93, Sum: 490]
      [GC Worker Other (ms): Min: 0.0, Avg: 0.0, Max: 0.0, Diff: 0.0, Sum: 0.1]
      [GC Worker Total (ms): Min: 0.0, Avg: 15.1, Max: 17.9, Diff: 17.9, Sum: 120.4]
      [GC Worker End (ms): Min: 31521.5, Avg: 31521.5, Max: 31521.5, Diff: 0.0]
   [Code Root Fixup: 0.0 ms]
   [Code Root Purge: 0.0 ms]
   [Clear CT: 0.1 ms]
   [Other: 0.3 ms]
      [Choose CSet: 0.0 ms]
      [Ref Proc: 0.1 ms]
      [Ref Enq: 0.0 ms]
      [Redirty Cards: 0.0 ms]
      [Humongous Register: 0.0 ms]
      [Humongous Reclaim: 0.0 ms]
      [Free CSet: 0.1 ms]
   [Eden: 182.0M(182.0M)->0.0B(182.0M) Survivors: 16.0M->15.0M Heap: 443.5M(512.0M)->262.8M(512.0M)]
 [Times: user=0.09 sys=0.00, real=0.02 secs] 
2018-03-04T00:03:31.561+0300: 31.522: [GC concurrent-mark-end, 0.8349505 secs]
2018-03-04T00:03:31.561+0300: 31.523: [GC remark 2018-03-04T00:03:31.561+0300: 31.523: [Finalize Marking, 0.0000826 secs] 2018-03-04T00:03:31.562+0300: 31.523: [GC ref-proc, 0.0001466 secs] 2018-03-04T00:03:31.562+0300: 31.523: [Unloading, 0.0004381 secs], 0.0014299 secs]
 [Times: user=0.00 sys=0.00, real=0.00 secs] 
2018-03-04T00:03:31.563+0300: 31.524: [GC cleanup 263M->263M(512M), 0.0003347 secs]
 [Times: user=0.00 sys=0.00, real=0.00 secs] 
2018-03-04T00:03:31.715+0300: 31.677: [GC pause (G1 Evacuation Pause) (young), 0.0149225 secs]
   [Parallel Time: 14.5 ms, GC Workers: 8]
      [GC Worker Start (ms): Min: 31676.7, Avg: 31676.7, Max: 31676.7, Diff: 0.0]
      [Ext Root Scanning (ms): Min: 0.1, Avg: 0.1, Max: 0.1, Diff: 0.0, Sum: 0.9]
      [Update RS (ms): Min: 3.2, Avg: 3.9, Max: 4.3, Diff: 1.2, Sum: 31.0]
         [Processed Buffers: Min: 3, Avg: 5.1, Max: 7, Diff: 4, Sum: 41]
      [Scan RS (ms): Min: 0.0, Avg: 0.0, Max: 0.1, Diff: 0.1, Sum: 0.1]
      [Code Root Scanning (ms): Min: 0.0, Avg: 0.0, Max: 0.0, Diff: 0.0, Sum: 0.0]
      [Object Copy (ms): Min: 10.0, Avg: 10.4, Max: 11.1, Diff: 1.1, Sum: 83.5]
      [Termination (ms): Min: 0.0, Avg: 0.0, Max: 0.0, Diff: 0.0, Sum: 0.0]
         [Termination Attempts: Min: 1, Avg: 37.4, Max: 49, Diff: 48, Sum: 299]
      [GC Worker Other (ms): Min: 0.0, Avg: 0.0, Max: 0.0, Diff: 0.0, Sum: 0.1]
      [GC Worker Total (ms): Min: 14.4, Avg: 14.5, Max: 14.5, Diff: 0.0, Sum: 115.7]
      [GC Worker End (ms): Min: 31691.2, Avg: 31691.2, Max: 31691.2, Diff: 0.0]
   [Code Root Fixup: 0.0 ms]
   [Code Root Purge: 0.0 ms]
   [Clear CT: 0.1 ms]
   [Other: 0.3 ms]
      [Choose CSet: 0.0 ms]
      [Ref Proc: 0.1 ms]
      [Ref Enq: 0.0 ms]
      [Redirty Cards: 0.0 ms]
      [Humongous Register: 0.0 ms]
      [Humongous Reclaim: 0.0 ms]
      [Free CSet: 0.1 ms]
   [Eden: 182.0M(182.0M)->0.0B(178.0M) Survivors: 15.0M->15.0M Heap: 444.8M(512.0M)->266.4M(512.0M)]
 [Times: user=0.13 sys=0.00, real=0.02 secs] 
2018-03-04T00:03:31.878+0300: 31.840: [GC pause (G1 Evacuation Pause) (young), 0.0144721 secs]
   [Parallel Time: 14.1 ms, GC Workers: 8]
      [GC Worker Start (ms): Min: 31839.8, Avg: 31839.8, Max: 31839.9, Diff: 0.1]
      [Ext Root Scanning (ms): Min: 0.0, Avg: 0.1, Max: 0.1, Diff: 0.1, Sum: 0.8]
      [Update RS (ms): Min: 3.0, Avg: 3.4, Max: 4.0, Diff: 1.1, Sum: 27.3]
         [Processed Buffers: Min: 4, Avg: 4.9, Max: 6, Diff: 2, Sum: 39]
      [Scan RS (ms): Min: 0.0, Avg: 0.0, Max: 0.1, Diff: 0.1, Sum: 0.2]
      [Code Root Scanning (ms): Min: 0.0, Avg: 0.0, Max: 0.0, Diff: 0.0, Sum: 0.0]
      [Object Copy (ms): Min: 9.8, Avg: 10.4, Max: 10.8, Diff: 1.0, Sum: 83.5]
      [Termination (ms): Min: 0.0, Avg: 0.0, Max: 0.0, Diff: 0.0, Sum: 0.1]
         [Termination Attempts: Min: 1, Avg: 56.9, Max: 80, Diff: 79, Sum: 455]
      [GC Worker Other (ms): Min: 0.0, Avg: 0.0, Max: 0.0, Diff: 0.0, Sum: 0.1]
      [GC Worker Total (ms): Min: 13.9, Avg: 14.0, Max: 14.0, Diff: 0.1, Sum: 112.0]
      [GC Worker End (ms): Min: 31853.8, Avg: 31853.8, Max: 31853.8, Diff: 0.0]
   [Code Root Fixup: 0.0 ms]
   [Code Root Purge: 0.0 ms]
   [Clear CT: 0.1 ms]
   [Other: 0.3 ms]
      [Choose CSet: 0.0 ms]
      [Ref Proc: 0.1 ms]
      [Ref Enq: 0.0 ms]
      [Redirty Cards: 0.0 ms]
      [Humongous Register: 0.0 ms]
      [Humongous Reclaim: 0.0 ms]
      [Free CSet: 0.1 ms]
   [Eden: 178.0M(178.0M)->0.0B(173.0M) Survivors: 15.0M->16.0M Heap: 444.4M(512.0M)->270.0M(512.0M)]
 [Times: user=0.13 sys=0.00, real=0.01 secs] 
2018-03-04T00:03:32.039+0300: 32.000: [GC pause (G1 Evacuation Pause) (young) (initial-mark), 0.0141587 secs]
   [Parallel Time: 13.7 ms, GC Workers: 8]
      [GC Worker Start (ms): Min: 32000.4, Avg: 32000.4, Max: 32000.5, Diff: 0.1]
      [Ext Root Scanning (ms): Min: 0.1, Avg: 0.1, Max: 0.1, Diff: 0.0, Sum: 1.0]
      [Update RS (ms): Min: 2.9, Avg: 3.3, Max: 3.9, Diff: 1.1, Sum: 26.6]
         [Processed Buffers: Min: 4, Avg: 4.9, Max: 6, Diff: 2, Sum: 39]
      [Scan RS (ms): Min: 0.0, Avg: 0.0, Max: 0.0, Diff: 0.0, Sum: 0.1]
      [Code Root Scanning (ms): Min: 0.0, Avg: 0.0, Max: 0.0, Diff: 0.0, Sum: 0.0]
      [Object Copy (ms): Min: 9.5, Avg: 10.1, Max: 10.5, Diff: 1.0, Sum: 81.1]
      [Termination (ms): Min: 0.0, Avg: 0.0, Max: 0.0, Diff: 0.0, Sum: 0.1]
         [Termination Attempts: Min: 1, Avg: 84.4, Max: 122, Diff: 121, Sum: 675]
      [GC Worker Other (ms): Min: 0.0, Avg: 0.0, Max: 0.0, Diff: 0.0, Sum: 0.2]
      [GC Worker Total (ms): Min: 13.6, Avg: 13.6, Max: 13.7, Diff: 0.1, Sum: 109.1]
      [GC Worker End (ms): Min: 32014.1, Avg: 32014.1, Max: 32014.1, Diff: 0.0]
   [Code Root Fixup: 0.0 ms]
   [Code Root Purge: 0.0 ms]
   [Clear CT: 0.1 ms]
   [Other: 0.4 ms]
      [Choose CSet: 0.0 ms]
      [Ref Proc: 0.1 ms]
      [Ref Enq: 0.0 ms]
      [Redirty Cards: 0.0 ms]
      [Humongous Register: 0.0 ms]
      [Humongous Reclaim: 0.0 ms]
      [Free CSet: 0.2 ms]
   [Eden: 173.0M(173.0M)->0.0B(170.0M) Survivors: 16.0M->16.0M Heap: 443.0M(512.0M)->272.8M(512.0M)]
 [Times: user=0.13 sys=0.00, real=0.01 secs] 
2018-03-04T00:03:32.053+0300: 32.015: [GC concurrent-root-region-scan-start]
2018-03-04T00:03:32.058+0300: 32.020: [GC concurrent-root-region-scan-end, 0.0054096 secs]
2018-03-04T00:03:32.058+0300: 32.020: [GC concurrent-mark-start]
2018-03-04T00:03:32.782+0300: 32.744: [GC concurrent-mark-end, 0.7237456 secs]
2018-03-04T00:03:32.782+0300: 32.744: [GC remark 2018-03-04T00:03:32.782+0300: 32.744: [Finalize Marking, 0.0000751 secs] 2018-03-04T00:03:32.782+0300: 32.744: [GC ref-proc, 0.0001866 secs] 2018-03-04T00:03:32.783+0300: 32.744: [Unloading, 0.0004856 secs], 0.0015153 secs]
 [Times: user=0.00 sys=0.00, real=0.00 secs] 
2018-03-04T00:03:32.784+0300: 32.746: [GC cleanup 383M->383M(512M), 0.0003654 secs]
 [Times: user=0.00 sys=0.00, real=0.00 secs] 
2018-03-04T00:03:33.216+0300: 33.178: [GC pause (G1 Evacuation Pause) (young), 0.0147071 secs]
   [Parallel Time: 14.2 ms, GC Workers: 8]
      [GC Worker Start (ms): Min: 33178.0, Avg: 33178.0, Max: 33178.2, Diff: 0.2]
      [Ext Root Scanning (ms): Min: 0.0, Avg: 0.1, Max: 0.2, Diff: 0.2, Sum: 0.9]
      [Update RS (ms): Min: 3.0, Avg: 3.5, Max: 4.1, Diff: 1.1, Sum: 28.0]
         [Processed Buffers: Min: 4, Avg: 4.6, Max: 5, Diff: 1, Sum: 37]
      [Scan RS (ms): Min: 0.0, Avg: 0.0, Max: 0.1, Diff: 0.1, Sum: 0.1]
      [Code Root Scanning (ms): Min: 0.0, Avg: 0.0, Max: 0.0, Diff: 0.0, Sum: 0.0]
      [Object Copy (ms): Min: 9.9, Avg: 10.5, Max: 10.9, Diff: 1.0, Sum: 83.7]
      [Termination (ms): Min: 0.0, Avg: 0.0, Max: 0.0, Diff: 0.0, Sum: 0.1]
         [Termination Attempts: Min: 1, Avg: 122.0, Max: 156, Diff: 155, Sum: 976]
      [GC Worker Other (ms): Min: 0.0, Avg: 0.0, Max: 0.0, Diff: 0.0, Sum: 0.1]
      [GC Worker Total (ms): Min: 14.0, Avg: 14.1, Max: 14.2, Diff: 0.2, Sum: 113.0]
      [GC Worker End (ms): Min: 33192.2, Avg: 33192.2, Max: 33192.2, Diff: 0.0]
   [Code Root Fixup: 0.0 ms]
   [Code Root Purge: 0.0 ms]
   [Clear CT: 0.1 ms]
   [Other: 0.4 ms]
      [Choose CSet: 0.0 ms]
      [Ref Proc: 0.1 ms]
      [Ref Enq: 0.0 ms]
      [Redirty Cards: 0.1 ms]
      [Humongous Register: 0.0 ms]
      [Humongous Reclaim: 0.0 ms]
      [Free CSet: 0.2 ms]
   [Eden: 170.0M(170.0M)->0.0B(10.0M) Survivors: 16.0M->15.0M Heap: 442.8M(512.0M)->275.1M(512.0M)]
 [Times: user=0.13 sys=0.00, real=0.01 secs] 
2018-03-04T00:03:33.240+0300: 33.202: [GC pause (G1 Evacuation Pause) (mixed), 0.0152254 secs]
   [Parallel Time: 14.9 ms, GC Workers: 8]
      [GC Worker Start (ms): Min: 33201.6, Avg: 33201.7, Max: 33202.2, Diff: 0.5]
      [Ext Root Scanning (ms): Min: 0.0, Avg: 0.1, Max: 0.1, Diff: 0.1, Sum: 0.7]
      [Update RS (ms): Min: 2.5, Avg: 2.8, Max: 3.1, Diff: 0.6, Sum: 22.2]
         [Processed Buffers: Min: 4, Avg: 4.3, Max: 5, Diff: 1, Sum: 34]
      [Scan RS (ms): Min: 0.2, Avg: 0.4, Max: 0.6, Diff: 0.5, Sum: 3.3]
      [Code Root Scanning (ms): Min: 0.0, Avg: 0.0, Max: 0.0, Diff: 0.0, Sum: 0.0]
      [Object Copy (ms): Min: 11.4, Avg: 11.4, Max: 11.4, Diff: 0.0, Sum: 91.4]
      [Termination (ms): Min: 0.0, Avg: 0.0, Max: 0.0, Diff: 0.0, Sum: 0.2]
         [Termination Attempts: Min: 1, Avg: 182.3, Max: 249, Diff: 248, Sum: 1458]
      [GC Worker Other (ms): Min: 0.0, Avg: 0.0, Max: 0.0, Diff: 0.0, Sum: 0.1]
      [GC Worker Total (ms): Min: 14.3, Avg: 14.7, Max: 14.8, Diff: 0.5, Sum: 117.9]
      [GC Worker End (ms): Min: 33216.5, Avg: 33216.5, Max: 33216.5, Diff: 0.0]
   [Code Root Fixup: 0.0 ms]
   [Code Root Purge: 0.0 ms]
   [Clear CT: 0.0 ms]
   [Other: 0.3 ms]
      [Choose CSet: 0.0 ms]
      [Ref Proc: 0.1 ms]
      [Ref Enq: 0.0 ms]
      [Redirty Cards: 0.0 ms]
      [Humongous Register: 0.0 ms]
      [Humongous Reclaim: 0.0 ms]
      [Free CSet: 0.1 ms]
   [Eden: 10.0M(10.0M)->0.0B(181.0M) Survivors: 15.0M->4096.0K Heap: 285.1M(512.0M)->274.4M(512.0M)]
 [Times: user=0.13 sys=0.00, real=0.02 secs] 
2018-03-04T00:03:33.412+0300: 33.374: [GC pause (G1 Evacuation Pause) (young), 0.0087476 secs]
   [Parallel Time: 8.2 ms, GC Workers: 8]
      [GC Worker Start (ms): Min: 33374.4, Avg: 33374.4, Max: 33374.4, Diff: 0.1]
      [Ext Root Scanning (ms): Min: 0.1, Avg: 0.1, Max: 0.1, Diff: 0.1, Sum: 0.9]
      [Update RS (ms): Min: 3.3, Avg: 3.9, Max: 4.5, Diff: 1.2, Sum: 31.0]
         [Processed Buffers: Min: 5, Avg: 5.6, Max: 7, Diff: 2, Sum: 45]
      [Scan RS (ms): Min: 0.0, Avg: 0.0, Max: 0.1, Diff: 0.1, Sum: 0.1]
      [Code Root Scanning (ms): Min: 0.0, Avg: 0.0, Max: 0.0, Diff: 0.0, Sum: 0.0]
      [Object Copy (ms): Min: 3.5, Avg: 4.1, Max: 4.6, Diff: 1.1, Sum: 32.5]
      [Termination (ms): Min: 0.0, Avg: 0.0, Max: 0.0, Diff: 0.0, Sum: 0.0]
         [Termination Attempts: Min: 1, Avg: 11.3, Max: 17, Diff: 16, Sum: 90]
      [GC Worker Other (ms): Min: 0.0, Avg: 0.0, Max: 0.0, Diff: 0.0, Sum: 0.1]
      [GC Worker Total (ms): Min: 8.1, Avg: 8.1, Max: 8.1, Diff: 0.1, Sum: 64.7]
      [GC Worker End (ms): Min: 33382.5, Avg: 33382.5, Max: 33382.5, Diff: 0.0]
   [Code Root Fixup: 0.0 ms]
   [Code Root Purge: 0.0 ms]
   [Clear CT: 0.1 ms]
   [Other: 0.5 ms]
      [Choose CSet: 0.0 ms]
      [Ref Proc: 0.1 ms]
      [Ref Enq: 0.0 ms]
      [Redirty Cards: 0.3 ms]
      [Humongous Register: 0.0 ms]
      [Humongous Reclaim: 0.0 ms]
      [Free CSet: 0.1 ms]
   [Eden: 181.0M(181.0M)->0.0B(177.0M) Survivors: 4096.0K->6144.0K Heap: 455.4M(512.0M)->275.9M(512.0M)]
 [Times: user=0.13 sys=0.00, real=0.01 secs] 
2018-03-04T00:03:33.576+0300: 33.538: [GC pause (G1 Evacuation Pause) (young) (initial-mark), 0.0072326 secs]
   [Parallel Time: 6.8 ms, GC Workers: 8]
      [GC Worker Start (ms): Min: 33538.0, Avg: 33538.1, Max: 33538.2, Diff: 0.2]
      [Ext Root Scanning (ms): Min: 0.0, Avg: 0.2, Max: 1.1, Diff: 1.1, Sum: 1.9]
      [Update RS (ms): Min: 0.0, Avg: 1.2, Max: 1.9, Diff: 1.9, Sum: 10.0]
         [Processed Buffers: Min: 0, Avg: 2.0, Max: 5, Diff: 5, Sum: 16]
      [Scan RS (ms): Min: 0.0, Avg: 0.0, Max: 0.1, Diff: 0.1, Sum: 0.1]
      [Code Root Scanning (ms): Min: 0.0, Avg: 0.0, Max: 0.0, Diff: 0.0, Sum: 0.0]
      [Object Copy (ms): Min: 4.6, Avg: 5.2, Max: 5.7, Diff: 1.1, Sum: 41.6]
      [Termination (ms): Min: 0.0, Avg: 0.0, Max: 0.0, Diff: 0.0, Sum: 0.1]
         [Termination Attempts: Min: 1, Avg: 56.0, Max: 73, Diff: 72, Sum: 448]
      [GC Worker Other (ms): Min: 0.0, Avg: 0.0, Max: 0.0, Diff: 0.0, Sum: 0.2]
      [GC Worker Total (ms): Min: 6.6, Avg: 6.7, Max: 6.8, Diff: 0.2, Sum: 53.8]
      [GC Worker End (ms): Min: 33544.8, Avg: 33544.8, Max: 33544.8, Diff: 0.0]
   [Code Root Fixup: 0.0 ms]
   [Code Root Purge: 0.0 ms]
   [Clear CT: 0.1 ms]
   [Other: 0.3 ms]
      [Choose CSet: 0.0 ms]
      [Ref Proc: 0.0 ms]
      [Ref Enq: 0.0 ms]
      [Redirty Cards: 0.0 ms]
      [Humongous Register: 0.0 ms]
      [Humongous Reclaim: 0.0 ms]
      [Free CSet: 0.2 ms]
   [Eden: 177.0M(177.0M)->0.0B(173.0M) Survivors: 6144.0K->8192.0K Heap: 452.9M(512.0M)->277.9M(512.0M)]
 [Times: user=0.00 sys=0.00, real=0.01 secs] 
2018-03-04T00:03:33.584+0300: 33.545: [GC concurrent-root-region-scan-start]
2018-03-04T00:03:33.586+0300: 33.548: [GC concurrent-root-region-scan-end, 0.0023235 secs]
2018-03-04T00:03:33.586+0300: 33.548: [GC concurrent-mark-start]
2018-03-04T00:03:34.242+0300: 34.204: [GC pause (G1 Evacuation Pause) (young), 0.0076409 secs]
   [Parallel Time: 7.3 ms, GC Workers: 8]
      [GC Worker Start (ms): Min: 34204.0, Avg: 34204.1, Max: 34204.2, Diff: 0.2]
      [Ext Root Scanning (ms): Min: 0.0, Avg: 0.1, Max: 0.2, Diff: 0.2, Sum: 0.9]
      [Update RS (ms): Min: 1.0, Avg: 1.5, Max: 2.1, Diff: 1.1, Sum: 12.3]
         [Processed Buffers: Min: 2, Avg: 2.5, Max: 3, Diff: 1, Sum: 20]
      [Scan RS (ms): Min: 0.0, Avg: 0.0, Max: 0.1, Diff: 0.0, Sum: 0.1]
      [Code Root Scanning (ms): Min: 0.0, Avg: 0.0, Max: 0.0, Diff: 0.0, Sum: 0.0]
      [Object Copy (ms): Min: 4.9, Avg: 5.4, Max: 5.9, Diff: 1.0, Sum: 43.5]
      [Termination (ms): Min: 0.0, Avg: 0.0, Max: 0.0, Diff: 0.0, Sum: 0.0]
         [Termination Attempts: Min: 1, Avg: 45.3, Max: 60, Diff: 59, Sum: 362]
      [GC Worker Other (ms): Min: 0.0, Avg: 0.0, Max: 0.0, Diff: 0.0, Sum: 0.2]
      [GC Worker Total (ms): Min: 7.0, Avg: 7.1, Max: 7.2, Diff: 0.2, Sum: 57.1]
      [GC Worker End (ms): Min: 34211.2, Avg: 34211.2, Max: 34211.3, Diff: 0.0]
   [Code Root Fixup: 0.0 ms]
   [Code Root Purge: 0.0 ms]
   [Clear CT: 0.1 ms]
   [Other: 0.3 ms]
      [Choose CSet: 0.0 ms]
      [Ref Proc: 0.1 ms]
      [Ref Enq: 0.0 ms]
      [Redirty Cards: 0.1 ms]
      [Humongous Register: 0.0 ms]
      [Humongous Reclaim: 0.0 ms]
      [Free CSet: 0.1 ms]
   [Eden: 173.0M(173.0M)->0.0B(173.0M) Survivors: 8192.0K->8192.0K Heap: 450.9M(512.0M)->278.4M(512.0M)]
 [Times: user=0.11 sys=0.00, real=0.01 secs] 
2018-03-04T00:03:34.250+0300: 34.212: [GC concurrent-mark-reset-for-overflow]
2018-03-04T00:03:34.424+0300: 34.386: [GC pause (G1 Evacuation Pause) (young), 0.0097043 secs]
   [Parallel Time: 9.3 ms, GC Workers: 8]
      [GC Worker Start (ms): Min: 34386.1, Avg: 34386.1, Max: 34386.1, Diff: 0.0]
      [Ext Root Scanning (ms): Min: 0.1, Avg: 0.1, Max: 0.1, Diff: 0.0, Sum: 0.9]
      [Update RS (ms): Min: 1.4, Avg: 1.9, Max: 2.5, Diff: 1.1, Sum: 15.5]
         [Processed Buffers: Min: 1, Avg: 2.6, Max: 3, Diff: 2, Sum: 21]
      [Scan RS (ms): Min: 0.0, Avg: 0.0, Max: 0.1, Diff: 0.1, Sum: 0.1]
      [Code Root Scanning (ms): Min: 0.0, Avg: 0.0, Max: 0.0, Diff: 0.0, Sum: 0.0]
      [Object Copy (ms): Min: 6.6, Avg: 7.1, Max: 7.6, Diff: 1.0, Sum: 56.9]
      [Termination (ms): Min: 0.0, Avg: 0.0, Max: 0.0, Diff: 0.0, Sum: 0.1]
         [Termination Attempts: Min: 1, Avg: 74.6, Max: 95, Diff: 94, Sum: 597]
      [GC Worker Other (ms): Min: 0.0, Avg: 0.0, Max: 0.0, Diff: 0.0, Sum: 0.2]
      [GC Worker Total (ms): Min: 9.2, Avg: 9.2, Max: 9.2, Diff: 0.0, Sum: 73.6]
      [GC Worker End (ms): Min: 34395.3, Avg: 34395.3, Max: 34395.3, Diff: 0.0]
   [Code Root Fixup: 0.0 ms]
   [Code Root Purge: 0.0 ms]
   [Clear CT: 0.1 ms]
   [Other: 0.4 ms]
      [Choose CSet: 0.0 ms]
      [Ref Proc: 0.1 ms]
      [Ref Enq: 0.0 ms]
      [Redirty Cards: 0.1 ms]
      [Humongous Register: 0.0 ms]
      [Humongous Reclaim: 0.0 ms]
      [Free CSet: 0.2 ms]
   [Eden: 173.0M(173.0M)->0.0B(165.0M) Survivors: 8192.0K->12.0M Heap: 451.4M(512.0M)->281.9M(512.0M)]
 [Times: user=0.00 sys=0.00, real=0.01 secs] 
2018-03-04T00:03:34.523+0300: 34.485: [GC concurrent-mark-end, 0.9370995 secs]
2018-03-04T00:03:34.523+0300: 34.485: [GC remark 2018-03-04T00:03:34.523+0300: 34.485: [Finalize Marking, 0.0000826 secs] 2018-03-04T00:03:34.523+0300: 34.485: [GC ref-proc, 0.0001205 secs] 2018-03-04T00:03:34.523+0300: 34.485: [Unloading, 0.0005027 secs], 0.0014212 secs]
 [Times: user=0.00 sys=0.00, real=0.00 secs] 
2018-03-04T00:03:34.525+0300: 34.487: [GC cleanup 368M->368M(512M), 0.0003678 secs]
 [Times: user=0.00 sys=0.00, real=0.00 secs] 
2018-03-04T00:03:34.590+0300: 34.552: [GC pause (G1 Evacuation Pause) (young), 0.0106703 secs]
   [Parallel Time: 10.3 ms, GC Workers: 8]
      [GC Worker Start (ms): Min: 34551.6, Avg: 34551.7, Max: 34551.8, Diff: 0.1]
      [Ext Root Scanning (ms): Min: 0.0, Avg: 0.1, Max: 0.1, Diff: 0.1, Sum: 0.8]
      [Update RS (ms): Min: 1.8, Avg: 2.7, Max: 5.3, Diff: 3.5, Sum: 21.8]
         [Processed Buffers: Min: 1, Avg: 3.5, Max: 5, Diff: 4, Sum: 28]
      [Scan RS (ms): Min: 0.0, Avg: 0.0, Max: 0.1, Diff: 0.1, Sum: 0.1]
      [Code Root Scanning (ms): Min: 0.0, Avg: 0.0, Max: 0.0, Diff: 0.0, Sum: 0.0]
      [Object Copy (ms): Min: 4.8, Avg: 7.3, Max: 8.2, Diff: 3.4, Sum: 58.7]
      [Termination (ms): Min: 0.0, Avg: 0.0, Max: 0.0, Diff: 0.0, Sum: 0.0]
         [Termination Attempts: Min: 1, Avg: 25.5, Max: 35, Diff: 34, Sum: 204]
      [GC Worker Other (ms): Min: 0.0, Avg: 0.0, Max: 0.0, Diff: 0.0, Sum: 0.1]
      [GC Worker Total (ms): Min: 10.1, Avg: 10.2, Max: 10.2, Diff: 0.1, Sum: 81.5]
      [GC Worker End (ms): Min: 34561.9, Avg: 34561.9, Max: 34561.9, Diff: 0.0]
   [Code Root Fixup: 0.0 ms]
   [Code Root Purge: 0.0 ms]
   [Clear CT: 0.1 ms]
   [Other: 0.3 ms]
      [Choose CSet: 0.0 ms]
      [Ref Proc: 0.1 ms]
      [Ref Enq: 0.0 ms]
      [Redirty Cards: 0.0 ms]
      [Humongous Register: 0.0 ms]
      [Humongous Reclaim: 0.0 ms]
      [Free CSet: 0.1 ms]
   [Eden: 165.0M(165.0M)->0.0B(13.0M) Survivors: 12.0M->12.0M Heap: 446.9M(512.0M)->281.9M(512.0M)]
 [Times: user=0.11 sys=0.00, real=0.01 secs] 
2018-03-04T00:03:34.612+0300: 34.573: [GC pause (G1 Evacuation Pause) (mixed), 0.0117883 secs]
   [Parallel Time: 11.5 ms, GC Workers: 8]
      [GC Worker Start (ms): Min: 34573.2, Avg: 34573.2, Max: 34573.2, Diff: 0.0]
      [Ext Root Scanning (ms): Min: 0.1, Avg: 0.1, Max: 0.1, Diff: 0.0, Sum: 0.8]
      [Update RS (ms): Min: 1.7, Avg: 2.0, Max: 2.2, Diff: 0.5, Sum: 16.4]
         [Processed Buffers: Min: 3, Avg: 3.1, Max: 4, Diff: 1, Sum: 25]
      [Scan RS (ms): Min: 0.0, Avg: 0.2, Max: 0.5, Diff: 0.5, Sum: 1.4]
      [Code Root Scanning (ms): Min: 0.0, Avg: 0.0, Max: 0.0, Diff: 0.0, Sum: 0.0]
      [Object Copy (ms): Min: 9.0, Avg: 9.0, Max: 9.1, Diff: 0.0, Sum: 72.3]
      [Termination (ms): Min: 0.0, Avg: 0.0, Max: 0.0, Diff: 0.0, Sum: 0.3]
         [Termination Attempts: Min: 1, Avg: 248.0, Max: 311, Diff: 310, Sum: 1984]
      [GC Worker Other (ms): Min: 0.0, Avg: 0.0, Max: 0.0, Diff: 0.0, Sum: 0.1]
      [GC Worker Total (ms): Min: 11.4, Avg: 11.4, Max: 11.4, Diff: 0.0, Sum: 91.2]
      [GC Worker End (ms): Min: 34584.6, Avg: 34584.6, Max: 34584.6, Diff: 0.0]
   [Code Root Fixup: 0.0 ms]
   [Code Root Purge: 0.0 ms]
   [Clear CT: 0.0 ms]
   [Other: 0.3 ms]
      [Choose CSet: 0.0 ms]
      [Ref Proc: 0.1 ms]
      [Ref Enq: 0.0 ms]
      [Redirty Cards: 0.0 ms]
      [Humongous Register: 0.0 ms]
      [Humongous Reclaim: 0.0 ms]
      [Free CSet: 0.0 ms]
   [Eden: 13.0M(13.0M)->0.0B(174.0M) Survivors: 12.0M->4096.0K Heap: 294.9M(512.0M)->281.4M(512.0M)]
 [Times: user=0.13 sys=0.00, real=0.01 secs] 
2018-03-04T00:03:34.767+0300: 34.729: [GC pause (G1 Evacuation Pause) (young), 0.0069102 secs]
   [Parallel Time: 6.6 ms, GC Workers: 8]
      [GC Worker Start (ms): Min: 34728.7, Avg: 34728.8, Max: 34728.9, Diff: 0.1]
      [Ext Root Scanning (ms): Min: 0.0, Avg: 0.1, Max: 0.1, Diff: 0.1, Sum: 0.8]
      [Update RS (ms): Min: 2.5, Avg: 3.1, Max: 3.6, Diff: 1.1, Sum: 24.9]
         [Processed Buffers: Min: 3, Avg: 4.4, Max: 5, Diff: 2, Sum: 35]
      [Scan RS (ms): Min: 0.0, Avg: 0.0, Max: 0.1, Diff: 0.1, Sum: 0.1]
      [Code Root Scanning (ms): Min: 0.0, Avg: 0.0, Max: 0.0, Diff: 0.0, Sum: 0.0]
      [Object Copy (ms): Min: 2.7, Avg: 3.3, Max: 3.8, Diff: 1.0, Sum: 26.0]
      [Termination (ms): Min: 0.0, Avg: 0.0, Max: 0.0, Diff: 0.0, Sum: 0.0]
         [Termination Attempts: Min: 1, Avg: 13.0, Max: 20, Diff: 19, Sum: 104]
      [GC Worker Other (ms): Min: 0.0, Avg: 0.0, Max: 0.0, Diff: 0.0, Sum: 0.1]
      [GC Worker Total (ms): Min: 6.4, Avg: 6.5, Max: 6.5, Diff: 0.1, Sum: 51.9]
      [GC Worker End (ms): Min: 34735.2, Avg: 34735.2, Max: 34735.3, Diff: 0.0]
   [Code Root Fixup: 0.0 ms]
   [Code Root Purge: 0.0 ms]
   [Clear CT: 0.1 ms]
   [Other: 0.3 ms]
      [Choose CSet: 0.0 ms]
      [Ref Proc: 0.1 ms]
      [Ref Enq: 0.0 ms]
      [Redirty Cards: 0.0 ms]
      [Humongous Register: 0.0 ms]
      [Humongous Reclaim: 0.0 ms]
      [Free CSet: 0.1 ms]
   [Eden: 174.0M(174.0M)->0.0B(166.0M) Survivors: 4096.0K->8192.0K Heap: 455.4M(512.0M)->284.8M(512.0M)]
 [Times: user=0.00 sys=0.00, real=0.01 secs] 
2018-03-04T00:03:34.914+0300: 34.876: [GC pause (G1 Evacuation Pause) (young) (initial-mark), 0.0068345 secs]
   [Parallel Time: 6.3 ms, GC Workers: 8]
      [GC Worker Start (ms): Min: 34876.3, Avg: 34876.3, Max: 34876.4, Diff: 0.1]
      [Ext Root Scanning (ms): Min: 0.1, Avg: 0.1, Max: 0.2, Diff: 0.1, Sum: 1.2]
      [Update RS (ms): Min: 0.7, Avg: 1.2, Max: 1.8, Diff: 1.1, Sum: 9.2]
         [Processed Buffers: Min: 1, Avg: 1.9, Max: 3, Diff: 2, Sum: 15]
      [Scan RS (ms): Min: 0.0, Avg: 0.0, Max: 0.1, Diff: 0.1, Sum: 0.1]
      [Code Root Scanning (ms): Min: 0.0, Avg: 0.0, Max: 0.0, Diff: 0.0, Sum: 0.0]
      [Object Copy (ms): Min: 4.3, Avg: 4.9, Max: 5.3, Diff: 1.0, Sum: 39.0]
      [Termination (ms): Min: 0.0, Avg: 0.0, Max: 0.0, Diff: 0.0, Sum: 0.0]
         [Termination Attempts: Min: 1, Avg: 27.4, Max: 41, Diff: 40, Sum: 219]
      [GC Worker Other (ms): Min: 0.0, Avg: 0.0, Max: 0.0, Diff: 0.0, Sum: 0.1]
      [GC Worker Total (ms): Min: 6.2, Avg: 6.2, Max: 6.2, Diff: 0.1, Sum: 49.7]
      [GC Worker End (ms): Min: 34882.5, Avg: 34882.6, Max: 34882.6, Diff: 0.0]
   [Code Root Fixup: 0.0 ms]
   [Code Root Purge: 0.0 ms]
   [Clear CT: 0.1 ms]
   [Other: 0.4 ms]
      [Choose CSet: 0.0 ms]
      [Ref Proc: 0.1 ms]
      [Ref Enq: 0.0 ms]
      [Redirty Cards: 0.1 ms]
      [Humongous Register: 0.0 ms]
      [Humongous Reclaim: 0.0 ms]
      [Free CSet: 0.2 ms]
   [Eden: 166.0M(166.0M)->0.0B(166.0M) Survivors: 8192.0K->8192.0K Heap: 450.8M(512.0M)->285.2M(512.0M)]
 [Times: user=0.13 sys=0.00, real=0.01 secs] 
2018-03-04T00:03:34.921+0300: 34.883: [GC concurrent-root-region-scan-start]
2018-03-04T00:03:34.924+0300: 34.886: [GC concurrent-root-region-scan-end, 0.0026640 secs]
2018-03-04T00:03:34.924+0300: 34.886: [GC concurrent-mark-start]
2018-03-04T00:03:35.602+0300: 35.564: [GC pause (G1 Evacuation Pause) (young), 0.0079083 secs]
   [Parallel Time: 7.5 ms, GC Workers: 8]
      [GC Worker Start (ms): Min: 35563.7, Avg: 35563.8, Max: 35563.9, Diff: 0.2]
      [Ext Root Scanning (ms): Min: 0.0, Avg: 0.1, Max: 0.2, Diff: 0.2, Sum: 0.9]
      [Update RS (ms): Min: 1.0, Avg: 1.5, Max: 2.1, Diff: 1.1, Sum: 11.9]
         [Processed Buffers: Min: 2, Avg: 2.6, Max: 3, Diff: 1, Sum: 21]
      [Scan RS (ms): Min: 0.0, Avg: 0.0, Max: 0.0, Diff: 0.0, Sum: 0.1]
      [Code Root Scanning (ms): Min: 0.0, Avg: 0.0, Max: 0.0, Diff: 0.0, Sum: 0.0]
      [Object Copy (ms): Min: 5.1, Avg: 5.7, Max: 6.2, Diff: 1.0, Sum: 46.0]
      [Termination (ms): Min: 0.0, Avg: 0.0, Max: 0.0, Diff: 0.0, Sum: 0.0]
         [Termination Attempts: Min: 1, Avg: 13.4, Max: 21, Diff: 20, Sum: 107]
      [GC Worker Other (ms): Min: 0.0, Avg: 0.0, Max: 0.1, Diff: 0.1, Sum: 0.2]
      [GC Worker Total (ms): Min: 7.3, Avg: 7.4, Max: 7.5, Diff: 0.2, Sum: 59.1]
      [GC Worker End (ms): Min: 35571.1, Avg: 35571.1, Max: 35571.2, Diff: 0.0]
   [Code Root Fixup: 0.0 ms]
   [Code Root Purge: 0.0 ms]
   [Clear CT: 0.1 ms]
   [Other: 0.3 ms]
      [Choose CSet: 0.0 ms]
      [Ref Proc: 0.1 ms]
      [Ref Enq: 0.0 ms]
      [Redirty Cards: 0.1 ms]
      [Humongous Register: 0.0 ms]
      [Humongous Reclaim: 0.0 ms]
      [Free CSet: 0.1 ms]
   [Eden: 166.0M(166.0M)->0.0B(166.0M) Survivors: 8192.0K->8192.0K Heap: 451.2M(512.0M)->285.4M(512.0M)]
 [Times: user=0.09 sys=0.00, real=0.01 secs] 
2018-03-04T00:03:35.610+0300: 35.572: [GC concurrent-mark-reset-for-overflow]
2018-03-04T00:03:35.877+0300: 35.838: [GC concurrent-mark-end, 0.9522473 secs]
2018-03-04T00:03:35.877+0300: 35.838: [GC remark 2018-03-04T00:03:35.877+0300: 35.838: [Finalize Marking, 0.0000898 secs] 2018-03-04T00:03:35.877+0300: 35.838: [GC ref-proc, 0.0001611 secs] 2018-03-04T00:03:35.877+0300: 35.839: [Unloading, 0.0005048 secs], 0.0015826 secs]
 [Times: user=0.00 sys=0.00, real=0.00 secs] 
2018-03-04T00:03:35.878+0300: 35.840: [GC cleanup 354M->354M(512M), 0.0003359 secs]
 [Times: user=0.00 sys=0.00, real=0.00 secs] 
2018-03-04T00:03:36.765+0300: 36.726: [GC pause (G1 Evacuation Pause) (young), 0.0094723 secs]
   [Parallel Time: 9.1 ms, GC Workers: 8]
      [GC Worker Start (ms): Min: 36726.4, Avg: 36726.5, Max: 36726.6, Diff: 0.1]
      [Ext Root Scanning (ms): Min: 0.0, Avg: 0.1, Max: 0.1, Diff: 0.1, Sum: 0.8]
      [Update RS (ms): Min: 1.4, Avg: 2.9, Max: 8.9, Diff: 7.5, Sum: 23.1]
         [Processed Buffers: Min: 0, Avg: 2.6, Max: 3, Diff: 3, Sum: 21]
      [Scan RS (ms): Min: 0.0, Avg: 0.0, Max: 0.1, Diff: 0.1, Sum: 0.1]
      [Code Root Scanning (ms): Min: 0.0, Avg: 0.0, Max: 0.0, Diff: 0.0, Sum: 0.0]
      [Object Copy (ms): Min: 0.0, Avg: 6.0, Max: 7.4, Diff: 7.4, Sum: 47.9]
      [Termination (ms): Min: 0.0, Avg: 0.0, Max: 0.1, Diff: 0.1, Sum: 0.4]
         [Termination Attempts: Min: 1, Avg: 1.0, Max: 1, Diff: 0, Sum: 8]
      [GC Worker Other (ms): Min: 0.0, Avg: 0.0, Max: 0.0, Diff: 0.0, Sum: 0.1]
      [GC Worker Total (ms): Min: 8.9, Avg: 9.0, Max: 9.1, Diff: 0.1, Sum: 72.4]
      [GC Worker End (ms): Min: 36735.5, Avg: 36735.5, Max: 36735.5, Diff: 0.0]
   [Code Root Fixup: 0.0 ms]
   [Code Root Purge: 0.0 ms]
   [Clear CT: 0.1 ms]
   [Other: 0.3 ms]
      [Choose CSet: 0.0 ms]
      [Ref Proc: 0.1 ms]
      [Ref Enq: 0.0 ms]
      [Redirty Cards: 0.0 ms]
      [Humongous Register: 0.0 ms]
      [Humongous Reclaim: 0.0 ms]
      [Free CSet: 0.1 ms]
   [Eden: 166.0M(166.0M)->0.0B(14.0M) Survivors: 8192.0K->11.0M Heap: 451.4M(512.0M)->287.9M(512.0M)]
 [Times: user=0.00 sys=0.00, real=0.01 secs] 
2018-03-04T00:03:36.787+0300: 36.749: [GC pause (G1 Evacuation Pause) (mixed), 0.0079585 secs]
   [Parallel Time: 7.6 ms, GC Workers: 8]
      [GC Worker Start (ms): Min: 36748.8, Avg: 36748.8, Max: 36748.9, Diff: 0.0]
      [Ext Root Scanning (ms): Min: 0.1, Avg: 0.1, Max: 0.1, Diff: 0.0, Sum: 0.8]
      [Update RS (ms): Min: 1.5, Avg: 1.7, Max: 1.9, Diff: 0.4, Sum: 13.9]
         [Processed Buffers: Min: 2, Avg: 2.9, Max: 4, Diff: 2, Sum: 23]
      [Scan RS (ms): Min: 0.0, Avg: 0.1, Max: 0.2, Diff: 0.2, Sum: 0.6]
      [Code Root Scanning (ms): Min: 0.0, Avg: 0.0, Max: 0.0, Diff: 0.0, Sum: 0.0]
      [Object Copy (ms): Min: 5.4, Avg: 5.5, Max: 5.6, Diff: 0.2, Sum: 44.0]
      [Termination (ms): Min: 0.0, Avg: 0.0, Max: 0.0, Diff: 0.0, Sum: 0.0]
         [Termination Attempts: Min: 1, Avg: 3.3, Max: 5, Diff: 4, Sum: 26]
      [GC Worker Other (ms): Min: 0.0, Avg: 0.0, Max: 0.0, Diff: 0.0, Sum: 0.1]
      [GC Worker Total (ms): Min: 7.4, Avg: 7.4, Max: 7.4, Diff: 0.0, Sum: 59.3]
      [GC Worker End (ms): Min: 36756.3, Avg: 36756.3, Max: 36756.3, Diff: 0.0]
   [Code Root Fixup: 0.0 ms]
   [Code Root Purge: 0.0 ms]
   [Clear CT: 0.1 ms]
   [Other: 0.3 ms]
      [Choose CSet: 0.0 ms]
      [Ref Proc: 0.1 ms]
      [Ref Enq: 0.0 ms]
      [Redirty Cards: 0.1 ms]
      [Humongous Register: 0.0 ms]
      [Humongous Reclaim: 0.0 ms]
      [Free CSet: 0.1 ms]
   [Eden: 14.0M(14.0M)->0.0B(167.0M) Survivors: 11.0M->4096.0K Heap: 301.9M(512.0M)->287.9M(512.0M)]
 [Times: user=0.06 sys=0.00, real=0.01 secs] 
2018-03-04T00:03:36.942+0300: 36.904: [GC pause (G1 Evacuation Pause) (young), 0.0065923 secs]
   [Parallel Time: 6.2 ms, GC Workers: 8]
      [GC Worker Start (ms): Min: 36903.8, Avg: 36903.9, Max: 36903.9, Diff: 0.0]
      [Ext Root Scanning (ms): Min: 0.1, Avg: 0.1, Max: 0.1, Diff: 0.0, Sum: 0.8]
      [Update RS (ms): Min: 1.9, Avg: 2.4, Max: 3.0, Diff: 1.1, Sum: 19.3]
         [Processed Buffers: Min: 2, Avg: 3.6, Max: 5, Diff: 3, Sum: 29]
      [Scan RS (ms): Min: 0.0, Avg: 0.0, Max: 0.1, Diff: 0.1, Sum: 0.1]
      [Code Root Scanning (ms): Min: 0.0, Avg: 0.0, Max: 0.0, Diff: 0.0, Sum: 0.0]
      [Object Copy (ms): Min: 3.0, Avg: 3.6, Max: 4.0, Diff: 1.0, Sum: 29.0]
      [Termination (ms): Min: 0.0, Avg: 0.0, Max: 0.0, Diff: 0.0, Sum: 0.0]
         [Termination Attempts: Min: 1, Avg: 30.3, Max: 40, Diff: 39, Sum: 242]
      [GC Worker Other (ms): Min: 0.0, Avg: 0.0, Max: 0.0, Diff: 0.0, Sum: 0.1]
      [GC Worker Total (ms): Min: 6.2, Avg: 6.2, Max: 6.2, Diff: 0.1, Sum: 49.4]
      [GC Worker End (ms): Min: 36910.0, Avg: 36910.0, Max: 36910.1, Diff: 0.0]
   [Code Root Fixup: 0.0 ms]
   [Code Root Purge: 0.0 ms]
   [Clear CT: 0.1 ms]
   [Other: 0.3 ms]
      [Choose CSet: 0.0 ms]
      [Ref Proc: 0.1 ms]
      [Ref Enq: 0.0 ms]
      [Redirty Cards: 0.0 ms]
      [Humongous Register: 0.0 ms]
      [Humongous Reclaim: 0.0 ms]
      [Free CSet: 0.1 ms]
   [Eden: 167.0M(167.0M)->0.0B(163.0M) Survivors: 4096.0K->6144.0K Heap: 454.9M(512.0M)->289.2M(512.0M)]
 [Times: user=0.00 sys=0.00, real=0.01 secs] 
2018-03-04T00:03:37.086+0300: 37.048: [GC pause (G1 Evacuation Pause) (young) (initial-mark), 0.0065148 secs]
   [Parallel Time: 6.1 ms, GC Workers: 8]
      [GC Worker Start (ms): Min: 37048.0, Avg: 37048.1, Max: 37048.2, Diff: 0.1]
      [Ext Root Scanning (ms): Min: 0.0, Avg: 0.1, Max: 0.2, Diff: 0.2, Sum: 1.0]
      [Update RS (ms): Min: 0.7, Avg: 1.2, Max: 1.8, Diff: 1.1, Sum: 9.7]
         [Processed Buffers: Min: 1, Avg: 1.9, Max: 3, Diff: 2, Sum: 15]
      [Scan RS (ms): Min: 0.0, Avg: 0.0, Max: 0.1, Diff: 0.0, Sum: 0.1]
      [Code Root Scanning (ms): Min: 0.0, Avg: 0.0, Max: 0.0, Diff: 0.0, Sum: 0.0]
      [Object Copy (ms): Min: 4.1, Avg: 4.7, Max: 5.1, Diff: 1.1, Sum: 37.5]
      [Termination (ms): Min: 0.0, Avg: 0.0, Max: 0.0, Diff: 0.0, Sum: 0.0]
         [Termination Attempts: Min: 1, Avg: 1.0, Max: 1, Diff: 0, Sum: 8]
      [GC Worker Other (ms): Min: 0.0, Avg: 0.0, Max: 0.0, Diff: 0.0, Sum: 0.1]
      [GC Worker Total (ms): Min: 5.9, Avg: 6.1, Max: 6.1, Diff: 0.1, Sum: 48.5]
      [GC Worker End (ms): Min: 37054.1, Avg: 37054.1, Max: 37054.1, Diff: 0.0]
   [Code Root Fixup: 0.0 ms]
   [Code Root Purge: 0.0 ms]
   [Clear CT: 0.1 ms]
   [Other: 0.3 ms]
      [Choose CSet: 0.0 ms]
      [Ref Proc: 0.1 ms]
      [Ref Enq: 0.0 ms]
      [Redirty Cards: 0.1 ms]
      [Humongous Register: 0.0 ms]
      [Humongous Reclaim: 0.0 ms]
      [Free CSet: 0.1 ms]
   [Eden: 163.0M(163.0M)->0.0B(159.0M) Survivors: 6144.0K->8192.0K Heap: 452.2M(512.0M)->291.7M(512.0M)]
 [Times: user=0.13 sys=0.00, real=0.01 secs] 
2018-03-04T00:03:37.093+0300: 37.055: [GC concurrent-root-region-scan-start]
2018-03-04T00:03:37.096+0300: 37.057: [GC concurrent-root-region-scan-end, 0.0023671 secs]
2018-03-04T00:03:37.096+0300: 37.057: [GC concurrent-mark-start]
2018-03-04T00:03:37.792+0300: 37.754: [GC pause (G1 Evacuation Pause) (young), 0.0076058 secs]
   [Parallel Time: 7.2 ms, GC Workers: 8]
      [GC Worker Start (ms): Min: 37754.2, Avg: 37754.3, Max: 37754.4, Diff: 0.2]
      [Ext Root Scanning (ms): Min: 0.0, Avg: 0.1, Max: 0.2, Diff: 0.2, Sum: 0.8]
      [Update RS (ms): Min: 1.0, Avg: 1.5, Max: 2.1, Diff: 1.1, Sum: 11.8]
         [Processed Buffers: Min: 2, Avg: 2.5, Max: 3, Diff: 1, Sum: 20]
      [Scan RS (ms): Min: 0.0, Avg: 0.0, Max: 0.1, Diff: 0.1, Sum: 0.1]
      [Code Root Scanning (ms): Min: 0.0, Avg: 0.0, Max: 0.0, Diff: 0.0, Sum: 0.0]
      [Object Copy (ms): Min: 4.8, Avg: 5.5, Max: 5.9, Diff: 1.1, Sum: 43.7]
      [Termination (ms): Min: 0.0, Avg: 0.0, Max: 0.0, Diff: 0.0, Sum: 0.0]
         [Termination Attempts: Min: 1, Avg: 3.6, Max: 7, Diff: 6, Sum: 29]
      [GC Worker Other (ms): Min: 0.0, Avg: 0.0, Max: 0.0, Diff: 0.0, Sum: 0.2]
      [GC Worker Total (ms): Min: 6.9, Avg: 7.1, Max: 7.1, Diff: 0.2, Sum: 56.6]
      [GC Worker End (ms): Min: 37761.3, Avg: 37761.3, Max: 37761.3, Diff: 0.0]
   [Code Root Fixup: 0.0 ms]
   [Code Root Purge: 0.0 ms]
   [Clear CT: 0.1 ms]
   [Other: 0.4 ms]
      [Choose CSet: 0.0 ms]
      [Ref Proc: 0.1 ms]
      [Ref Enq: 0.0 ms]
      [Redirty Cards: 0.0 ms]
      [Humongous Register: 0.0 ms]
      [Humongous Reclaim: 0.0 ms]
      [Free CSet: 0.2 ms]
   [Eden: 159.0M(159.0M)->0.0B(159.0M) Survivors: 8192.0K->8192.0K Heap: 450.7M(512.0M)->291.9M(512.0M)]
 [Times: user=0.13 sys=0.00, real=0.01 secs] 
2018-03-04T00:03:37.801+0300: 37.762: [GC concurrent-mark-reset-for-overflow]
2018-03-04T00:03:37.961+0300: 37.923: [GC pause (G1 Evacuation Pause) (young), 0.0122624 secs]
   [Parallel Time: 11.9 ms, GC Workers: 8]
      [GC Worker Start (ms): Min: 37922.9, Avg: 37923.0, Max: 37923.0, Diff: 0.0]
      [Ext Root Scanning (ms): Min: 0.1, Avg: 0.1, Max: 0.1, Diff: 0.0, Sum: 0.9]
      [Update RS (ms): Min: 1.3, Avg: 2.9, Max: 10.5, Diff: 9.2, Sum: 23.6]
         [Processed Buffers: Min: 1, Avg: 2.6, Max: 3, Diff: 2, Sum: 21]
      [Scan RS (ms): Min: 0.0, Avg: 0.0, Max: 0.0, Diff: 0.0, Sum: 0.1]
      [Code Root Scanning (ms): Min: 0.0, Avg: 0.0, Max: 0.0, Diff: 0.0, Sum: 0.0]
      [Object Copy (ms): Min: 1.0, Avg: 8.2, Max: 10.1, Diff: 9.1, Sum: 65.4]
      [Termination (ms): Min: 0.0, Avg: 0.5, Max: 2.9, Diff: 2.9, Sum: 3.7]
         [Termination Attempts: Min: 1, Avg: 381.3, Max: 584, Diff: 583, Sum: 3050]
      [GC Worker Other (ms): Min: 0.1, Avg: 0.1, Max: 0.1, Diff: 0.0, Sum: 0.8]
      [GC Worker Total (ms): Min: 11.8, Avg: 11.8, Max: 11.8, Diff: 0.1, Sum: 94.4]
      [GC Worker End (ms): Min: 37934.8, Avg: 37934.8, Max: 37934.8, Diff: 0.0]
   [Code Root Fixup: 0.0 ms]
   [Code Root Purge: 0.0 ms]
   [Clear CT: 0.1 ms]
   [Other: 0.3 ms]
      [Choose CSet: 0.0 ms]
      [Ref Proc: 0.1 ms]
      [Ref Enq: 0.0 ms]
      [Redirty Cards: 0.1 ms]
      [Humongous Register: 0.0 ms]
      [Humongous Reclaim: 0.0 ms]
      [Free CSet: 0.1 ms]
   [Eden: 159.0M(159.0M)->0.0B(153.0M) Survivors: 8192.0K->11.0M Heap: 450.9M(512.0M)->294.9M(512.0M)]
 [Times: user=0.11 sys=0.00, real=0.01 secs] 
2018-03-04T00:03:38.083+0300: 38.045: [GC concurrent-mark-end, 0.9876029 secs]
2018-03-04T00:03:38.083+0300: 38.045: [GC remark 2018-03-04T00:03:38.083+0300: 38.045: [Finalize Marking, 0.0000868 secs] 2018-03-04T00:03:38.083+0300: 38.045: [GC ref-proc, 0.0001535 secs] 2018-03-04T00:03:38.083+0300: 38.045: [Unloading, 0.0004838 secs], 0.0014987 secs]
 [Times: user=0.00 sys=0.00, real=0.00 secs] 
2018-03-04T00:03:38.085+0300: 38.046: [GC cleanup 402M->402M(512M), 0.0004429 secs]
 [Times: user=0.00 sys=0.00, real=0.00 secs] 
2018-03-04T00:03:38.124+0300: 38.085: [GC pause (G1 Evacuation Pause) (young), 0.0108935 secs]
   [Parallel Time: 10.6 ms, GC Workers: 8]
      [GC Worker Start (ms): Min: 38085.4, Avg: 38085.4, Max: 38085.5, Diff: 0.1]
      [Ext Root Scanning (ms): Min: 0.0, Avg: 0.1, Max: 0.1, Diff: 0.1, Sum: 0.8]
      [Update RS (ms): Min: 1.8, Avg: 2.8, Max: 6.0, Diff: 4.2, Sum: 22.2]
         [Processed Buffers: Min: 0, Avg: 3.5, Max: 5, Diff: 5, Sum: 28]
      [Scan RS (ms): Min: 0.0, Avg: 0.0, Max: 0.0, Diff: 0.0, Sum: 0.1]
      [Code Root Scanning (ms): Min: 0.0, Avg: 0.0, Max: 0.0, Diff: 0.0, Sum: 0.0]
      [Object Copy (ms): Min: 4.4, Avg: 7.6, Max: 8.5, Diff: 4.2, Sum: 60.7]
      [Termination (ms): Min: 0.0, Avg: 0.0, Max: 0.0, Diff: 0.0, Sum: 0.0]
         [Termination Attempts: Min: 1, Avg: 29.5, Max: 43, Diff: 42, Sum: 236]
      [GC Worker Other (ms): Min: 0.0, Avg: 0.0, Max: 0.0, Diff: 0.0, Sum: 0.1]
      [GC Worker Total (ms): Min: 10.4, Avg: 10.5, Max: 10.5, Diff: 0.1, Sum: 84.0]
      [GC Worker End (ms): Min: 38095.9, Avg: 38095.9, Max: 38095.9, Diff: 0.0]
   [Code Root Fixup: 0.0 ms]
   [Code Root Purge: 0.0 ms]
   [Clear CT: 0.1 ms]
   [Other: 0.2 ms]
      [Choose CSet: 0.0 ms]
      [Ref Proc: 0.0 ms]
      [Ref Enq: 0.0 ms]
      [Redirty Cards: 0.0 ms]
      [Humongous Register: 0.0 ms]
      [Humongous Reclaim: 0.0 ms]
      [Free CSet: 0.1 ms]
   [Eden: 153.0M(153.0M)->0.0B(153.0M) Survivors: 11.0M->11.0M Heap: 447.9M(512.0M)->294.9M(512.0M)]
 [Times: user=0.00 sys=0.00, real=0.01 secs] 
2018-03-04T00:03:38.263+0300: 38.224: [GC pause (G1 Evacuation Pause) (young), 0.0116125 secs]
   [Parallel Time: 11.3 ms, GC Workers: 8]
      [GC Worker Start (ms): Min: 38224.5, Avg: 38224.5, Max: 38224.6, Diff: 0.1]
      [Ext Root Scanning (ms): Min: 0.0, Avg: 0.1, Max: 0.1, Diff: 0.1, Sum: 0.8]
      [Update RS (ms): Min: 2.1, Avg: 2.4, Max: 3.2, Diff: 1.1, Sum: 19.5]
         [Processed Buffers: Min: 3, Avg: 3.4, Max: 4, Diff: 1, Sum: 27]
      [Scan RS (ms): Min: 0.0, Avg: 0.0, Max: 0.1, Diff: 0.1, Sum: 0.1]
      [Code Root Scanning (ms): Min: 0.0, Avg: 0.0, Max: 0.0, Diff: 0.0, Sum: 0.0]
      [Object Copy (ms): Min: 7.9, Avg: 8.6, Max: 9.0, Diff: 1.0, Sum: 69.0]
      [Termination (ms): Min: 0.0, Avg: 0.0, Max: 0.0, Diff: 0.0, Sum: 0.1]
         [Termination Attempts: Min: 1, Avg: 57.8, Max: 77, Diff: 76, Sum: 462]
      [GC Worker Other (ms): Min: 0.0, Avg: 0.0, Max: 0.0, Diff: 0.0, Sum: 0.1]
      [GC Worker Total (ms): Min: 11.1, Avg: 11.2, Max: 11.2, Diff: 0.1, Sum: 89.5]
      [GC Worker End (ms): Min: 38235.7, Avg: 38235.7, Max: 38235.7, Diff: 0.0]
   [Code Root Fixup: 0.0 ms]
   [Code Root Purge: 0.0 ms]
   [Clear CT: 0.1 ms]
   [Other: 0.3 ms]
      [Choose CSet: 0.0 ms]
      [Ref Proc: 0.1 ms]
      [Ref Enq: 0.0 ms]
      [Redirty Cards: 0.0 ms]
      [Humongous Register: 0.0 ms]
      [Humongous Reclaim: 0.0 ms]
      [Free CSet: 0.1 ms]
   [Eden: 153.0M(153.0M)->0.0B(147.0M) Survivors: 11.0M->14.0M Heap: 447.9M(512.0M)->297.4M(512.0M)]
 [Times: user=0.13 sys=0.00, real=0.01 secs] 
2018-03-04T00:03:38.397+0300: 38.359: [GC pause (G1 Evacuation Pause) (young) (initial-mark), 0.0127456 secs]
   [Parallel Time: 12.4 ms, GC Workers: 8]
      [GC Worker Start (ms): Min: 38358.7, Avg: 38358.8, Max: 38358.8, Diff: 0.1]
      [Ext Root Scanning (ms): Min: 0.1, Avg: 0.1, Max: 0.2, Diff: 0.1, Sum: 1.0]
      [Update RS (ms): Min: 2.3, Avg: 2.7, Max: 3.3, Diff: 1.0, Sum: 21.4]
         [Processed Buffers: Min: 3, Avg: 4.0, Max: 6, Diff: 3, Sum: 32]
      [Scan RS (ms): Min: 0.0, Avg: 0.0, Max: 0.0, Diff: 0.0, Sum: 0.1]
      [Code Root Scanning (ms): Min: 0.0, Avg: 0.0, Max: 0.0, Diff: 0.0, Sum: 0.0]
      [Object Copy (ms): Min: 8.8, Avg: 9.4, Max: 9.8, Diff: 1.0, Sum: 75.3]
      [Termination (ms): Min: 0.0, Avg: 0.0, Max: 0.0, Diff: 0.0, Sum: 0.2]
         [Termination Attempts: Min: 1, Avg: 133.6, Max: 167, Diff: 166, Sum: 1069]
      [GC Worker Other (ms): Min: 0.0, Avg: 0.0, Max: 0.0, Diff: 0.0, Sum: 0.2]
      [GC Worker Total (ms): Min: 12.2, Avg: 12.3, Max: 12.3, Diff: 0.1, Sum: 98.1]
      [GC Worker End (ms): Min: 38371.0, Avg: 38371.0, Max: 38371.1, Diff: 0.0]
   [Code Root Fixup: 0.0 ms]
   [Code Root Purge: 0.0 ms]
   [Clear CT: 0.1 ms]
   [Other: 0.3 ms]
      [Choose CSet: 0.0 ms]
      [Ref Proc: 0.1 ms]
      [Ref Enq: 0.0 ms]
      [Redirty Cards: 0.0 ms]
      [Humongous Register: 0.0 ms]
      [Humongous Reclaim: 0.0 ms]
      [Free CSet: 0.1 ms]
   [Eden: 147.0M(147.0M)->0.0B(148.0M) Survivors: 14.0M->13.0M Heap: 444.4M(512.0M)->298.6M(512.0M)]
 [Times: user=0.13 sys=0.00, real=0.01 secs] 
2018-03-04T00:03:38.410+0300: 38.372: [GC concurrent-root-region-scan-start]
2018-03-04T00:03:38.415+0300: 38.377: [GC concurrent-root-region-scan-end, 0.0049373 secs]
2018-03-04T00:03:38.415+0300: 38.377: [GC concurrent-mark-start]
2018-03-04T00:03:39.083+0300: 39.045: [GC pause (G1 Humongous Allocation) (young), 0.0119569 secs]
   [Parallel Time: 11.6 ms, GC Workers: 8]
      [GC Worker Start (ms): Min: 39044.6, Avg: 39044.6, Max: 39044.7, Diff: 0.0]
      [Ext Root Scanning (ms): Min: 0.1, Avg: 0.1, Max: 0.1, Diff: 0.0, Sum: 0.8]
      [Update RS (ms): Min: 2.5, Avg: 2.8, Max: 3.6, Diff: 1.0, Sum: 22.4]
         [Processed Buffers: Min: 2, Avg: 4.3, Max: 6, Diff: 4, Sum: 34]
      [Scan RS (ms): Min: 0.0, Avg: 0.0, Max: 0.0, Diff: 0.0, Sum: 0.1]
      [Code Root Scanning (ms): Min: 0.0, Avg: 0.0, Max: 0.0, Diff: 0.0, Sum: 0.0]
      [Object Copy (ms): Min: 7.9, Avg: 8.6, Max: 8.9, Diff: 1.0, Sum: 69.0]
      [Termination (ms): Min: 0.0, Avg: 0.0, Max: 0.0, Diff: 0.0, Sum: 0.1]
         [Termination Attempts: Min: 1, Avg: 95.6, Max: 124, Diff: 123, Sum: 765]
      [GC Worker Other (ms): Min: 0.0, Avg: 0.0, Max: 0.0, Diff: 0.0, Sum: 0.1]
      [GC Worker Total (ms): Min: 11.6, Avg: 11.6, Max: 11.6, Diff: 0.0, Sum: 92.6]
      [GC Worker End (ms): Min: 39056.2, Avg: 39056.2, Max: 39056.2, Diff: 0.0]
   [Code Root Fixup: 0.0 ms]
   [Code Root Purge: 0.0 ms]
   [Clear CT: 0.1 ms]
   [Other: 0.3 ms]
      [Choose CSet: 0.0 ms]
      [Ref Proc: 0.1 ms]
      [Ref Enq: 0.0 ms]
      [Redirty Cards: 0.0 ms]
      [Humongous Register: 0.0 ms]
      [Humongous Reclaim: 0.0 ms]
      [Free CSet: 0.1 ms]
   [Eden: 76.0M(148.0M)->0.0B(147.0M) Survivors: 13.0M->12.0M Heap: 374.6M(512.0M)->300.1M(512.0M)]
 [Times: user=0.13 sys=0.00, real=0.01 secs] 
2018-03-04T00:03:39.095+0300: 39.057: [GC concurrent-mark-reset-for-overflow]
2018-03-04T00:03:39.096+0300: 39.057: [Full GC (Allocation Failure)  300M->264M(512M), 0.7623228 secs]
   [Eden: 1024.0K(147.0M)->0.0B(193.0M) Survivors: 12.0M->0.0B Heap: 300.1M(512.0M)->264.8M(512.0M)], [Metaspace: 4843K->4843K(1056768K)]
 [Times: user=1.05 sys=0.02, real=0.76 secs] 
2018-03-04T00:03:39.858+0300: 39.819: [GC concurrent-mark-abort]
2018-03-04T00:03:40.024+0300: 39.986: [GC pause (G1 Evacuation Pause) (young) (to-space exhausted), 0.1851518 secs]
   [Parallel Time: 79.2 ms, GC Workers: 8]
      [GC Worker Start (ms): Min: 39986.0, Avg: 39986.0, Max: 39986.0, Diff: 0.0]
      [Ext Root Scanning (ms): Min: 0.1, Avg: 0.1, Max: 0.1, Diff: 0.0, Sum: 0.8]
      [Update RS (ms): Min: 9.6, Avg: 10.2, Max: 10.8, Diff: 1.2, Sum: 81.3]
         [Processed Buffers: Min: 13, Avg: 13.4, Max: 14, Diff: 1, Sum: 107]
      [Scan RS (ms): Min: 0.0, Avg: 0.0, Max: 0.1, Diff: 0.1, Sum: 0.1]
      [Code Root Scanning (ms): Min: 0.0, Avg: 0.0, Max: 0.0, Diff: 0.0, Sum: 0.0]
      [Object Copy (ms): Min: 68.2, Avg: 68.9, Max: 69.3, Diff: 1.1, Sum: 550.9]
      [Termination (ms): Min: 0.0, Avg: 0.0, Max: 0.0, Diff: 0.0, Sum: 0.1]
         [Termination Attempts: Min: 1, Avg: 1.1, Max: 2, Diff: 1, Sum: 9]
      [GC Worker Other (ms): Min: 0.0, Avg: 0.0, Max: 0.0, Diff: 0.0, Sum: 0.1]
      [GC Worker Total (ms): Min: 79.1, Avg: 79.2, Max: 79.2, Diff: 0.0, Sum: 633.3]
      [GC Worker End (ms): Min: 40065.2, Avg: 40065.2, Max: 40065.2, Diff: 0.0]
   [Code Root Fixup: 0.0 ms]
   [Code Root Purge: 0.0 ms]
   [Clear CT: 0.1 ms]
   [Other: 105.8 ms]
      [Evacuation Failure: 105.6 ms]
      [Choose CSet: 0.0 ms]
      [Ref Proc: 0.1 ms]
      [Ref Enq: 0.0 ms]
      [Redirty Cards: 0.1 ms]
      [Humongous Register: 0.0 ms]
      [Humongous Reclaim: 0.0 ms]
      [Free CSet: 0.1 ms]
   [Eden: 167.0M(193.0M)->0.0B(25.0M) Survivors: 0.0B->0.0B Heap: 511.0M(512.0M)->511.0M(512.0M)]
 [Times: user=1.06 sys=0.06, real=0.19 secs] 
2018-03-04T00:03:40.210+0300: 40.171: [GC pause (G1 Evacuation Pause) (young) (initial-mark), 0.0008317 secs]
   [Parallel Time: 0.6 ms, GC Workers: 8]
      [GC Worker Start (ms): Min: 40171.5, Avg: 40171.5, Max: 40171.5, Diff: 0.0]
      [Ext Root Scanning (ms): Min: 0.1, Avg: 0.1, Max: 0.1, Diff: 0.0, Sum: 1.1]
      [Update RS (ms): Min: 0.3, Avg: 0.4, Max: 0.4, Diff: 0.0, Sum: 2.8]
         [Processed Buffers: Min: 1, Avg: 1.9, Max: 3, Diff: 2, Sum: 15]
      [Scan RS (ms): Min: 0.0, Avg: 0.0, Max: 0.0, Diff: 0.0, Sum: 0.0]
      [Code Root Scanning (ms): Min: 0.0, Avg: 0.0, Max: 0.0, Diff: 0.0, Sum: 0.0]
      [Object Copy (ms): Min: 0.0, Avg: 0.0, Max: 0.0, Diff: 0.0, Sum: 0.0]
      [Termination (ms): Min: 0.0, Avg: 0.0, Max: 0.0, Diff: 0.0, Sum: 0.1]
         [Termination Attempts: Min: 1, Avg: 1.0, Max: 1, Diff: 0, Sum: 8]
      [GC Worker Other (ms): Min: 0.0, Avg: 0.0, Max: 0.0, Diff: 0.0, Sum: 0.0]
      [GC Worker Total (ms): Min: 0.5, Avg: 0.5, Max: 0.5, Diff: 0.0, Sum: 4.1]
      [GC Worker End (ms): Min: 40172.0, Avg: 40172.0, Max: 40172.0, Diff: 0.0]
   [Code Root Fixup: 0.0 ms]
   [Code Root Purge: 0.0 ms]
   [Clear CT: 0.1 ms]
   [Other: 0.2 ms]
      [Choose CSet: 0.0 ms]
      [Ref Proc: 0.1 ms]
      [Ref Enq: 0.0 ms]
      [Redirty Cards: 0.1 ms]
      [Humongous Register: 0.0 ms]
      [Humongous Reclaim: 0.0 ms]
      [Free CSet: 0.0 ms]
   [Eden: 0.0B(25.0M)->0.0B(25.0M) Survivors: 0.0B->0.0B Heap: 511.0M(512.0M)->511.0M(512.0M)]
 [Times: user=0.00 sys=0.00, real=0.00 secs] 
2018-03-04T00:03:40.211+0300: 40.172: [GC concurrent-root-region-scan-start]
2018-03-04T00:03:40.211+0300: 40.172: [GC concurrent-root-region-scan-end, 0.0000072 secs]
2018-03-04T00:03:40.211+0300: 40.172: [GC concurrent-mark-start]
2018-03-04T00:03:40.211+0300: 40.172: [Full GC (Allocation Failure)  511M->292M(512M), 0.8213774 secs]
   [Eden: 0.0B(25.0M)->0.0B(164.0M) Survivors: 0.0B->0.0B Heap: 511.0M(512.0M)->292.8M(512.0M)], [Metaspace: 4843K->4837K(1056768K)]
 [Times: user=1.16 sys=0.00, real=0.82 secs] 
2018-03-04T00:03:41.033+0300: 40.994: [GC concurrent-mark-abort]
2018-03-04T00:03:42.177+0300: 42.139: [GC pause (G1 Evacuation Pause) (young), 0.0038547 secs]
   [Parallel Time: 3.5 ms, GC Workers: 8]
      [GC Worker Start (ms): Min: 42139.1, Avg: 42139.1, Max: 42139.2, Diff: 0.0]
      [Ext Root Scanning (ms): Min: 0.1, Avg: 0.1, Max: 0.1, Diff: 0.0, Sum: 1.0]
      [Update RS (ms): Min: 0.0, Avg: 0.6, Max: 1.5, Diff: 1.5, Sum: 4.7]
         [Processed Buffers: Min: 0, Avg: 0.8, Max: 2, Diff: 2, Sum: 6]
      [Scan RS (ms): Min: 0.0, Avg: 0.0, Max: 0.0, Diff: 0.0, Sum: 0.1]
      [Code Root Scanning (ms): Min: 0.0, Avg: 0.0, Max: 0.0, Diff: 0.0, Sum: 0.0]
      [Object Copy (ms): Min: 1.8, Avg: 2.7, Max: 3.3, Diff: 1.4, Sum: 21.5]
      [Termination (ms): Min: 0.0, Avg: 0.0, Max: 0.0, Diff: 0.0, Sum: 0.0]
         [Termination Attempts: Min: 1, Avg: 19.5, Max: 28, Diff: 27, Sum: 156]
      [GC Worker Other (ms): Min: 0.0, Avg: 0.0, Max: 0.0, Diff: 0.0, Sum: 0.1]
      [GC Worker Total (ms): Min: 3.4, Avg: 3.4, Max: 3.4, Diff: 0.0, Sum: 27.4]
      [GC Worker End (ms): Min: 42142.6, Avg: 42142.6, Max: 42142.6, Diff: 0.0]
   [Code Root Fixup: 0.0 ms]
   [Code Root Purge: 0.0 ms]
   [Clear CT: 0.1 ms]
   [Other: 0.3 ms]
      [Choose CSet: 0.0 ms]
      [Ref Proc: 0.1 ms]
      [Ref Enq: 0.0 ms]
      [Redirty Cards: 0.0 ms]
      [Humongous Register: 0.0 ms]
      [Humongous Reclaim: 0.0 ms]
      [Free CSet: 0.1 ms]
   [Eden: 164.0M(164.0M)->0.0B(162.0M) Survivors: 0.0B->2048.0K Heap: 456.8M(512.0M)->294.7M(512.0M)]
 [Times: user=0.00 sys=0.00, real=0.00 secs] 
2018-03-04T00:03:42.320+0300: 42.282: [GC pause (G1 Evacuation Pause) (young) (initial-mark), 0.0050061 secs]
   [Parallel Time: 4.7 ms, GC Workers: 8]
      [GC Worker Start (ms): Min: 42281.6, Avg: 42281.7, Max: 42281.8, Diff: 0.1]
      [Ext Root Scanning (ms): Min: 0.1, Avg: 0.7, Max: 4.6, Diff: 4.5, Sum: 5.5]
      [Update RS (ms): Min: 0.0, Avg: 0.8, Max: 1.5, Diff: 1.5, Sum: 6.3]
         [Processed Buffers: Min: 0, Avg: 1.6, Max: 2, Diff: 2, Sum: 13]
      [Scan RS (ms): Min: 0.0, Avg: 0.0, Max: 0.0, Diff: 0.0, Sum: 0.1]
      [Code Root Scanning (ms): Min: 0.0, Avg: 0.0, Max: 0.0, Diff: 0.0, Sum: 0.0]
      [Object Copy (ms): Min: 0.0, Avg: 3.1, Max: 4.0, Diff: 4.0, Sum: 24.5]
      [Termination (ms): Min: 0.0, Avg: 0.0, Max: 0.1, Diff: 0.1, Sum: 0.4]
         [Termination Attempts: Min: 1, Avg: 1.1, Max: 2, Diff: 1, Sum: 9]
      [GC Worker Other (ms): Min: 0.0, Avg: 0.0, Max: 0.0, Diff: 0.0, Sum: 0.1]
      [GC Worker Total (ms): Min: 4.5, Avg: 4.6, Max: 4.7, Diff: 0.1, Sum: 36.9]
      [GC Worker End (ms): Min: 42286.3, Avg: 42286.3, Max: 42286.3, Diff: 0.0]
   [Code Root Fixup: 0.0 ms]
   [Code Root Purge: 0.0 ms]
   [Clear CT: 0.1 ms]
   [Other: 0.3 ms]
      [Choose CSet: 0.0 ms]
      [Ref Proc: 0.1 ms]
      [Ref Enq: 0.0 ms]
      [Redirty Cards: 0.0 ms]
      [Humongous Register: 0.0 ms]
      [Humongous Reclaim: 0.0 ms]
      [Free CSet: 0.1 ms]
   [Eden: 162.0M(162.0M)->0.0B(156.0M) Survivors: 2048.0K->5120.0K Heap: 456.7M(512.0M)->297.1M(512.0M)]
 [Times: user=0.00 sys=0.00, real=0.01 secs] 
2018-03-04T00:03:42.325+0300: 42.287: [GC concurrent-root-region-scan-start]
2018-03-04T00:03:42.327+0300: 42.289: [GC concurrent-root-region-scan-end, 0.0017364 secs]
2018-03-04T00:03:42.327+0300: 42.289: [GC concurrent-mark-start]
2018-03-04T00:03:43.110+0300: 43.072: [GC pause (G1 Evacuation Pause) (young), 0.0064595 secs]
   [Parallel Time: 6.1 ms, GC Workers: 8]
      [GC Worker Start (ms): Min: 43071.8, Avg: 43071.8, Max: 43071.9, Diff: 0.1]
      [Ext Root Scanning (ms): Min: 0.1, Avg: 0.1, Max: 0.2, Diff: 0.1, Sum: 0.9]
      [Update RS (ms): Min: 0.8, Avg: 1.1, Max: 1.9, Diff: 1.1, Sum: 8.9]
         [Processed Buffers: Min: 1, Avg: 1.8, Max: 3, Diff: 2, Sum: 14]
      [Scan RS (ms): Min: 0.0, Avg: 0.0, Max: 0.0, Diff: 0.0, Sum: 0.1]
      [Code Root Scanning (ms): Min: 0.0, Avg: 0.0, Max: 0.0, Diff: 0.0, Sum: 0.0]
      [Object Copy (ms): Min: 4.0, Avg: 4.7, Max: 5.1, Diff: 1.1, Sum: 38.0]
      [Termination (ms): Min: 0.0, Avg: 0.0, Max: 0.0, Diff: 0.0, Sum: 0.0]
         [Termination Attempts: Min: 1, Avg: 17.3, Max: 28, Diff: 27, Sum: 138]
      [GC Worker Other (ms): Min: 0.0, Avg: 0.0, Max: 0.0, Diff: 0.0, Sum: 0.1]
      [GC Worker Total (ms): Min: 6.0, Avg: 6.0, Max: 6.0, Diff: 0.1, Sum: 48.1]
      [GC Worker End (ms): Min: 43077.8, Avg: 43077.8, Max: 43077.8, Diff: 0.0]
   [Code Root Fixup: 0.0 ms]
   [Code Root Purge: 0.0 ms]
   [Clear CT: 0.1 ms]
   [Other: 0.3 ms]
      [Choose CSet: 0.0 ms]
      [Ref Proc: 0.1 ms]
      [Ref Enq: 0.0 ms]
      [Redirty Cards: 0.1 ms]
      [Humongous Register: 0.0 ms]
      [Humongous Reclaim: 0.0 ms]
      [Free CSet: 0.1 ms]
   [Eden: 156.0M(156.0M)->0.0B(150.0M) Survivors: 5120.0K->8192.0K Heap: 453.1M(512.0M)->300.5M(512.0M)]
 [Times: user=0.00 sys=0.00, real=0.01 secs] 
2018-03-04T00:03:43.116+0300: 43.078: [GC concurrent-mark-reset-for-overflow]
2018-03-04T00:03:43.267+0300: 43.229: [GC pause (G1 Evacuation Pause) (young), 0.0077767 secs]
   [Parallel Time: 7.4 ms, GC Workers: 8]
      [GC Worker Start (ms): Min: 43229.2, Avg: 43229.3, Max: 43229.3, Diff: 0.1]
      [Ext Root Scanning (ms): Min: 0.0, Avg: 0.1, Max: 0.1, Diff: 0.1, Sum: 0.7]
      [Update RS (ms): Min: 0.0, Avg: 1.4, Max: 2.1, Diff: 2.1, Sum: 10.9]
         [Processed Buffers: Min: 0, Avg: 2.6, Max: 5, Diff: 5, Sum: 21]
      [Scan RS (ms): Min: 0.0, Avg: 0.0, Max: 0.0, Diff: 0.0, Sum: 0.1]
      [Code Root Scanning (ms): Min: 0.0, Avg: 0.0, Max: 0.0, Diff: 0.0, Sum: 0.0]
      [Object Copy (ms): Min: 5.1, Avg: 5.8, Max: 7.2, Diff: 2.2, Sum: 46.7]
      [Termination (ms): Min: 0.0, Avg: 0.0, Max: 0.0, Diff: 0.0, Sum: 0.3]
         [Termination Attempts: Min: 1, Avg: 2.6, Max: 5, Diff: 4, Sum: 21]
      [GC Worker Other (ms): Min: 0.0, Avg: 0.0, Max: 0.0, Diff: 0.0, Sum: 0.1]
      [GC Worker Total (ms): Min: 7.3, Avg: 7.4, Max: 7.4, Diff: 0.1, Sum: 58.8]
      [GC Worker End (ms): Min: 43236.6, Avg: 43236.6, Max: 43236.6, Diff: 0.0]
   [Code Root Fixup: 0.0 ms]
   [Code Root Purge: 0.0 ms]
   [Clear CT: 0.1 ms]
   [Other: 0.3 ms]
      [Choose CSet: 0.0 ms]
      [Ref Proc: 0.1 ms]
      [Ref Enq: 0.0 ms]
      [Redirty Cards: 0.1 ms]
      [Humongous Register: 0.0 ms]
      [Humongous Reclaim: 0.0 ms]
      [Free CSet: 0.1 ms]
   [Eden: 150.0M(150.0M)->0.0B(150.0M) Survivors: 8192.0K->8192.0K Heap: 450.5M(512.0M)->300.8M(512.0M)]
 [Times: user=0.00 sys=0.00, real=0.01 secs] 
2018-03-04T00:03:43.447+0300: 43.409: [GC pause (G1 Evacuation Pause) (young), 0.0098617 secs]
   [Parallel Time: 9.5 ms, GC Workers: 8]
      [GC Worker Start (ms): Min: 43409.0, Avg: 43409.1, Max: 43409.2, Diff: 0.1]
      [Ext Root Scanning (ms): Min: 0.0, Avg: 0.1, Max: 0.1, Diff: 0.1, Sum: 0.7]
      [Update RS (ms): Min: 0.0, Avg: 1.7, Max: 2.6, Diff: 2.6, Sum: 13.3]
         [Processed Buffers: Min: 0, Avg: 2.5, Max: 4, Diff: 4, Sum: 20]
      [Scan RS (ms): Min: 0.0, Avg: 0.0, Max: 0.1, Diff: 0.1, Sum: 0.1]
      [Code Root Scanning (ms): Min: 0.0, Avg: 0.0, Max: 0.0, Diff: 0.0, Sum: 0.0]
      [Object Copy (ms): Min: 6.7, Avg: 7.6, Max: 9.3, Diff: 2.7, Sum: 61.0]
      [Termination (ms): Min: 0.0, Avg: 0.0, Max: 0.1, Diff: 0.1, Sum: 0.3]
         [Termination Attempts: Min: 1, Avg: 2.3, Max: 4, Diff: 3, Sum: 18]
      [GC Worker Other (ms): Min: 0.0, Avg: 0.0, Max: 0.0, Diff: 0.0, Sum: 0.1]
      [GC Worker Total (ms): Min: 9.3, Avg: 9.4, Max: 9.5, Diff: 0.1, Sum: 75.5]
      [GC Worker End (ms): Min: 43418.5, Avg: 43418.5, Max: 43418.5, Diff: 0.0]
   [Code Root Fixup: 0.0 ms]
   [Code Root Purge: 0.0 ms]
   [Clear CT: 0.1 ms]
   [Other: 0.3 ms]
      [Choose CSet: 0.0 ms]
      [Ref Proc: 0.0 ms]
      [Ref Enq: 0.0 ms]
      [Redirty Cards: 0.0 ms]
      [Humongous Register: 0.0 ms]
      [Humongous Reclaim: 0.0 ms]
      [Free CSet: 0.1 ms]
   [Eden: 150.0M(150.0M)->0.0B(146.0M) Survivors: 8192.0K->10.0M Heap: 450.8M(512.0M)->302.8M(512.0M)]
 [Times: user=0.09 sys=0.00, real=0.01 secs] 
2018-03-04T00:03:43.457+0300: 43.419: [GC concurrent-mark-end, 1.1305088 secs]
2018-03-04T00:03:43.457+0300: 43.419: [GC remark 2018-03-04T00:03:43.457+0300: 43.419: [Finalize Marking, 0.0000631 secs] 2018-03-04T00:03:43.457+0300: 43.419: [GC ref-proc, 0.0001385 secs] 2018-03-04T00:03:43.458+0300: 43.419: [Unloading, 0.0005441 secs], 0.0020086 secs]
 [Times: user=0.00 sys=0.00, real=0.00 secs] 
2018-03-04T00:03:43.459+0300: 43.421: [GC cleanup 303M->303M(512M), 0.0003269 secs]
 [Times: user=0.00 sys=0.00, real=0.00 secs] 
2018-03-04T00:03:43.582+0300: 43.544: [GC pause (G1 Evacuation Pause) (young), 0.0096484 secs]
   [Parallel Time: 9.3 ms, GC Workers: 8]
      [GC Worker Start (ms): Min: 43544.0, Avg: 43544.0, Max: 43544.2, Diff: 0.1]
      [Ext Root Scanning (ms): Min: 0.0, Avg: 0.1, Max: 0.1, Diff: 0.1, Sum: 0.9]
      [Update RS (ms): Min: 1.5, Avg: 1.9, Max: 2.5, Diff: 1.0, Sum: 15.4]
         [Processed Buffers: Min: 2, Avg: 2.9, Max: 4, Diff: 2, Sum: 23]
      [Scan RS (ms): Min: 0.0, Avg: 0.0, Max: 0.0, Diff: 0.0, Sum: 0.1]
      [Code Root Scanning (ms): Min: 0.0, Avg: 0.0, Max: 0.0, Diff: 0.0, Sum: 0.0]
      [Object Copy (ms): Min: 6.6, Avg: 7.1, Max: 7.5, Diff: 1.0, Sum: 57.2]
      [Termination (ms): Min: 0.0, Avg: 0.0, Max: 0.0, Diff: 0.0, Sum: 0.0]
         [Termination Attempts: Min: 1, Avg: 11.6, Max: 18, Diff: 17, Sum: 93]
      [GC Worker Other (ms): Min: 0.0, Avg: 0.0, Max: 0.0, Diff: 0.0, Sum: 0.1]
      [GC Worker Total (ms): Min: 9.1, Avg: 9.2, Max: 9.2, Diff: 0.1, Sum: 73.8]
      [GC Worker End (ms): Min: 43553.3, Avg: 43553.3, Max: 43553.3, Diff: 0.0]
   [Code Root Fixup: 0.0 ms]
   [Code Root Purge: 0.0 ms]
   [Clear CT: 0.1 ms]
   [Other: 0.3 ms]
      [Choose CSet: 0.0 ms]
      [Ref Proc: 0.1 ms]
      [Ref Enq: 0.0 ms]
      [Redirty Cards: 0.0 ms]
      [Humongous Register: 0.0 ms]
      [Humongous Reclaim: 0.0 ms]
      [Free CSet: 0.1 ms]
   [Eden: 146.0M(146.0M)->0.0B(142.0M) Survivors: 10.0M->12.0M Heap: 448.8M(512.0M)->304.8M(512.0M)]
 [Times: user=0.01 sys=0.00, real=0.01 secs] 
2018-03-04T00:03:43.710+0300: 43.672: [GC pause (G1 Evacuation Pause) (young), 0.0112105 secs]
   [Parallel Time: 10.8 ms, GC Workers: 8]
      [GC Worker Start (ms): Min: 43671.7, Avg: 43671.7, Max: 43671.7, Diff: 0.0]
      [Ext Root Scanning (ms): Min: 0.1, Avg: 0.1, Max: 0.1, Diff: 0.0, Sum: 0.8]
      [Update RS (ms): Min: 1.8, Avg: 2.4, Max: 3.2, Diff: 1.3, Sum: 19.2]
         [Processed Buffers: Min: 2, Avg: 3.5, Max: 4, Diff: 2, Sum: 28]
      [Scan RS (ms): Min: 0.0, Avg: 0.0, Max: 0.0, Diff: 0.0, Sum: 0.1]
      [Code Root Scanning (ms): Min: 0.0, Avg: 0.0, Max: 0.0, Diff: 0.0, Sum: 0.0]
      [Object Copy (ms): Min: 7.5, Avg: 8.2, Max: 8.7, Diff: 1.3, Sum: 65.8]
      [Termination (ms): Min: 0.0, Avg: 0.0, Max: 0.0, Diff: 0.0, Sum: 0.1]
         [Termination Attempts: Min: 1, Avg: 62.0, Max: 86, Diff: 85, Sum: 496]
      [GC Worker Other (ms): Min: 0.0, Avg: 0.0, Max: 0.0, Diff: 0.0, Sum: 0.2]
      [GC Worker Total (ms): Min: 10.8, Avg: 10.8, Max: 10.8, Diff: 0.0, Sum: 86.2]
      [GC Worker End (ms): Min: 43682.5, Avg: 43682.5, Max: 43682.5, Diff: 0.0]
   [Code Root Fixup: 0.0 ms]
   [Code Root Purge: 0.0 ms]
   [Clear CT: 0.1 ms]
   [Other: 0.3 ms]
      [Choose CSet: 0.0 ms]
      [Ref Proc: 0.1 ms]
      [Ref Enq: 0.0 ms]
      [Redirty Cards: 0.0 ms]
      [Humongous Register: 0.0 ms]
      [Humongous Reclaim: 0.0 ms]
      [Free CSet: 0.1 ms]
   [Eden: 142.0M(142.0M)->0.0B(142.0M) Survivors: 12.0M->12.0M Heap: 446.8M(512.0M)->304.8M(512.0M)]
 [Times: user=0.13 sys=0.00, real=0.01 secs] 
2018-03-04T00:03:43.843+0300: 43.804: [GC pause (G1 Evacuation Pause) (young) (initial-mark), 0.0117033 secs]
   [Parallel Time: 11.3 ms, GC Workers: 8]
      [GC Worker Start (ms): Min: 43804.4, Avg: 43804.5, Max: 43804.6, Diff: 0.1]
      [Ext Root Scanning (ms): Min: 0.0, Avg: 0.1, Max: 0.2, Diff: 0.1, Sum: 0.9]
      [Update RS (ms): Min: 2.1, Avg: 2.5, Max: 3.2, Diff: 1.1, Sum: 19.9]
         [Processed Buffers: Min: 3, Avg: 3.5, Max: 4, Diff: 1, Sum: 28]
      [Scan RS (ms): Min: 0.0, Avg: 0.0, Max: 0.1, Diff: 0.0, Sum: 0.1]
      [Code Root Scanning (ms): Min: 0.0, Avg: 0.0, Max: 0.0, Diff: 0.0, Sum: 0.0]
      [Object Copy (ms): Min: 7.9, Avg: 8.6, Max: 9.0, Diff: 1.0, Sum: 69.0]
      [Termination (ms): Min: 0.0, Avg: 0.0, Max: 0.0, Diff: 0.0, Sum: 0.0]
         [Termination Attempts: Min: 1, Avg: 13.6, Max: 22, Diff: 21, Sum: 109]
      [GC Worker Other (ms): Min: 0.0, Avg: 0.0, Max: 0.0, Diff: 0.0, Sum: 0.1]
      [GC Worker Total (ms): Min: 11.1, Avg: 11.3, Max: 11.3, Diff: 0.1, Sum: 90.1]
      [GC Worker End (ms): Min: 43815.7, Avg: 43815.7, Max: 43815.7, Diff: 0.0]
   [Code Root Fixup: 0.0 ms]
   [Code Root Purge: 0.0 ms]
   [Clear CT: 0.1 ms]
   [Other: 0.3 ms]
      [Choose CSet: 0.0 ms]
      [Ref Proc: 0.1 ms]
      [Ref Enq: 0.0 ms]
      [Redirty Cards: 0.0 ms]
      [Humongous Register: 0.0 ms]
      [Humongous Reclaim: 0.0 ms]
      [Free CSet: 0.1 ms]
   [Eden: 142.0M(142.0M)->0.0B(140.0M) Survivors: 12.0M->12.0M Heap: 446.8M(512.0M)->305.9M(512.0M)]
 [Times: user=0.00 sys=0.00, real=0.01 secs] 
2018-03-04T00:03:43.854+0300: 43.816: [GC concurrent-root-region-scan-start]
2018-03-04T00:03:43.858+0300: 43.820: [GC concurrent-root-region-scan-end, 0.0040380 secs]
2018-03-04T00:03:43.858+0300: 43.820: [GC concurrent-mark-start]
2018-03-04T00:03:44.639+0300: 44.601: [GC pause (G1 Evacuation Pause) (young), 0.0128246 secs]
   [Parallel Time: 12.4 ms, GC Workers: 8]
      [GC Worker Start (ms): Min: 44600.7, Avg: 44600.8, Max: 44600.9, Diff: 0.1]
      [Ext Root Scanning (ms): Min: 0.0, Avg: 0.1, Max: 0.1, Diff: 0.1, Sum: 0.8]
      [Update RS (ms): Min: 2.3, Avg: 2.7, Max: 3.5, Diff: 1.1, Sum: 22.0]
         [Processed Buffers: Min: 3, Avg: 4.1, Max: 5, Diff: 2, Sum: 33]
      [Scan RS (ms): Min: 0.0, Avg: 0.0, Max: 0.0, Diff: 0.0, Sum: 0.1]
      [Code Root Scanning (ms): Min: 0.0, Avg: 0.0, Max: 0.0, Diff: 0.0, Sum: 0.0]
      [Object Copy (ms): Min: 8.7, Avg: 9.4, Max: 9.8, Diff: 1.1, Sum: 75.3]
      [Termination (ms): Min: 0.0, Avg: 0.0, Max: 0.1, Diff: 0.1, Sum: 0.3]
         [Termination Attempts: Min: 1, Avg: 192.3, Max: 249, Diff: 248, Sum: 1538]
      [GC Worker Other (ms): Min: 0.0, Avg: 0.0, Max: 0.0, Diff: 0.0, Sum: 0.1]
      [GC Worker Total (ms): Min: 12.2, Avg: 12.3, Max: 12.4, Diff: 0.1, Sum: 98.5]
      [GC Worker End (ms): Min: 44613.1, Avg: 44613.1, Max: 44613.1, Diff: 0.0]
   [Code Root Fixup: 0.0 ms]
   [Code Root Purge: 0.0 ms]
   [Clear CT: 0.1 ms]
   [Other: 0.4 ms]
      [Choose CSet: 0.0 ms]
      [Ref Proc: 0.1 ms]
      [Ref Enq: 0.0 ms]
      [Redirty Cards: 0.1 ms]
      [Humongous Register: 0.0 ms]
      [Humongous Reclaim: 0.0 ms]
      [Free CSet: 0.1 ms]
   [Eden: 140.0M(140.0M)->0.0B(137.0M) Survivors: 12.0M->12.0M Heap: 445.9M(512.0M)->308.9M(512.0M)]
 [Times: user=0.00 sys=0.00, real=0.01 secs] 
2018-03-04T00:03:44.652+0300: 44.614: [GC concurrent-mark-reset-for-overflow]
2018-03-04T00:03:44.795+0300: 44.756: [GC pause (G1 Evacuation Pause) (young), 0.0126726 secs]
   [Parallel Time: 12.3 ms, GC Workers: 8]
      [GC Worker Start (ms): Min: 44756.4, Avg: 44756.4, Max: 44756.5, Diff: 0.1]
      [Ext Root Scanning (ms): Min: 0.0, Avg: 0.1, Max: 0.1, Diff: 0.1, Sum: 0.9]
      [Update RS (ms): Min: 2.4, Avg: 3.1, Max: 4.2, Diff: 1.8, Sum: 24.9]
         [Processed Buffers: Min: 1, Avg: 4.0, Max: 5, Diff: 4, Sum: 32]
      [Scan RS (ms): Min: 0.0, Avg: 0.0, Max: 0.0, Diff: 0.0, Sum: 0.1]
      [Code Root Scanning (ms): Min: 0.0, Avg: 0.0, Max: 0.0, Diff: 0.0, Sum: 0.0]
      [Object Copy (ms): Min: 7.9, Avg: 9.0, Max: 9.6, Diff: 1.7, Sum: 71.6]
      [Termination (ms): Min: 0.0, Avg: 0.0, Max: 0.0, Diff: 0.0, Sum: 0.1]
         [Termination Attempts: Min: 1, Avg: 52.8, Max: 69, Diff: 68, Sum: 422]
      [GC Worker Other (ms): Min: 0.0, Avg: 0.0, Max: 0.0, Diff: 0.0, Sum: 0.2]
      [GC Worker Total (ms): Min: 12.1, Avg: 12.2, Max: 12.2, Diff: 0.1, Sum: 97.7]
      [GC Worker End (ms): Min: 44768.6, Avg: 44768.6, Max: 44768.6, Diff: 0.0]
   [Code Root Fixup: 0.0 ms]
   [Code Root Purge: 0.0 ms]
   [Clear CT: 0.1 ms]
   [Other: 0.3 ms]
      [Choose CSet: 0.0 ms]
      [Ref Proc: 0.0 ms]
      [Ref Enq: 0.0 ms]
      [Redirty Cards: 0.1 ms]
      [Humongous Register: 0.0 ms]
      [Humongous Reclaim: 0.0 ms]
      [Free CSet: 0.1 ms]
   [Eden: 137.0M(137.0M)->0.0B(135.0M) Survivors: 12.0M->12.0M Heap: 445.9M(512.0M)->311.2M(512.0M)]
 [Times: user=0.11 sys=0.00, real=0.01 secs] 
2018-03-04T00:03:44.977+0300: 44.938: [GC concurrent-mark-end, 1.1182112 secs]
2018-03-04T00:03:44.977+0300: 44.939: [GC remark 2018-03-04T00:03:44.977+0300: 44.939: [Finalize Marking, 0.0000802 secs] 2018-03-04T00:03:44.977+0300: 44.939: [GC ref-proc, 0.0001379 secs] 2018-03-04T00:03:44.977+0300: 44.939: [Unloading, 0.0004690 secs], 0.0018335 secs]
 [Times: user=0.00 sys=0.00, real=0.00 secs] 
2018-03-04T00:03:44.979+0300: 44.941: [GC cleanup 420M->420M(512M), 0.0003215 secs]
 [Times: user=0.00 sys=0.00, real=0.00 secs] 
Heap
 garbage-first heap   total 524288K, used 429211K [0x00000000e0000000, 0x00000000e0101000, 0x0000000100000000)
  region size 1024K, 121 young (123904K), 12 survivors (12288K)
 Metaspace       used 5285K, capacity 5458K, committed 5632K, reserved 1056768K
  class space    used 615K, capacity 657K, committed 768K, reserved 1048576K
